Component: Arm Compiler for Embedded 6.18 Tool: armlink [5e4cc100]

==============================================================================

Section Cross References

    system_mm32spin028x.o(.text.SystemInit) refers to system_mm32spin028x.o(.text.SetSysClock) for SetSysClock
    system_mm32spin028x.o(.ARM.exidx.text.SystemInit) refers to system_mm32spin028x.o(.text.SystemInit) for [Anonymous Symbol]
    system_mm32spin028x.o(.text.SetSysClock) refers to system_mm32spin028x.o(.text.SetSysClockToXX_HSI) for SetSysClockToXX_HSI
    system_mm32spin028x.o(.ARM.exidx.text.SetSysClock) refers to system_mm32spin028x.o(.text.SetSysClock) for [Anonymous Symbol]
    system_mm32spin028x.o(.text.AutoCalPllFactor) refers to aeabi_sdiv.o(.text) for __aeabi_uidiv
    system_mm32spin028x.o(.ARM.exidx.text.AutoCalPllFactor) refers to system_mm32spin028x.o(.text.AutoCalPllFactor) for [Anonymous Symbol]
    system_mm32spin028x.o(.text.SetSysClockToXX_HSI) refers to aeabi_sdiv.o(.text) for __aeabi_uidiv
    system_mm32spin028x.o(.text.SetSysClockToXX_HSI) refers to system_mm32spin028x.o(.text.AutoCalPllFactor) for AutoCalPllFactor
    system_mm32spin028x.o(.text.SetSysClockToXX_HSI) refers to system_mm32spin028x.o(.text.DELAY_xUs) for DELAY_xUs
    system_mm32spin028x.o(.text.SetSysClockToXX_HSI) refers to system_mm32spin028x.o(.data.SystemCoreClock) for SystemCoreClock
    system_mm32spin028x.o(.ARM.exidx.text.SetSysClockToXX_HSI) refers to system_mm32spin028x.o(.text.SetSysClockToXX_HSI) for [Anonymous Symbol]
    system_mm32spin028x.o(.ARM.exidx.text.DELAY_xUs) refers to system_mm32spin028x.o(.text.DELAY_xUs) for [Anonymous Symbol]
    startup_mm32spin028x_keil.o(STACK) refers (Special) to heapauxi.o(.text) for __use_two_region_memory
    startup_mm32spin028x_keil.o(HEAP) refers (Special) to heapauxi.o(.text) for __use_two_region_memory
    startup_mm32spin028x_keil.o(RESET) refers (Special) to heapauxi.o(.text) for __use_two_region_memory
    startup_mm32spin028x_keil.o(RESET) refers to startup_mm32spin028x_keil.o(STACK) for __initial_sp
    startup_mm32spin028x_keil.o(RESET) refers to startup_mm32spin028x_keil.o(.text) for Reset_Handler
    startup_mm32spin028x_keil.o(RESET) refers to systick.o(.text.SysTick_Handler) for SysTick_Handler
    startup_mm32spin028x_keil.o(RESET) refers to main.o(.text.DMA1_Channel1_IRQHandler) for DMA1_Channel1_IRQHandler
    startup_mm32spin028x_keil.o(RESET) refers to main.o(.text.TIM2_IRQHandler) for TIM2_IRQHandler
    startup_mm32spin028x_keil.o(.text) refers (Special) to heapauxi.o(.text) for __use_two_region_memory
    startup_mm32spin028x_keil.o(.text) refers to startup_mm32spin028x_keil.o(STACK) for __initial_sp
    startup_mm32spin028x_keil.o(.text) refers to system_mm32spin028x.o(.text.SystemInit) for SystemInit
    startup_mm32spin028x_keil.o(.text) refers to __main.o(!!!main) for __main
    startup_mm32spin028x_keil.o(.text) refers to startup_mm32spin028x_keil.o(HEAP) for Heap_Mem
    hal_adc.o(.text.ADC_DeInit) refers to hal_rcc.o(.text.exRCC_APB2PeriphReset) for exRCC_APB2PeriphReset
    hal_adc.o(.ARM.exidx.text.ADC_DeInit) refers to hal_adc.o(.text.ADC_DeInit) for [Anonymous Symbol]
    hal_adc.o(.ARM.exidx.text.ADC_Init) refers to hal_adc.o(.text.ADC_Init) for [Anonymous Symbol]
    hal_adc.o(.ARM.exidx.text.ADC_StructInit) refers to hal_adc.o(.text.ADC_StructInit) for [Anonymous Symbol]
    hal_adc.o(.ARM.exidx.text.ADC_Cmd) refers to hal_adc.o(.text.ADC_Cmd) for [Anonymous Symbol]
    hal_adc.o(.ARM.exidx.text.ADC_DMACmd) refers to hal_adc.o(.text.ADC_DMACmd) for [Anonymous Symbol]
    hal_adc.o(.ARM.exidx.text.ADC_ITConfig) refers to hal_adc.o(.text.ADC_ITConfig) for [Anonymous Symbol]
    hal_adc.o(.ARM.exidx.text.ADC_SoftwareStartConvCmd) refers to hal_adc.o(.text.ADC_SoftwareStartConvCmd) for [Anonymous Symbol]
    hal_adc.o(.ARM.exidx.text.ADC_GetSoftwareStartConvStatus) refers to hal_adc.o(.text.ADC_GetSoftwareStartConvStatus) for [Anonymous Symbol]
    hal_adc.o(.text.ADC_RegularChannelConfig) refers to hal_adc.o(.text.ADC_TempSensorVrefintCmd) for ADC_TempSensorVrefintCmd
    hal_adc.o(.ARM.exidx.text.ADC_RegularChannelConfig) refers to hal_adc.o(.text.ADC_RegularChannelConfig) for [Anonymous Symbol]
    hal_adc.o(.ARM.exidx.text.ADC_TempSensorVrefintCmd) refers to hal_adc.o(.text.ADC_TempSensorVrefintCmd) for [Anonymous Symbol]
    hal_adc.o(.ARM.exidx.text.ADC_ExternalTrigConvCmd) refers to hal_adc.o(.text.ADC_ExternalTrigConvCmd) for [Anonymous Symbol]
    hal_adc.o(.ARM.exidx.text.ADC_ExternalTrigConvConfig) refers to hal_adc.o(.text.ADC_ExternalTrigConvConfig) for [Anonymous Symbol]
    hal_adc.o(.ARM.exidx.text.ADC_GetConversionValue) refers to hal_adc.o(.text.ADC_GetConversionValue) for [Anonymous Symbol]
    hal_adc.o(.ARM.exidx.text.ADC_GetDualModeConversionValue) refers to hal_adc.o(.text.ADC_GetDualModeConversionValue) for [Anonymous Symbol]
[...]
    __arm_cp.3_0                             0x080021bc   Number         4  neopixel_animation.o(.text.NextColor)
    __arm_cp.3_1                             0x080021c0   Number         4  neopixel_animation.o(.text.NextColor)
    __arm_cp.3_2                             0x080021c4   Number         4  neopixel_animation.o(.text.NextColor)
    __arm_cp.3_3                             0x080021c8   Number         4  neopixel_animation.o(.text.NextColor)
    PWM_DMA_IRQ_Init                         0x080021cd   Thumb Code    44  pwm_dma.o(.text.PWM_DMA_IRQ_Init)
    [Anonymous Symbol]                       0x080021cc   Section        0  pwm_dma.o(.text.PWM_DMA_IRQ_Init)
    [Anonymous Symbol]                       0x080021f8   Section        0  pwm_dma.o(.text.PWM_DMA_Init)
    PWM_DMA_Init_Internal                    0x0800220d   Thumb Code    92  pwm_dma.o(.text.PWM_DMA_Init_Internal)
    [Anonymous Symbol]                       0x0800220c   Section        0  pwm_dma.o(.text.PWM_DMA_Init_Internal)
    __arm_cp.4_2                             0x08002268   Number         4  pwm_dma.o(.text.PWM_DMA_Init_Internal)
    [Anonymous Symbol]                       0x0800226c   Section        0  pwm_dma.o(.text.PWM_DMA_Start)
    [Anonymous Symbol]                       0x080022c0   Section        0  pwm_dma.o(.text.PWM_DMA_Stop)
    __arm_cp.6_0                             0x080022f8   Number         4  pwm_dma.o(.text.PWM_DMA_Stop)
    PWM_GPIO_Init                            0x080022fd   Thumb Code    50  pwm_dma.o(.text.PWM_GPIO_Init)
    [Anonymous Symbol]                       0x080022fc   Section        0  pwm_dma.o(.text.PWM_GPIO_Init)
    PWM_Timer_Init                           0x08002331   Thumb Code   140  pwm_dma.o(.text.PWM_Timer_Init)
    [Anonymous Symbol]                       0x08002330   Section        0  pwm_dma.o(.text.PWM_Timer_Init)
    __arm_cp.3_0                             0x080023bc   Number         4  pwm_dma.o(.text.PWM_Timer_Init)
    __arm_cp.3_1                             0x080023c0   Number         4  pwm_dma.o(.text.PWM_Timer_Init)
    [Anonymous Symbol]                       0x080023c4   Section        0  hal_rcc.o(.text.RCC_AHBPeriphClockCmd)
    [Anonymous Symbol]                       0x080023f0   Section        0  hal_rcc.o(.text.RCC_APB1PeriphClockCmd)
    __arm_cp.23_0                            0x0800241c   Number         4  hal_rcc.o(.text.RCC_APB1PeriphClockCmd)
    [Anonymous Symbol]                       0x08002420   Section        0  hal_rcc.o(.text.RCC_APB2PeriphClockCmd)
    __arm_cp.22_0                            0x0800244c   Number         4  hal_rcc.o(.text.RCC_APB2PeriphClockCmd)
    [Anonymous Symbol]                       0x08002450   Section        0  hal_rcc.o(.text.RCC_DMA_ClockCmd)
    __arm_cp.48_0                            0x0800248c   Number         4  hal_rcc.o(.text.RCC_DMA_ClockCmd)
    [Anonymous Symbol]                       0x08002490   Section        0  hal_rcc.o(.text.RCC_GPIO_ClockCmd)
    __arm_cp.49_0                            0x0800256c   Number         4  hal_rcc.o(.text.RCC_GPIO_ClockCmd)
    __arm_cp.49_1                            0x08002570   Number         4  hal_rcc.o(.text.RCC_GPIO_ClockCmd)
    __arm_cp.49_2                            0x08002574   Number         4  hal_rcc.o(.text.RCC_GPIO_ClockCmd)
    __arm_cp.49_3                            0x08002578   Number         4  hal_rcc.o(.text.RCC_GPIO_ClockCmd)
    [Anonymous Symbol]                       0x0800257c   Section        0  hal_rcc.o(.text.RCC_GetHCLKFreq)
    [Anonymous Symbol]                       0x08002594   Section        0  hal_rcc.o(.text.RCC_GetPCLK1Freq)
    [Anonymous Symbol]                       0x080025b0   Section        0  hal_rcc.o(.text.RCC_GetPCLK2Freq)
    __arm_cp.19_1                            0x080025cc   Number         4  hal_rcc.o(.text.RCC_GetPCLK2Freq)
    [Anonymous Symbol]                       0x080025d0   Section        0  hal_rcc.o(.text.RCC_GetSysClockFreq)
    __arm_cp.16_3                            0x08002660   Number         4  hal_rcc.o(.text.RCC_GetSysClockFreq)
    [Anonymous Symbol]                       0x08002664   Section        0  neopixel_animation.o(.text.RGB)
    SetSysClock                              0x08002689   Thumb Code     8  system_mm32spin028x.o(.text.SetSysClock)
    [Anonymous Symbol]                       0x08002688   Section        0  system_mm32spin028x.o(.text.SetSysClock)
    SetSysClockToXX_HSI                      0x08002691   Thumb Code   384  system_mm32spin028x.o(.text.SetSysClockToXX_HSI)
    [Anonymous Symbol]                       0x08002690   Section        0  system_mm32spin028x.o(.text.SetSysClockToXX_HSI)
    __arm_cp.3_1                             0x08002810   Number         4  system_mm32spin028x.o(.text.SetSysClockToXX_HSI)
    __arm_cp.3_2                             0x08002814   Number         4  system_mm32spin028x.o(.text.SetSysClockToXX_HSI)
    __arm_cp.3_3                             0x08002818   Number         4  system_mm32spin028x.o(.text.SetSysClockToXX_HSI)
    __arm_cp.3_4                             0x0800281c   Number         4  system_mm32spin028x.o(.text.SetSysClockToXX_HSI)
    __arm_cp.3_6                             0x08002820   Number         4  system_mm32spin028x.o(.text.SetSysClockToXX_HSI)
    __arm_cp.3_7                             0x08002824   Number         4  system_mm32spin028x.o(.text.SetSysClockToXX_HSI)
    __arm_cp.3_8                             0x08002828   Number         4  system_mm32spin028x.o(.text.SetSysClockToXX_HSI)
    __arm_cp.3_9                             0x0800282c   Number         4  system_mm32spin028x.o(.text.SetSysClockToXX_HSI)
    __arm_cp.3_10                            0x08002830   Number         4  system_mm32spin028x.o(.text.SetSysClockToXX_HSI)
    __arm_cp.3_11                            0x08002834   Number         4  system_mm32spin028x.o(.text.SetSysClockToXX_HSI)
    __arm_cp.3_12                            0x08002838   Number         4  system_mm32spin028x.o(.text.SetSysClockToXX_HSI)
    SysTick_Config                           0x0800283d   Thumb Code    68  systick.o(.text.SysTick_Config)
    [Anonymous Symbol]                       0x0800283c   Section        0  systick.o(.text.SysTick_Config)
    __arm_cp.2_0                             0x08002880   Number         4  systick.o(.text.SysTick_Config)
    __arm_cp.2_1                             0x08002884   Number         4  systick.o(.text.SysTick_Config)
    __arm_cp.2_2                             0x08002888   Number         4  systick.o(.text.SysTick_Config)
    [Anonymous Symbol]                       0x0800288c   Section        0  systick.o(.text.SysTick_Handler)
    [Anonymous Symbol]                       0x08002898   Section        0  system_mm32spin028x.o(.text.SystemInit)
    __arm_cp.0_0                             0x080028e0   Number         4  system_mm32spin028x.o(.text.SystemInit)
    __arm_cp.0_1                             0x080028e4   Number         4  system_mm32spin028x.o(.text.SystemInit)
    __arm_cp.0_2                             0x080028e8   Number         4  system_mm32spin028x.o(.text.SystemInit)
    __arm_cp.0_3                             0x080028ec   Number         4  system_mm32spin028x.o(.text.SystemInit)
    __arm_cp.0_4                             0x080028f0   Number         4  system_mm32spin028x.o(.text.SystemInit)
    __arm_cp.0_5                             0x080028f4   Number         4  system_mm32spin028x.o(.text.SystemInit)
    [Anonymous Symbol]                       0x080028f8   Section        0  systick.o(.text.Systick_Init)
    [Anonymous Symbol]                       0x08002910   Section        0  main.o(.text.TIM2_IRQHandler)
    [Anonymous Symbol]                       0x0800294c   Section        0  hal_tim.o(.text.TIM_ARRPreloadConfig)
    [Anonymous Symbol]                       0x08002978   Section        0  hal_tim.o(.text.TIM_ClearITPendingBit)
    [Anonymous Symbol]                       0x0800298c   Section        0  hal_tim.o(.text.TIM_Cmd)
    [Anonymous Symbol]                       0x080029b8   Section        0  hal_tim.o(.text.TIM_CtrlPWMOutputs)
    [Anonymous Symbol]                       0x080029e8   Section        0  hal_tim.o(.text.TIM_DMACmd)
    [Anonymous Symbol]                       0x08002a16   Section        0  hal_tim.o(.text.TIM_GetITStatus)
    [Anonymous Symbol]                       0x08002a48   Section        0  hal_tim.o(.text.TIM_OC3Init)
    [Anonymous Symbol]                       0x08002ad0   Section        0  hal_tim.o(.text.TIM_OC3PreloadConfig)
    [Anonymous Symbol]                       0x08002af2   Section        0  hal_tim.o(.text.TIM_OCStructInit)
    [Anonymous Symbol]                       0x08002b1c   Section        0  hal_tim.o(.text.TIM_SetCompare3)
    [Anonymous Symbol]                       0x08002b44   Section        0  hal_tim.o(.text.TIM_SetCounter)
    [Anonymous Symbol]                       0x08002b6c   Section        0  hal_tim.o(.text.TIM_TimeBaseInit)
    __arm_cp.1_0                             0x08002c1c   Number         4  hal_tim.o(.text.TIM_TimeBaseInit)
    __arm_cp.1_1                             0x08002c20   Number         4  hal_tim.o(.text.TIM_TimeBaseInit)
    __arm_cp.1_2                             0x08002c24   Number         4  hal_tim.o(.text.TIM_TimeBaseInit)
    __arm_cp.1_3                             0x08002c28   Number         4  hal_tim.o(.text.TIM_TimeBaseInit)
    __arm_cp.1_4                             0x08002c2c   Number         4  hal_tim.o(.text.TIM_TimeBaseInit)
    [Anonymous Symbol]                       0x08002c30   Section        0  hal_tim.o(.text.TIM_TimeBaseStructInit)
    [Anonymous Symbol]                       0x08002c50   Section        0  main.o(.text.TimerUpdate_Callback)
    __arm_cp.6_0                             0x08002c5c   Number         4  main.o(.text.TimerUpdate_Callback)
    [Anonymous Symbol]                       0x08002c60   Section        0  main.o(.text.TransferComplete_Callback)
    __arm_cp.4_0                             0x08002c78   Number         4  main.o(.text.TransferComplete_Callback)
    [Anonymous Symbol]                       0x08002c7c   Section        0  hal_uart.o(.text.UART_Cmd)
    [Anonymous Symbol]                       0x08002c9e   Section        0  hal_uart.o(.text.UART_GetFlagStatus)
    [Anonymous Symbol]                       0x08002cbc   Section        0  hal_uart.o(.text.UART_Init)
    [Anonymous Symbol]                       0x08002d64   Section        0  hal_uart.o(.text.UART_SendData)
    [Anonymous Symbol]                       0x08002d76   Section        0  hal_uart.o(.text.UART_StructInit)
    [Anonymous Symbol]                       0x08002da0   Section        0  drv_uart.o(.text.Uart_Put_Buff)
    [Anonymous Symbol]                       0x08002dcc   Section        0  drv_uart.o(.text.Uart_Put_Char)
    __arm_cp.1_0                             0x08002df8   Number         4  drv_uart.o(.text.Uart_Put_Char)
    [Anonymous Symbol]                       0x08002dfc   Section        0  neopixel_animation.o(.text.Wheel)
    __NVIC_SetPriority                       0x08002e79   Thumb Code   124  systick.o(.text.__NVIC_SetPriority)
    [Anonymous Symbol]                       0x08002e78   Section        0  systick.o(.text.__NVIC_SetPriority)
    __arm_cp.1_0                             0x08002ef4   Number         4  systick.o(.text.__NVIC_SetPriority)
    __arm_cp.1_1                             0x08002ef8   Number         4  systick.o(.text.__NVIC_SetPriority)
    [Anonymous Symbol]                       0x08002efc   Section        0  main.o(.text.blink_led)
    __arm_cp.1_0                             0x08002f3c   Number         4  main.o(.text.blink_led)
    __arm_cp.1_1                             0x08002f40   Number         4  main.o(.text.blink_led)
    __arm_cp.1_2                             0x08002f44   Number         4  main.o(.text.blink_led)
    __arm_cp.1_3                             0x08002f48   Number         4  main.o(.text.blink_led)
    [Anonymous Symbol]                       0x08002f4c   Section        0  hal_dma.o(.text.exDMA_SetMemoryAddress)
    [Anonymous Symbol]                       0x08002f5c   Section        0  hal_dma.o(.text.exDMA_SetTransmitLen)
    [Anonymous Symbol]                       0x08002f70   Section        0  main.o(.text.main)
    __arm_cp.0_0                             0x08002ffc   Number         4  main.o(.text.main)
    __arm_cp.0_1                             0x08003000   Number         4  main.o(.text.main)
    __arm_cp.0_2                             0x08003004   Number         4  main.o(.text.main)
    __arm_cp.0_3                             0x08003008   Number         4  main.o(.text.main)
    __arm_cp.0_4                             0x0800300c   Number         4  main.o(.text.main)
    __arm_cp.0_5                             0x08003010   Number         4  main.o(.text.main)
    __arm_cp.0_6                             0x08003014   Number         4  main.o(.text.main)
    [Anonymous Symbol]                       0x08003018   Section        0  neopixel_animation.o(.text.neopixel_anim_close)
    [Anonymous Symbol]                       0x08003040   Section        0  neopixel_animation.o(.text.neopixel_anim_init)
    __arm_cp.0_0                             0x0800309c   Number         4  neopixel_animation.o(.text.neopixel_anim_init)
    __arm_cp.0_1                             0x080030a0   Number         4  neopixel_animation.o(.text.neopixel_anim_init)
    [Anonymous Symbol]                       0x080030a4   Section        0  neopixel_animation.o(.text.neopixel_anim_solid)
    [Anonymous Symbol]                       0x080030c4   Section        0  neopixel_animation.o(.text.neopixel_anim_update)
    __arm_cp.1_8                             0x08003604   Number         4  neopixel_animation.o(.text.neopixel_anim_update)
    __arm_cp.1_9                             0x08003608   Number         4  neopixel_animation.o(.text.neopixel_anim_update)
    __arm_cp.1_10                            0x0800360c   Number         4  neopixel_animation.o(.text.neopixel_anim_update)
    __arm_cp.1_0                             0x0800366c   Number         4  neopixel_animation.o(.text.neopixel_anim_update)
    __arm_cp.1_1                             0x08003670   Number         4  neopixel_animation.o(.text.neopixel_anim_update)
    __arm_cp.1_2                             0x08003674   Number         4  neopixel_animation.o(.text.neopixel_anim_update)
    __arm_cp.1_3                             0x08003678   Number         4  neopixel_animation.o(.text.neopixel_anim_update)
    [Anonymous Symbol]                       0x0800367c   Section        0  neopixel.o(.text.neopixel_clear)
    [Anonymous Symbol]                       0x08003694   Section        0  neopixel.o(.text.neopixel_init)
    [Anonymous Symbol]                       0x080036e8   Section        0  neopixel.o(.text.neopixel_set_brightness)
    [Anonymous Symbol]                       0x08003890   Section        0  neopixel.o(.text.neopixel_set_pixel_color)
    [Anonymous Symbol]                       0x080039be   Section        0  neopixel.o(.text.neopixel_set_pixel_color_rgb)
    neopixel_store_initial                   0x080039ed   Thumb Code    84  neopixel.o(.text.neopixel_store_initial)
    [Anonymous Symbol]                       0x080039ec   Section        0  neopixel.o(.text.neopixel_store_initial)
    __arm_cp.3_0                             0x08003a40   Number         4  neopixel.o(.text.neopixel_store_initial)
    __arm_cp.3_1                             0x08003a44   Number         4  neopixel.o(.text.neopixel_store_initial)
    __arm_cp.3_2                             0x08003a48   Number         4  neopixel.o(.text.neopixel_store_initial)
    [Anonymous Symbol]                       0x08003a4c   Section        0  neopixel.o(.text.neopixel_update)
    [Anonymous Symbol]                       0x08003a68   Section        0  main.o(.text.print_msg)
    __arm_cp.2_0                             0x08003a88   Number         4  main.o(.text.print_msg)
    __arm_cp.2_1                             0x08003a8c   Number         4  main.o(.text.print_msg)
    [Anonymous Symbol]                       0x08003a90   Section        0  main.o(.text.send_pwm)
    __arm_cp.3_0                             0x08003acc   Number         4  main.o(.text.send_pwm)
    __arm_cp.3_1                             0x08003ad0   Number         4  main.o(.text.send_pwm)
    __arm_cp.3_2                             0x08003ad4   Number         4  main.o(.text.send_pwm)
    i.__ARM_common_ll_muluu                  0x08003ad8   Section        0  btod.o(i.__ARM_common_ll_muluu)
    i.__ARM_fpclassify                       0x08003b08   Section        0  fpclassify.o(i.__ARM_fpclassify)
    i._is_digit                              0x08003b34   Section        0  __printf_wp.o(i._is_digit)
    locale$$code                             0x08003b44   Section       44  lc_numeric_c.o(locale$$code)
    locale$$code                             0x08003b70   Section       44  lc_ctype_c.o(locale$$code)
    x$fpl$printf1                            0x08003b9c   Section       16  printf1.o(x$fpl$printf1)
    x$fpl$printf2                            0x08003bac   Section       16  printf2.o(x$fpl$printf2)
    initial_mbstate                          0x08003bbc   Data           8  _printf_wctomb.o(.constdata)
    .constdata                               0x08003bbc   Section        8  _printf_wctomb.o(.constdata)
    x$fpl$usenofp                            0x08003bbc   Section        0  usenofp.o(x$fpl$usenofp)
    uc_hextab                                0x08003bc4   Data          20  _printf_hex_int_ll_ptr.o(.constdata)
    .constdata                               0x08003bc4   Section       40  _printf_hex_int_ll_ptr.o(.constdata)
    lc_hextab                                0x08003bd8   Data          20  _printf_hex_int_ll_ptr.o(.constdata)
    maptable                                 0x08003bec   Data          17  __printf_flags_ss_wp.o(.constdata)
    .constdata                               0x08003bec   Section       17  __printf_flags_ss_wp.o(.constdata)
    lc_hextab                                0x08003bfd   Data          19  _printf_fp_hex.o(.constdata)
    .constdata                               0x08003bfd   Section       38  _printf_fp_hex.o(.constdata)
    uc_hextab                                0x08003c10   Data          19  _printf_fp_hex.o(.constdata)
    tenpwrs_x                                0x08003c24   Data          60  bigflt0.o(.constdata)
    .constdata                               0x08003c24   Section      148  bigflt0.o(.constdata)
    tenpwrs_i                                0x08003c60   Data          64  bigflt0.o(.constdata)
    [Anonymous Symbol]                       0x08003cdc   Section        0  main.o(.rodata.str1.1)
    [Anonymous Symbol]                       0x08003cf3   Section        0  neopixel_animation.o(.rodata.str1.1)
    locale$$data                             0x08003d44   Section       28  lc_numeric_c.o(locale$$data)
    __lcnum_c_name                           0x08003d48   Data           2  lc_numeric_c.o(locale$$data)
    __lcnum_c_start                          0x08003d50   Data           0  lc_numeric_c.o(locale$$data)
    __lcnum_c_point                          0x08003d5c   Data           0  lc_numeric_c.o(locale$$data)
    __lcnum_c_thousands                      0x08003d5e   Data           0  lc_numeric_c.o(locale$$data)
    __lcnum_c_grouping                       0x08003d5f   Data           0  lc_numeric_c.o(locale$$data)
    __lcnum_c_end                            0x08003d60   Data           0  lc_numeric_c.o(locale$$data)
    locale$$data                             0x08003d60   Section      272  lc_ctype_c.o(locale$$data)
    __lcctype_c_name                         0x08003d64   Data           2  lc_ctype_c.o(locale$$data)
    __lcctype_c_start                        0x08003d6c   Data           0  lc_ctype_c.o(locale$$data)
    __lcctype_c_end                          0x08003e70   Data           0  lc_ctype_c.o(locale$$data)
    .bss                                     0x20000018   Section       96  libspace.o(.bss)
    _u32Systicks                             0x2000007c   Data           4  systick.o(.bss._u32Systicks)
    [Anonymous Symbol]                       0x2000007c   Section        0  systick.o(.bss._u32Systicks)
    blink_led.last_tick                      0x200000a8   Data           4  main.o(.bss.blink_led.last_tick)
    [Anonymous Symbol]                       0x200000a8   Section        0  main.o(.bss.blink_led.last_tick)
    blink_led.led_state                      0x200000ac   Data           1  main.o(.bss.blink_led.led_state)
    [Anonymous Symbol]                       0x200000ac   Section        0  main.o(.bss.blink_led.led_state)
    neopixel_anim_init.dbgBuff               0x20000460   Data         100  neopixel_animation.o(.bss.neopixel_anim_init.dbgBuff)
    [Anonymous Symbol]                       0x20000460   Section        0  neopixel_animation.o(.bss.neopixel_anim_init.dbgBuff)
    neopixel_anim_update.dbgBuff             0x200004c4   Data         100  neopixel_animation.o(.bss.neopixel_anim_update.dbgBuff)
    [Anonymous Symbol]                       0x200004c4   Section        0  neopixel_animation.o(.bss.neopixel_anim_update.dbgBuff)
    print_msg.last_tick                      0x20000528   Data           4  main.o(.bss.print_msg.last_tick)
    [Anonymous Symbol]                       0x20000528   Section        0  main.o(.bss.print_msg.last_tick)
    send_pwm.last_tick                       0x2000052c   Data           4  main.o(.bss.send_pwm.last_tick)
    [Anonymous Symbol]                       0x2000052c   Section        0  main.o(.bss.send_pwm.last_tick)
    Heap_Mem                                 0x20000530   Data         512  startup_mm32spin028x_keil.o(HEAP)
    HEAP                                     0x20000530   Section      512  startup_mm32spin028x_keil.o(HEAP)
    Stack_Mem                                0x20000730   Data        1024  startup_mm32spin028x_keil.o(STACK)
    STACK                                    0x20000730   Section     1024  startup_mm32spin028x_keil.o(STACK)
    __initial_sp                             0x20000b30   Data           0  startup_mm32spin028x_keil.o(STACK)

    Global Symbols

    Symbol Name                              Value     Ov Type        Size  Object(Section)

    BuildAttributes$$THM_ISAv3M$S$PE$A:L22$X:L11$S22$IEEE1$IW$~IW$USESV6$~STKCKD$USESV7$~SHL$OTIME$ROPI$IEEEJ$EBA8$UX$STANDARDLIB$REQ8$PRES8$EABIv2 0x00000000   Number         0  anon$$obj.o ABSOLUTE
    _printf_flags                            0x00000000   Number         0  printf_stubs.o ABSOLUTE
    _printf_return_value                     0x00000000   Number         0  printf_stubs.o ABSOLUTE
    _printf_sizespec                         0x00000000   Number         0  printf_stubs.o ABSOLUTE
    _printf_widthprec                        0x00000000   Number         0  printf_stubs.o ABSOLUTE
    __ARM_exceptions_init                     - Undefined Weak Reference
    __alloca_initialize                       - Undefined Weak Reference
    __arm_preinit_                            - Undefined Weak Reference
    __arm_relocate_pie_                       - Undefined Weak Reference
    __cpp_initialize__aeabi_                  - Undefined Weak Reference
    __cxa_finalize                            - Undefined Weak Reference
    __sigvec_lookup                           - Undefined Weak Reference
    _atexit_init                              - Undefined Weak Reference
    _call_atexit_fns                          - Undefined Weak Reference
    _clock_init                               - Undefined Weak Reference
    _fp_trap_init                             - Undefined Weak Reference
    _fp_trap_shutdown                         - Undefined Weak Reference
    _get_lc_collate                           - Undefined Weak Reference
    _get_lc_monetary                          - Undefined Weak Reference
    _get_lc_time                              - Undefined Weak Reference
    _getenv_init                              - Undefined Weak Reference
    _handle_redirection                       - Undefined Weak Reference
    _init_alloc                               - Undefined Weak Reference
    _init_user_alloc                          - Undefined Weak Reference
    _initio                                   - Undefined Weak Reference
    _printf_mbtowc                            - Undefined Weak Reference
    _printf_wc                                - Undefined Weak Reference
    _rand_init                                - Undefined Weak Reference
    _signal_finish                            - Undefined Weak Reference
    _signal_init                              - Undefined Weak Reference
    _terminate_alloc                          - Undefined Weak Reference
    _terminate_user_alloc                     - Undefined Weak Reference
    _terminateio                              - Undefined Weak Reference
    __Vectors_Size                           0x000000c0   Number         0  startup_mm32spin028x_keil.o ABSOLUTE
    __Vectors                                0x08000000   Data           4  startup_mm32spin028x_keil.o(RESET)
    __Vectors_End                            0x080000c0   Data           0  startup_mm32spin028x_keil.o(RESET)
    __main                                   0x080000c1   Thumb Code     8  __main.o(!!!main)
    __scatterload                            0x080000c9   Thumb Code     0  __scatter.o(!!!scatter)
    __scatterload_rt2                        0x080000c9   Thumb Code    52  __scatter.o(!!!scatter)
    __scatterload_rt2_thumb_only             0x080000c9   Thumb Code     0  __scatter.o(!!!scatter)
    __scatterload_null                       0x080000d9   Thumb Code     0  __scatter.o(!!!scatter)
    __scatterload_copy                       0x08000105   Thumb Code    26  __scatter_copy.o(!!handler_copy)
    __scatterload_zeroinit                   0x08000121   Thumb Code    28  __scatter_zi.o(!!handler_zi)
    _printf_percent                          0x0800013d   Thumb Code     0  _printf_percent.o(.ARM.Collect$$_printf_percent$$00000000)
    _printf_n                                0x0800013f   Thumb Code     0  _printf_n.o(.ARM.Collect$$_printf_percent$$00000001)
    _printf_p                                0x08000149   Thumb Code     0  _printf_p.o(.ARM.Collect$$_printf_percent$$00000002)
    _printf_f                                0x08000153   Thumb Code     0  _printf_f.o(.ARM.Collect$$_printf_percent$$00000003)
    _printf_e                                0x0800015d   Thumb Code     0  _printf_e.o(.ARM.Collect$$_printf_percent$$00000004)
    _printf_g                                0x08000167   Thumb Code     0  _printf_g.o(.ARM.Collect$$_printf_percent$$00000005)
    _printf_a                                0x08000171   Thumb Code     0  _printf_a.o(.ARM.Collect$$_printf_percent$$00000006)
    _printf_ll                               0x0800017b   Thumb Code     0  _printf_ll.o(.ARM.Collect$$_printf_percent$$00000007)
    _printf_i                                0x08000185   Thumb Code     0  _printf_i.o(.ARM.Collect$$_printf_percent$$00000008)
    _printf_d                                0x0800018f   Thumb Code     0  _printf_d.o(.ARM.Collect$$_printf_percent$$00000009)
    _printf_u                                0x08000199   Thumb Code     0  _printf_u.o(.ARM.Collect$$_printf_percent$$0000000A)
    _printf_o                                0x080001a3   Thumb Code     0  _printf_o.o(.ARM.Collect$$_printf_percent$$0000000B)
    _printf_x                                0x080001ad   Thumb Code     0  _printf_x.o(.ARM.Collect$$_printf_percent$$0000000C)
    _printf_lli                              0x080001b7   Thumb Code     0  _printf_lli.o(.ARM.Collect$$_printf_percent$$0000000D)
    _printf_lld                              0x080001c1   Thumb Code     0  _printf_lld.o(.ARM.Collect$$_printf_percent$$0000000E)
    _printf_llu                              0x080001cb   Thumb Code     0  _printf_llu.o(.ARM.Collect$$_printf_percent$$0000000F)
    _printf_llo                              0x080001d5   Thumb Code     0  _printf_llo.o(.ARM.Collect$$_printf_percent$$00000010)
    _printf_llx                              0x080001df   Thumb Code     0  _printf_llx.o(.ARM.Collect$$_printf_percent$$00000011)
    _printf_l                                0x080001e9   Thumb Code     0  _printf_l.o(.ARM.Collect$$_printf_percent$$00000012)
    _printf_c                                0x080001f3   Thumb Code     0  _printf_c.o(.ARM.Collect$$_printf_percent$$00000013)
    _printf_s                                0x080001fd   Thumb Code     0  _printf_s.o(.ARM.Collect$$_printf_percent$$00000014)
    _printf_lc                               0x08000207   Thumb Code     0  _printf_lc.o(.ARM.Collect$$_printf_percent$$00000015)
    _printf_ls                               0x08000211   Thumb Code     0  _printf_ls.o(.ARM.Collect$$_printf_percent$$00000016)
    _printf_percent_end                      0x0800021b   Thumb Code     0  _printf_percent_end.o(.ARM.Collect$$_printf_percent$$00000017)
    __rt_lib_init                            0x0800021f   Thumb Code     0  libinit.o(.ARM.Collect$$libinit$$00000000)
    __rt_lib_init_fp_1                       0x08000221   Thumb Code     0  libinit2.o(.ARM.Collect$$libinit$$00000002)
    __rt_lib_init_heap_1                     0x08000221   Thumb Code     0  libinit2.o(.ARM.Collect$$libinit$$0000000C)
    __rt_lib_init_lc_common                  0x08000221   Thumb Code     0  libinit2.o(.ARM.Collect$$libinit$$00000011)
    __rt_lib_init_preinit_1                  0x08000221   Thumb Code     0  libinit2.o(.ARM.Collect$$libinit$$00000006)
    __rt_lib_init_rand_1                     0x08000221   Thumb Code     0  libinit2.o(.ARM.Collect$$libinit$$00000010)
    __rt_lib_init_relocate_pie_1             0x08000221   Thumb Code     0  libinit2.o(.ARM.Collect$$libinit$$00000004)
    __rt_lib_init_user_alloc_1               0x08000221   Thumb Code     0  libinit2.o(.ARM.Collect$$libinit$$0000000E)
    __rt_lib_init_lc_collate_1               0x08000227   Thumb Code     0  libinit2.o(.ARM.Collect$$libinit$$00000013)
    __rt_lib_init_lc_ctype_2                 0x08000227   Thumb Code     0  libinit2.o(.ARM.Collect$$libinit$$00000014)
    __rt_lib_init_lc_ctype_1                 0x08000233   Thumb Code     0  libinit2.o(.ARM.Collect$$libinit$$00000015)
    __rt_lib_init_lc_monetary_1              0x08000233   Thumb Code     0  libinit2.o(.ARM.Collect$$libinit$$00000017)
    __rt_lib_init_lc_numeric_2               0x08000233   Thumb Code     0  libinit2.o(.ARM.Collect$$libinit$$00000018)
    __rt_lib_init_alloca_1                   0x0800023d   Thumb Code     0  libinit2.o(.ARM.Collect$$libinit$$00000030)
    __rt_lib_init_argv_1                     0x0800023d   Thumb Code     0  libinit2.o(.ARM.Collect$$libinit$$0000002E)
    __rt_lib_init_atexit_1                   0x0800023d   Thumb Code     0  libinit2.o(.ARM.Collect$$libinit$$0000001D)
    __rt_lib_init_clock_1                    0x0800023d   Thumb Code     0  libinit2.o(.ARM.Collect$$libinit$$00000023)
    __rt_lib_init_cpp_1                      0x0800023d   Thumb Code     0  libinit2.o(.ARM.Collect$$libinit$$00000034)
    __rt_lib_init_exceptions_1               0x0800023d   Thumb Code     0  libinit2.o(.ARM.Collect$$libinit$$00000032)
    __rt_lib_init_fp_trap_1                  0x0800023d   Thumb Code     0  libinit2.o(.ARM.Collect$$libinit$$00000021)
    __rt_lib_init_getenv_1                   0x0800023d   Thumb Code     0  libinit2.o(.ARM.Collect$$libinit$$00000025)
    __rt_lib_init_lc_numeric_1               0x0800023d   Thumb Code     0  libinit2.o(.ARM.Collect$$libinit$$00000019)
    __rt_lib_init_lc_time_1                  0x0800023d   Thumb Code     0  libinit2.o(.ARM.Collect$$libinit$$0000001B)
    __rt_lib_init_return                     0x0800023d   Thumb Code     0  libinit2.o(.ARM.Collect$$libinit$$00000035)
    __rt_lib_init_signal_1                   0x0800023d   Thumb Code     0  libinit2.o(.ARM.Collect$$libinit$$0000001F)
    __rt_lib_init_stdio_1                    0x0800023d   Thumb Code     0  libinit2.o(.ARM.Collect$$libinit$$00000027)
    __rt_lib_shutdown                        0x0800023f   Thumb Code     0  libshutdown.o(.ARM.Collect$$libshutdown$$00000000)
    __rt_lib_shutdown_cpp_1                  0x08000241   Thumb Code     0  libshutdown2.o(.ARM.Collect$$libshutdown$$00000002)
    __rt_lib_shutdown_fp_trap_1              0x08000241   Thumb Code     0  libshutdown2.o(.ARM.Collect$$libshutdown$$00000007)
    __rt_lib_shutdown_heap_1                 0x08000241   Thumb Code     0  libshutdown2.o(.ARM.Collect$$libshutdown$$0000000F)
    __rt_lib_shutdown_return                 0x08000241   Thumb Code     0  libshutdown2.o(.ARM.Collect$$libshutdown$$00000010)
    __rt_lib_shutdown_signal_1               0x08000241   Thumb Code     0  libshutdown2.o(.ARM.Collect$$libshutdown$$0000000A)
    __rt_lib_shutdown_stdio_1                0x08000241   Thumb Code     0  libshutdown2.o(.ARM.Collect$$libshutdown$$00000004)
    __rt_lib_shutdown_user_alloc_1           0x08000241   Thumb Code     0  libshutdown2.o(.ARM.Collect$$libshutdown$$0000000C)
    __rt_entry                               0x08000243   Thumb Code     0  __rtentry.o(.ARM.Collect$$rtentry$$00000000)
    __rt_entry_presh_1                       0x08000243   Thumb Code     0  __rtentry2.o(.ARM.Collect$$rtentry$$00000002)
    __rt_entry_sh                            0x08000243   Thumb Code     0  __rtentry4.o(.ARM.Collect$$rtentry$$00000004)
    __rt_entry_li                            0x08000249   Thumb Code     0  __rtentry2.o(.ARM.Collect$$rtentry$$0000000A)
    __rt_entry_postsh_1                      0x08000249   Thumb Code     0  __rtentry2.o(.ARM.Collect$$rtentry$$00000009)
    __rt_entry_main                          0x0800024d   Thumb Code     0  __rtentry2.o(.ARM.Collect$$rtentry$$0000000D)
    __rt_entry_postli_1                      0x0800024d   Thumb Code     0  __rtentry2.o(.ARM.Collect$$rtentry$$0000000C)
    __rt_exit                                0x08000255   Thumb Code     0  rtexit.o(.ARM.Collect$$rtexit$$00000000)
    __rt_exit_ls                             0x08000257   Thumb Code     0  rtexit2.o(.ARM.Collect$$rtexit$$00000003)
    __rt_exit_prels_1                        0x08000257   Thumb Code     0  rtexit2.o(.ARM.Collect$$rtexit$$00000002)
    __rt_exit_exit                           0x0800025b   Thumb Code     0  rtexit2.o(.ARM.Collect$$rtexit$$00000004)
    Reset_Handler                            0x08000261   Thumb Code    14  startup_mm32spin028x_keil.o(.text)
    NMI_Handler                              0x0800026f   Thumb Code     2  startup_mm32spin028x_keil.o(.text)
    HardFault_Handler                        0x08000271   Thumb Code     2  startup_mm32spin028x_keil.o(.text)
    SVC_Handler                              0x08000273   Thumb Code     2  startup_mm32spin028x_keil.o(.text)
    PendSV_Handler                           0x08000275   Thumb Code     2  startup_mm32spin028x_keil.o(.text)
    ADC1_IRQHandler                          0x08000279   Thumb Code     0  startup_mm32spin028x_keil.o(.text)
    ADC2_IRQHandler                          0x08000279   Thumb Code     0  startup_mm32spin028x_keil.o(.text)
    COMP1_2_3_4_5_IRQHandler                 0x08000279   Thumb Code     0  startup_mm32spin028x_keil.o(.text)
    CSM_IRQn_IRQHandler                      0x08000279   Thumb Code     0  startup_mm32spin028x_keil.o(.text)
    DMA1_Channel2_3_IRQHandler               0x08000279   Thumb Code     0  startup_mm32spin028x_keil.o(.text)
    DMA1_Channel4_5_IRQHandler               0x08000279   Thumb Code     0  startup_mm32spin028x_keil.o(.text)
    EXTI0_1_IRQHandler                       0x08000279   Thumb Code     0  startup_mm32spin028x_keil.o(.text)
    EXTI2_3_IRQHandler                       0x08000279   Thumb Code     0  startup_mm32spin028x_keil.o(.text)
    EXTI4_15_IRQHandler                      0x08000279   Thumb Code     0  startup_mm32spin028x_keil.o(.text)
    FLASH_IRQHandler                         0x08000279   Thumb Code     0  startup_mm32spin028x_keil.o(.text)
    HWDIV_IRQHandler                         0x08000279   Thumb Code     0  startup_mm32spin028x_keil.o(.text)
    I2C1_IRQHandler                          0x08000279   Thumb Code     0  startup_mm32spin028x_keil.o(.text)
    PVD_IRQHandler                           0x08000279   Thumb Code     0  startup_mm32spin028x_keil.o(.text)
    PWM_IRQHandler                           0x08000279   Thumb Code     0  startup_mm32spin028x_keil.o(.text)
    RCC_IRQHandler                           0x08000279   Thumb Code     0  startup_mm32spin028x_keil.o(.text)
    SPI1_IRQHandler                          0x08000279   Thumb Code     0  startup_mm32spin028x_keil.o(.text)
    SPI2_IRQHandler                          0x08000279   Thumb Code     0  startup_mm32spin028x_keil.o(.text)
    TIM14_IRQHandler                         0x08000279   Thumb Code     0  startup_mm32spin028x_keil.o(.text)
    TIM16_IRQHandler                         0x08000279   Thumb Code     0  startup_mm32spin028x_keil.o(.text)
    TIM17_IRQHandler                         0x08000279   Thumb Code     0  startup_mm32spin028x_keil.o(.text)
    TIM1_BRK_UP_TRG_COM_IRQHandler           0x08000279   Thumb Code     0  startup_mm32spin028x_keil.o(.text)
    TIM1_CC_IRQHandler                       0x08000279   Thumb Code     0  startup_mm32spin028x_keil.o(.text)
    TIM3_IRQHandler                          0x08000279   Thumb Code     0  startup_mm32spin028x_keil.o(.text)
    TIM8_BRK_UP_TRG_COM_IRQHandler           0x08000279   Thumb Code     0  startup_mm32spin028x_keil.o(.text)
    TIM8_CC_IRQHandler                       0x08000279   Thumb Code     0  startup_mm32spin028x_keil.o(.text)
    UART1_IRQHandler                         0x08000279   Thumb Code     0  startup_mm32spin028x_keil.o(.text)
    UART2_IRQHandler                         0x08000279   Thumb Code     0  startup_mm32spin028x_keil.o(.text)
    UART3_IRQHandler                         0x08000279   Thumb Code     0  startup_mm32spin028x_keil.o(.text)
    WWDG_IRQHandler                          0x08000279   Thumb Code     0  startup_mm32spin028x_keil.o(.text)
    __user_initial_stackheap                 0x0800027d   Thumb Code     0  startup_mm32spin028x_keil.o(.text)
    snprintf                                 0x080002a5   Thumb Code    60  snprintf.o(.text)
    strlen                                   0x080002e5   Thumb Code    62  strlen.o(.text)
    __aeabi_memset4                          0x08000329   Thumb Code    18  aeabi_memset4.o(.text)
    __aeabi_memset8                          0x08000329   Thumb Code     0  aeabi_memset4.o(.text)
    _memset_w                                0x0800033b   Thumb Code    26  rt_memclr.o(.text)
    _memset                                  0x08000355   Thumb Code    30  rt_memclr.o(.text)
    __aeabi_memclr                           0x08000373   Thumb Code     4  rt_memclr.o(.text)
    __rt_memclr                              0x08000373   Thumb Code     0  rt_memclr.o(.text)
    __aeabi_memclr4                          0x08000377   Thumb Code     0  rt_memclr.o(.text)
    __aeabi_memclr8                          0x08000377   Thumb Code     0  rt_memclr.o(.text)
    __rt_memclr_w                            0x08000377   Thumb Code     4  rt_memclr.o(.text)
    __aeabi_uidiv                            0x0800037d   Thumb Code     0  aeabi_sdiv.o(.text)
    __aeabi_uidivmod                         0x0800037d   Thumb Code    20  aeabi_sdiv.o(.text)
    __aeabi_idiv                             0x08000391   Thumb Code     0  aeabi_sdiv.o(.text)
    __aeabi_idivmod                          0x08000391   Thumb Code   338  aeabi_sdiv.o(.text)
    __use_two_region_memory                  0x080004e9   Thumb Code     2  heapauxi.o(.text)
    __rt_heap_escrow$2region                 0x080004eb   Thumb Code     2  heapauxi.o(.text)
    __rt_heap_expand$2region                 0x080004ed   Thumb Code     2  heapauxi.o(.text)
    _printf_pre_padding                      0x080004ef   Thumb Code    44  _printf_pad.o(.text)
    _printf_post_padding                     0x0800051b   Thumb Code    34  _printf_pad.o(.text)
    _printf_truncate_signed                  0x0800053d   Thumb Code    18  _printf_truncate.o(.text)
    _printf_truncate_unsigned                0x0800054f   Thumb Code    18  _printf_truncate.o(.text)
    _printf_str                              0x08000561   Thumb Code    82  _printf_str.o(.text)
    _printf_int_dec                          0x080005b5   Thumb Code    90  _printf_dec.o(.text)
    _printf_charcount                        0x08000621   Thumb Code    38  _printf_charcount.o(.text)
    _printf_char_common                      0x08000653   Thumb Code    32  _printf_char_common.o(.text)
    _snputc                                  0x08000679   Thumb Code    16  _snputc.o(.text)
    _printf_wctomb                           0x08000689   Thumb Code   182  _printf_wctomb.o(.text)
    _printf_longlong_dec                     0x08000745   Thumb Code    94  _printf_longlong_dec.o(.text)
    _printf_longlong_oct                     0x080007b5   Thumb Code    68  _printf_oct_int_ll.o(.text)
    _printf_int_oct                          0x080007f9   Thumb Code    24  _printf_oct_int_ll.o(.text)
    _printf_ll_oct                           0x08000811   Thumb Code    10  _printf_oct_int_ll.o(.text)
    _printf_longlong_hex                     0x08000825   Thumb Code    88  _printf_hex_int_ll_ptr.o(.text)
    _printf_int_hex                          0x0800087d   Thumb Code    28  _printf_hex_int_ll_ptr.o(.text)
    _printf_ll_hex                           0x08000899   Thumb Code    10  _printf_hex_int_ll_ptr.o(.text)
    _printf_hex_ptr                          0x080008a3   Thumb Code    22  _printf_hex_int_ll_ptr.o(.text)
    __printf                                 0x080008bd   Thumb Code   386  __printf_flags_ss_wp.o(.text)
    _ll_udiv10                               0x08000a45   Thumb Code   122  lludiv10.o(.text)
    _printf_int_common                       0x08000abf   Thumb Code   176  _printf_intcommon.o(.text)
    _printf_fp_dec_real                      0x08000d0d   Thumb Code   620  _printf_fp_dec.o(.text)
    _printf_fp_hex_real                      0x08000f85   Thumb Code   718  _printf_fp_hex.o(.text)
    _printf_cs_common                        0x0800125d   Thumb Code    22  _printf_char.o(.text)
    _printf_char                             0x08001273   Thumb Code    16  _printf_char.o(.text)
    _printf_string                           0x08001283   Thumb Code     8  _printf_char.o(.text)
    _printf_lcs_common                       0x0800128b   Thumb Code    22  _printf_wchar.o(.text)
    _printf_wchar                            0x080012a1   Thumb Code    16  _printf_wchar.o(.text)
    _printf_wstring                          0x080012b1   Thumb Code     8  _printf_wchar.o(.text)
    _c16rtomb                                0x080012b9   Thumb Code    66  _c16rtomb.o(.text)
    _wcrtomb                                 0x080012b9   Thumb Code     0  _c16rtomb.o(.text)
    __rt_udiv10                              0x080012fb   Thumb Code    40  rtudiv10.o(.text)
    __user_setup_stackheap                   0x08001323   Thumb Code    62  sys_stackheap_outer.o(.text)
    __rt_ctype_table                         0x08001361   Thumb Code    16  rt_ctype_table.o(.text)
    __rt_locale                              0x08001371   Thumb Code     8  rt_locale_intlibspace.o(.text)
    _printf_fp_infnan                        0x08001379   Thumb Code   120  _printf_fp_infnan.o(.text)
    _btod_etento                             0x08001401   Thumb Code   210  bigflt0.o(.text)
    _btod_d2e                                0x080014d9   Thumb Code    64  btod.o(.text)
    _btod_emul                               0x0800190d   Thumb Code    28  btod.o(.text)
    _btod_emuld                              0x08001929   Thumb Code   144  btod.o(.text)
    _btod_ediv                               0x080019b9   Thumb Code    26  btod.o(.text)
    _btod_edivd                              0x080019d3   Thumb Code   124  btod.o(.text)
    exit                                     0x08001a59   Thumb Code    16  exit.o(.text)
    __user_libspace                          0x08001a69   Thumb Code     8  libspace.o(.text)
    __user_perproc_libspace                  0x08001a69   Thumb Code     0  libspace.o(.text)
    __user_perthread_libspace                0x08001a69   Thumb Code     0  libspace.o(.text)
    strcmp                                   0x08001a71   Thumb Code   132  strcmp.o(.text)
    _sys_exit                                0x08001af9   Thumb Code     8  sys_exit.o(.text)
    __I$use$semihosting                      0x08001b05   Thumb Code     0  use_no_semi.o(.text)
    __use_no_semihosting_swi                 0x08001b05   Thumb Code     2  use_no_semi.o(.text)
    AutoCalPllFactor                         0x08001b07   Thumb Code   182  system_mm32spin028x.o(.text.AutoCalPllFactor)
    __semihosting_library_function           0x08001b07   Thumb Code     0  indicate_semi.o(.text)
    Board_Gpio_Af_Init                       0x08001bbd   Thumb Code     8  board.o(.text.Board_Gpio_Af_Init)
    Board_Gpio_Init                          0x08001bc5   Thumb Code    12  board.o(.text.Board_Gpio_Init)
    Board_Led_Init                           0x08001bd1   Thumb Code    72  board.o(.text.Board_Led_Init)
    Board_Uart_Af_Init                       0x08001c21   Thumb Code    40  board.o(.text.Board_Uart_Af_Init)
    Board_Uart_Init                          0x08001c49   Thumb Code    64  board.o(.text.Board_Uart_Init)
    Clear_Over_Flag                          0x08001c8d   Thumb Code     8  systick.o(.text.Clear_Over_Flag)
    DMA1_Channel1_IRQHandler                 0x08001d05   Thumb Code    68  main.o(.text.DMA1_Channel1_IRQHandler)
    DMA_ClearITPendingBit                    0x08001d49   Thumb Code    16  hal_dma.o(.text.DMA_ClearITPendingBit)
    DMA_Cmd                                  0x08001d59   Thumb Code    34  hal_dma.o(.text.DMA_Cmd)
    DMA_DeInit                               0x08001d7d   Thumb Code    64  hal_dma.o(.text.DMA_DeInit)
    DMA_GetITStatus                          0x08001dc1   Thumb Code    20  hal_dma.o(.text.DMA_GetITStatus)
    DMA_ITConfig                             0x08001dd9   Thumb Code    52  hal_dma.o(.text.DMA_ITConfig)
    DMA_Init                                 0x08001e0d   Thumb Code   100  hal_dma.o(.text.DMA_Init)
    DMA_StructInit                           0x08001e75   Thumb Code    58  hal_dma.o(.text.DMA_StructInit)
    Drv_Uart_Init                            0x08001eb1   Thumb Code    68  drv_uart.o(.text.Drv_Uart_Init)
    GPIO_Init                                0x08001ef9   Thumb Code   272  hal_gpio.o(.text.GPIO_Init)
    GPIO_PinAFConfig                         0x08002009   Thumb Code    78  hal_gpio.o(.text.GPIO_PinAFConfig)
    GPIO_StructInit                          0x08002059   Thumb Code    28  hal_gpio.o(.text.GPIO_StructInit)
    GPIO_WriteBit                            0x08002075   Thumb Code    44  hal_gpio.o(.text.GPIO_WriteBit)
    Get_Systick_Cnt                          0x080020a1   Thumb Code     8  systick.o(.text.Get_Systick_Cnt)
    NVIC_Init                                0x080020b9   Thumb Code   104  hal_misc.o(.text.NVIC_Init)
    NextColor                                0x08002131   Thumb Code   140  neopixel_animation.o(.text.NextColor)
    PWM_DMA_Init                             0x080021f9   Thumb Code    20  pwm_dma.o(.text.PWM_DMA_Init)
    PWM_DMA_Start                            0x0800226d   Thumb Code    84  pwm_dma.o(.text.PWM_DMA_Start)
    PWM_DMA_Stop                             0x080022c1   Thumb Code    56  pwm_dma.o(.text.PWM_DMA_Stop)
    RCC_AHBPeriphClockCmd                    0x080023c5   Thumb Code    44  hal_rcc.o(.text.RCC_AHBPeriphClockCmd)
    RCC_APB1PeriphClockCmd                   0x080023f1   Thumb Code    44  hal_rcc.o(.text.RCC_APB1PeriphClockCmd)
    RCC_APB2PeriphClockCmd                   0x08002421   Thumb Code    44  hal_rcc.o(.text.RCC_APB2PeriphClockCmd)
    RCC_DMA_ClockCmd                         0x08002451   Thumb Code    60  hal_rcc.o(.text.RCC_DMA_ClockCmd)
    RCC_GPIO_ClockCmd                        0x08002491   Thumb Code   220  hal_rcc.o(.text.RCC_GPIO_ClockCmd)
    RCC_GetHCLKFreq                          0x0800257d   Thumb Code    24  hal_rcc.o(.text.RCC_GetHCLKFreq)
    RCC_GetPCLK1Freq                         0x08002595   Thumb Code    28  hal_rcc.o(.text.RCC_GetPCLK1Freq)
    RCC_GetPCLK2Freq                         0x080025b1   Thumb Code    28  hal_rcc.o(.text.RCC_GetPCLK2Freq)
    RCC_GetSysClockFreq                      0x080025d1   Thumb Code   144  hal_rcc.o(.text.RCC_GetSysClockFreq)
    RGB                                      0x08002665   Thumb Code    36  neopixel_animation.o(.text.RGB)
    SysTick_Handler                          0x0800288d   Thumb Code    12  systick.o(.text.SysTick_Handler)
    SystemInit                               0x08002899   Thumb Code    72  system_mm32spin028x.o(.text.SystemInit)
    Systick_Init                             0x080028f9   Thumb Code    24  systick.o(.text.Systick_Init)
    TIM2_IRQHandler                          0x08002911   Thumb Code    60  main.o(.text.TIM2_IRQHandler)
    TIM_ARRPreloadConfig                     0x0800294d   Thumb Code    44  hal_tim.o(.text.TIM_ARRPreloadConfig)
    TIM_ClearITPendingBit                    0x08002979   Thumb Code    20  hal_tim.o(.text.TIM_ClearITPendingBit)
    TIM_Cmd                                  0x0800298d   Thumb Code    44  hal_tim.o(.text.TIM_Cmd)
    TIM_CtrlPWMOutputs                       0x080029b9   Thumb Code    48  hal_tim.o(.text.TIM_CtrlPWMOutputs)
    TIM_DMACmd                               0x080029e9   Thumb Code    46  hal_tim.o(.text.TIM_DMACmd)
    TIM_GetITStatus                          0x08002a17   Thumb Code    48  hal_tim.o(.text.TIM_GetITStatus)
    TIM_OC3Init                              0x08002a49   Thumb Code   136  hal_tim.o(.text.TIM_OC3Init)
    TIM_OC3PreloadConfig                     0x08002ad1   Thumb Code    34  hal_tim.o(.text.TIM_OC3PreloadConfig)
    TIM_OCStructInit                         0x08002af3   Thumb Code    42  hal_tim.o(.text.TIM_OCStructInit)
    TIM_SetCompare3                          0x08002b1d   Thumb Code    40  hal_tim.o(.text.TIM_SetCompare3)
    TIM_SetCounter                           0x08002b45   Thumb Code    40  hal_tim.o(.text.TIM_SetCounter)
    TIM_TimeBaseInit                         0x08002b6d   Thumb Code   176  hal_tim.o(.text.TIM_TimeBaseInit)
    TIM_TimeBaseStructInit                   0x08002c31   Thumb Code    32  hal_tim.o(.text.TIM_TimeBaseStructInit)
    TimerUpdate_Callback                     0x08002c51   Thumb Code    12  main.o(.text.TimerUpdate_Callback)
    TransferComplete_Callback                0x08002c61   Thumb Code    24  main.o(.text.TransferComplete_Callback)
    UART_Cmd                                 0x08002c7d   Thumb Code    34  hal_uart.o(.text.UART_Cmd)
    UART_GetFlagStatus                       0x08002c9f   Thumb Code    30  hal_uart.o(.text.UART_GetFlagStatus)
    UART_Init                                0x08002cbd   Thumb Code   168  hal_uart.o(.text.UART_Init)
    UART_SendData                            0x08002d65   Thumb Code    18  hal_uart.o(.text.UART_SendData)
    UART_StructInit                          0x08002d77   Thumb Code    42  hal_uart.o(.text.UART_StructInit)
    Uart_Put_Buff                            0x08002da1   Thumb Code    44  drv_uart.o(.text.Uart_Put_Buff)
    Uart_Put_Char                            0x08002dcd   Thumb Code    44  drv_uart.o(.text.Uart_Put_Char)
    Wheel                                    0x08002dfd   Thumb Code   124  neopixel_animation.o(.text.Wheel)
    blink_led                                0x08002efd   Thumb Code    64  main.o(.text.blink_led)
    exDMA_SetMemoryAddress                   0x08002f4d   Thumb Code    16  hal_dma.o(.text.exDMA_SetMemoryAddress)
    exDMA_SetTransmitLen                     0x08002f5d   Thumb Code    18  hal_dma.o(.text.exDMA_SetTransmitLen)
    main                                     0x08002f71   Thumb Code   140  main.o(.text.main)
    neopixel_anim_close                      0x08003019   Thumb Code    38  neopixel_animation.o(.text.neopixel_anim_close)
    neopixel_anim_init                       0x08003041   Thumb Code    92  neopixel_animation.o(.text.neopixel_anim_init)
    neopixel_anim_solid                      0x080030a5   Thumb Code    32  neopixel_animation.o(.text.neopixel_anim_solid)
    neopixel_anim_update                     0x080030c5   Thumb Code  1448  neopixel_animation.o(.text.neopixel_anim_update)
    neopixel_clear                           0x0800367d   Thumb Code    24  neopixel.o(.text.neopixel_clear)
    neopixel_init                            0x08003695   Thumb Code    84  neopixel.o(.text.neopixel_init)
    neopixel_set_brightness                  0x080036e9   Thumb Code   424  neopixel.o(.text.neopixel_set_brightness)
    neopixel_set_pixel_color                 0x08003891   Thumb Code   302  neopixel.o(.text.neopixel_set_pixel_color)
    neopixel_set_pixel_color_rgb             0x080039bf   Thumb Code    44  neopixel.o(.text.neopixel_set_pixel_color_rgb)
    neopixel_update                          0x08003a4d   Thumb Code    26  neopixel.o(.text.neopixel_update)
    print_msg                                0x08003a69   Thumb Code    32  main.o(.text.print_msg)
    send_pwm                                 0x08003a91   Thumb Code    60  main.o(.text.send_pwm)
    __ARM_common_ll_muluu                    0x08003ad9   Thumb Code    48  btod.o(i.__ARM_common_ll_muluu)
    __ARM_fpclassify                         0x08003b09   Thumb Code    40  fpclassify.o(i.__ARM_fpclassify)
    _is_digit                                0x08003b35   Thumb Code    14  __printf_wp.o(i._is_digit)
    _get_lc_numeric                          0x08003b45   Thumb Code    44  lc_numeric_c.o(locale$$code)
    _get_lc_ctype                            0x08003b71   Thumb Code    44  lc_ctype_c.o(locale$$code)
    _printf_fp_dec                           0x08003b9d   Thumb Code    16  printf1.o(x$fpl$printf1)
    _printf_fp_hex                           0x08003bad   Thumb Code    16  printf2.o(x$fpl$printf2)
    __I$use$fp                               0x08003bbc   Number         0  usenofp.o(x$fpl$usenofp)
    rainbow_colors                           0x08003cb8   Data          36  neopixel_animation.o(.rodata.rainbow_colors)
    Region$$Table$$Base                      0x08003d24   Number         0  anon$$obj.o(Region$$Table)
    Region$$Table$$Limit                     0x08003d44   Number         0  anon$$obj.o(Region$$Table)
    __ctype                                  0x08003d6d   Data           0  lc_ctype_c.o(locale$$data)
    SystemCoreClock                          0x20000000   Data           4  system_mm32spin028x.o(.data.SystemCoreClock)
    tbPresc                                  0x20000004   Data          16  hal_rcc.o(.data.tbPresc)
    __libspace_start                         0x20000018   Data          96  libspace.o(.bss)
    TimUpdateCnt                             0x20000078   Data           4  main.o(.bss.TimUpdateCnt)
    __temporary_stack_top$libspace           0x20000078   Data           0  libspace.o(.bss)
    anim                                     0x20000080   Data          40  main.o(.bss.anim)
    debugBuffer                              0x200000ad   Data         256  main.o(.bss.debugBuffer)
    dma_transfer_cplt_cnt                    0x200001ad   Data           1  main.o(.bss.dma_transfer_cplt_cnt)
    neopixel                                 0x200001b0   Data         688  main.o(.bss.neopixel)



==============================================================================

Memory Map of the image

  Image Entry point : 0x080000c1

  Load Region LR_IROM1 (Base: 0x08000000, Size: 0x00003e88, Max: 0x00020000, ABSOLUTE)

    Execution Region ER_IROM1 (Exec base: 0x08000000, Load base: 0x08000000, Size: 0x00003e70, Max: 0x00020000, ABSOLUTE)

    Exec Addr    Load Addr    Size         Type   Attr      Idx    E Section Name        Object

    0x08000000   0x08000000   0x000000c0   Data   RO           22    RESET               startup_mm32spin028x_keil.o
    0x080000c0   0x080000c0   0x00000008   Code   RO         1291  * !!!main             c_p.l(__main.o)
    0x080000c8   0x080000c8   0x0000003c   Code   RO         1624    !!!scatter          c_p.l(__scatter.o)
    0x08000104   0x08000104   0x0000001a   Code   RO         1626    !!handler_copy      c_p.l(__scatter_copy.o)
    0x0800011e   0x0800011e   0x00000002   PAD
    0x08000120   0x08000120   0x0000001c   Code   RO         1628    !!handler_zi        c_p.l(__scatter_zi.o)
    0x0800013c   0x0800013c   0x00000002   Code   RO         1379    .ARM.Collect$$_printf_percent$$00000000  c_p.l(_printf_percent.o)
    0x0800013e   0x0800013e   0x0000000a   Code   RO         1368    .ARM.Collect$$_printf_percent$$00000001  c_p.l(_printf_n.o)
    0x08000148   0x08000148   0x0000000a   Code   RO         1370    .ARM.Collect$$_printf_percent$$00000002  c_p.l(_printf_p.o)
    0x08000152   0x08000152   0x0000000a   Code   RO         1375    .ARM.Collect$$_printf_percent$$00000003  c_p.l(_printf_f.o)
    0x0800015c   0x0800015c   0x0000000a   Code   RO         1376    .ARM.Collect$$_printf_percent$$00000004  c_p.l(_printf_e.o)
    0x08000166   0x08000166   0x0000000a   Code   RO         1377    .ARM.Collect$$_printf_percent$$00000005  c_p.l(_printf_g.o)
    0x08000170   0x08000170   0x0000000a   Code   RO         1378    .ARM.Collect$$_printf_percent$$00000006  c_p.l(_printf_a.o)
    0x0800017a   0x0800017a   0x0000000a   Code   RO         1383    .ARM.Collect$$_printf_percent$$00000007  c_p.l(_printf_ll.o)
    0x08000184   0x08000184   0x0000000a   Code   RO         1372    .ARM.Collect$$_printf_percent$$00000008  c_p.l(_printf_i.o)
    0x0800018e   0x0800018e   0x0000000a   Code   RO         1373    .ARM.Collect$$_printf_percent$$00000009  c_p.l(_printf_d.o)
    0x08000198   0x08000198   0x0000000a   Code   RO         1374    .ARM.Collect$$_printf_percent$$0000000A  c_p.l(_printf_u.o)
    0x080001a2   0x080001a2   0x0000000a   Code   RO         1371    .ARM.Collect$$_printf_percent$$0000000B  c_p.l(_printf_o.o)
    0x080001ac   0x080001ac   0x0000000a   Code   RO         1369    .ARM.Collect$$_printf_percent$$0000000C  c_p.l(_printf_x.o)
    0x080001b6   0x080001b6   0x0000000a   Code   RO         1380    .ARM.Collect$$_printf_percent$$0000000D  c_p.l(_printf_lli.o)
    0x080001c0   0x080001c0   0x0000000a   Code   RO         1381    .ARM.Collect$$_printf_percent$$0000000E  c_p.l(_printf_lld.o)
    0x080001ca   0x080001ca   0x0000000a   Code   RO         1382    .ARM.Collect$$_printf_percent$$0000000F  c_p.l(_printf_llu.o)
    0x080001d4   0x080001d4   0x0000000a   Code   RO         1387    .ARM.Collect$$_printf_percent$$00000010  c_p.l(_printf_llo.o)
    0x080001de   0x080001de   0x0000000a   Code   RO         1388    .ARM.Collect$$_printf_percent$$00000011  c_p.l(_printf_llx.o)
    0x080001e8   0x080001e8   0x0000000a   Code   RO         1384    .ARM.Collect$$_printf_percent$$00000012  c_p.l(_printf_l.o)
    0x080001f2   0x080001f2   0x0000000a   Code   RO         1366    .ARM.Collect$$_printf_percent$$00000013  c_p.l(_printf_c.o)
    0x080001fc   0x080001fc   0x0000000a   Code   RO         1367    .ARM.Collect$$_printf_percent$$00000014  c_p.l(_printf_s.o)
    0x08000206   0x08000206   0x0000000a   Code   RO         1385    .ARM.Collect$$_printf_percent$$00000015  c_p.l(_printf_lc.o)
    0x08000210   0x08000210   0x0000000a   Code   RO         1386    .ARM.Collect$$_printf_percent$$00000016  c_p.l(_printf_ls.o)
    0x0800021a   0x0800021a   0x00000004   Code   RO         1431    .ARM.Collect$$_printf_percent$$00000017  c_p.l(_printf_percent_end.o)
    0x0800021e   0x0800021e   0x00000002   Code   RO         1471    .ARM.Collect$$libinit$$00000000  c_p.l(libinit.o)
    0x08000220   0x08000220   0x00000000   Code   RO         1497    .ARM.Collect$$libinit$$00000002  c_p.l(libinit2.o)
    0x08000220   0x08000220   0x00000000   Code   RO         1499    .ARM.Collect$$libinit$$00000004  c_p.l(libinit2.o)
    0x08000220   0x08000220   0x00000000   Code   RO         1501    .ARM.Collect$$libinit$$00000006  c_p.l(libinit2.o)
    0x08000220   0x08000220   0x00000000   Code   RO         1504    .ARM.Collect$$libinit$$0000000C  c_p.l(libinit2.o)
    0x08000220   0x08000220   0x00000000   Code   RO         1506    .ARM.Collect$$libinit$$0000000E  c_p.l(libinit2.o)
    0x08000220   0x08000220   0x00000000   Code   RO         1508    .ARM.Collect$$libinit$$00000010  c_p.l(libinit2.o)
    0x08000220   0x08000220   0x00000006   Code   RO         1509    .ARM.Collect$$libinit$$00000011  c_p.l(libinit2.o)
    0x08000226   0x08000226   0x00000000   Code   RO         1511    .ARM.Collect$$libinit$$00000013  c_p.l(libinit2.o)
    0x08000226   0x08000226   0x0000000c   Code   RO         1512    .ARM.Collect$$libinit$$00000014  c_p.l(libinit2.o)
    0x08000232   0x08000232   0x00000000   Code   RO         1513    .ARM.Collect$$libinit$$00000015  c_p.l(libinit2.o)
    0x08000232   0x08000232   0x00000000   Code   RO         1515    .ARM.Collect$$libinit$$00000017  c_p.l(libinit2.o)
    0x08000232   0x08000232   0x0000000a   Code   RO         1516    .ARM.Collect$$libinit$$00000018  c_p.l(libinit2.o)
    0x0800023c   0x0800023c   0x00000000   Code   RO         1517    .ARM.Collect$$libinit$$00000019  c_p.l(libinit2.o)
    0x0800023c   0x0800023c   0x00000000   Code   RO         1519    .ARM.Collect$$libinit$$0000001B  c_p.l(libinit2.o)
    0x0800023c   0x0800023c   0x00000000   Code   RO         1521    .ARM.Collect$$libinit$$0000001D  c_p.l(libinit2.o)
    0x0800023c   0x0800023c   0x00000000   Code   RO         1523    .ARM.Collect$$libinit$$0000001F  c_p.l(libinit2.o)
    0x0800023c   0x0800023c   0x00000000   Code   RO         1525    .ARM.Collect$$libinit$$00000021  c_p.l(libinit2.o)
    0x0800023c   0x0800023c   0x00000000   Code   RO         1527    .ARM.Collect$$libinit$$00000023  c_p.l(libinit2.o)
    0x0800023c   0x0800023c   0x00000000   Code   RO         1529    .ARM.Collect$$libinit$$00000025  c_p.l(libinit2.o)
    0x0800023c   0x0800023c   0x00000000   Code   RO         1531    .ARM.Collect$$libinit$$00000027  c_p.l(libinit2.o)
    0x0800023c   0x0800023c   0x00000000   Code   RO         1535    .ARM.Collect$$libinit$$0000002E  c_p.l(libinit2.o)
    0x0800023c   0x0800023c   0x00000000   Code   RO         1537    .ARM.Collect$$libinit$$00000030  c_p.l(libinit2.o)
    0x0800023c   0x0800023c   0x00000000   Code   RO         1539    .ARM.Collect$$libinit$$00000032  c_p.l(libinit2.o)
    0x0800023c   0x0800023c   0x00000000   Code   RO         1541    .ARM.Collect$$libinit$$00000034  c_p.l(libinit2.o)
    0x0800023c   0x0800023c   0x00000002   Code   RO         1542    .ARM.Collect$$libinit$$00000035  c_p.l(libinit2.o)
    0x0800023e   0x0800023e   0x00000002   Code   RO         1579    .ARM.Collect$$libshutdown$$00000000  c_p.l(libshutdown.o)
    0x08000240   0x08000240   0x00000000   Code   RO         1607    .ARM.Collect$$libshutdown$$00000002  c_p.l(libshutdown2.o)
    0x08000240   0x08000240   0x00000000   Code   RO         1609    .ARM.Collect$$libshutdown$$00000004  c_p.l(libshutdown2.o)
    0x08000240   0x08000240   0x00000000   Code   RO         1612    .ARM.Collect$$libshutdown$$00000007  c_p.l(libshutdown2.o)
    0x08000240   0x08000240   0x00000000   Code   RO         1615    .ARM.Collect$$libshutdown$$0000000A  c_p.l(libshutdown2.o)
    0x08000240   0x08000240   0x00000000   Code   RO         1617    .ARM.Collect$$libshutdown$$0000000C  c_p.l(libshutdown2.o)
    0x08000240   0x08000240   0x00000000   Code   RO         1620    .ARM.Collect$$libshutdown$$0000000F  c_p.l(libshutdown2.o)
    0x08000240   0x08000240   0x00000002   Code   RO         1621    .ARM.Collect$$libshutdown$$00000010  c_p.l(libshutdown2.o)
    0x08000242   0x08000242   0x00000000   Code   RO         1293    .ARM.Collect$$rtentry$$00000000  c_p.l(__rtentry.o)
    0x08000242   0x08000242   0x00000000   Code   RO         1398    .ARM.Collect$$rtentry$$00000002  c_p.l(__rtentry2.o)
    0x08000242   0x08000242   0x00000006   Code   RO         1410    .ARM.Collect$$rtentry$$00000004  c_p.l(__rtentry4.o)
    0x08000248   0x08000248   0x00000000   Code   RO         1400    .ARM.Collect$$rtentry$$00000009  c_p.l(__rtentry2.o)
    0x08000248   0x08000248   0x00000004   Code   RO         1401    .ARM.Collect$$rtentry$$0000000A  c_p.l(__rtentry2.o)
    0x0800024c   0x0800024c   0x00000000   Code   RO         1403    .ARM.Collect$$rtentry$$0000000C  c_p.l(__rtentry2.o)
    0x0800024c   0x0800024c   0x00000008   Code   RO         1404    .ARM.Collect$$rtentry$$0000000D  c_p.l(__rtentry2.o)
    0x08000254   0x08000254   0x00000002   Code   RO         1481    .ARM.Collect$$rtexit$$00000000  c_p.l(rtexit.o)
    0x08000256   0x08000256   0x00000000   Code   RO         1548    .ARM.Collect$$rtexit$$00000002  c_p.l(rtexit2.o)
    0x08000256   0x08000256   0x00000004   Code   RO         1549    .ARM.Collect$$rtexit$$00000003  c_p.l(rtexit2.o)
    0x0800025a   0x0800025a   0x00000006   Code   RO         1550    .ARM.Collect$$rtexit$$00000004  c_p.l(rtexit2.o)
    0x08000260   0x08000260   0x00000044   Code   RO           23    .text               startup_mm32spin028x_keil.o
    0x080002a4   0x080002a4   0x00000040   Code   RO         1273    .text               c_p.l(snprintf.o)
    0x080002e4   0x080002e4   0x00000044   Code   RO         1275    .text               c_p.l(strlen.o)
    0x08000328   0x08000328   0x00000012   Code   RO         1281    .text               c_p.l(aeabi_memset4.o)
    0x0800033a   0x0800033a   0x00000040   Code   RO         1283    .text               c_p.l(rt_memclr.o)
    0x0800037a   0x0800037a   0x00000002   PAD
    0x0800037c   0x0800037c   0x0000016c   Code   RO         1285    .text               c_p.l(aeabi_sdiv.o)
    0x080004e8   0x080004e8   0x00000006   Code   RO         1289    .text               c_p.l(heapauxi.o)
    0x080004ee   0x080004ee   0x0000004e   Code   RO         1300    .text               c_p.l(_printf_pad.o)
    0x0800053c   0x0800053c   0x00000024   Code   RO         1302    .text               c_p.l(_printf_truncate.o)
    0x08000560   0x08000560   0x00000052   Code   RO         1304    .text               c_p.l(_printf_str.o)
    0x080005b2   0x080005b2   0x00000002   PAD
    0x080005b4   0x080005b4   0x0000006c   Code   RO         1306    .text               c_p.l(_printf_dec.o)
    0x08000620   0x08000620   0x00000026   Code   RO         1308    .text               c_p.l(_printf_charcount.o)
    0x08000646   0x08000646   0x00000002   PAD
    0x08000648   0x08000648   0x00000030   Code   RO         1310    .text               c_p.l(_printf_char_common.o)
    0x08000678   0x08000678   0x00000010   Code   RO         1312    .text               c_p.l(_snputc.o)
    0x08000688   0x08000688   0x000000bc   Code   RO         1314    .text               c_p.l(_printf_wctomb.o)
    0x08000744   0x08000744   0x00000070   Code   RO         1317    .text               c_p.l(_printf_longlong_dec.o)
    0x080007b4   0x080007b4   0x00000070   Code   RO         1323    .text               c_p.l(_printf_oct_int_ll.o)
    0x08000824   0x08000824   0x00000098   Code   RO         1343    .text               c_p.l(_printf_hex_int_ll_ptr.o)
    0x080008bc   0x080008bc   0x00000188   Code   RO         1363    .text               c_p.l(__printf_flags_ss_wp.o)
    0x08000a44   0x08000a44   0x0000007a   Code   RO         1414    .text               c_p.l(lludiv10.o)
    0x08000abe   0x08000abe   0x000000b0   Code   RO         1416    .text               c_p.l(_printf_intcommon.o)
    0x08000b6e   0x08000b6e   0x00000002   PAD
    0x08000b70   0x08000b70   0x00000414   Code   RO         1418    .text               c_p.l(_printf_fp_dec.o)
    0x08000f84   0x08000f84   0x000002d8   Code   RO         1422    .text               c_p.l(_printf_fp_hex.o)
    0x0800125c   0x0800125c   0x0000002e   Code   RO         1427    .text               c_p.l(_printf_char.o)
    0x0800128a   0x0800128a   0x0000002e   Code   RO         1429    .text               c_p.l(_printf_wchar.o)
    0x080012b8   0x080012b8   0x00000042   Code   RO         1432    .text               c_p.l(_c16rtomb.o)
    0x080012fa   0x080012fa   0x00000028   Code   RO         1434    .text               c_p.l(rtudiv10.o)
    0x08001322   0x08001322   0x0000003e   Code   RO         1436    .text               c_p.l(sys_stackheap_outer.o)
    0x08001360   0x08001360   0x00000010   Code   RO         1439    .text               c_p.l(rt_ctype_table.o)
    0x08001370   0x08001370   0x00000008   Code   RO         1444    .text               c_p.l(rt_locale_intlibspace.o)
    0x08001378   0x08001378   0x00000088   Code   RO         1446    .text               c_p.l(_printf_fp_infnan.o)
    0x08001400   0x08001400   0x000000d8   Code   RO         1448    .text               c_p.l(bigflt0.o)
    0x080014d8   0x080014d8   0x00000580   Code   RO         1451    .text               c_p.l(btod.o)
    0x08001a58   0x08001a58   0x00000010   Code   RO         1460    .text               c_p.l(exit.o)
    0x08001a68   0x08001a68   0x00000008   Code   RO         1477    .text               c_p.l(libspace.o)
    0x08001a70   0x08001a70   0x00000088   Code   RO         1494    .text               c_p.l(strcmp.o)
    0x08001af8   0x08001af8   0x0000000c   Code   RO         1543    .text               c_p.l(sys_exit.o)
    0x08001b04   0x08001b04   0x00000002   Code   RO         1568    .text               c_p.l(use_no_semi.o)
    0x08001b06   0x08001b06   0x00000000   Code   RO         1570    .text               c_p.l(indicate_semi.o)
    0x08001b06   0x08001b06   0x000000b6   Code   RO            6    .text.AutoCalPllFactor  system_mm32spin028x.o
    0x08001bbc   0x08001bbc   0x00000008   Code   RO         1080    .text.Board_Gpio_Af_Init  board.o
    0x08001bc4   0x08001bc4   0x0000000c   Code   RO         1078    .text.Board_Gpio_Init  board.o
    0x08001bd0   0x08001bd0   0x00000050   Code   RO         1072    .text.Board_Led_Init  board.o
    0x08001c20   0x08001c20   0x00000028   Code   RO         1076    .text.Board_Uart_Af_Init  board.o
    0x08001c48   0x08001c48   0x00000044   Code   RO         1074    .text.Board_Uart_Init  board.o
    0x08001c8c   0x08001c8c   0x00000008   Code   RO         1131    .text.Clear_Over_Flag  systick.o
    0x08001c94   0x08001c94   0x00000070   Code   RO           10    .text.DELAY_xUs     system_mm32spin028x.o
    0x08001d04   0x08001d04   0x00000044   Code   RO         1163    .text.DMA1_Channel1_IRQHandler  main.o
    0x08001d48   0x08001d48   0x00000010   Code   RO          259    .text.DMA_ClearITPendingBit  hal_dma.o
    0x08001d58   0x08001d58   0x00000022   Code   RO          245    .text.DMA_Cmd       hal_dma.o
    0x08001d7a   0x08001d7a   0x00000002   PAD
    0x08001d7c   0x08001d7c   0x00000044   Code   RO          239    .text.DMA_DeInit    hal_dma.o
    0x08001dc0   0x08001dc0   0x00000018   Code   RO          257    .text.DMA_GetITStatus  hal_dma.o
    0x08001dd8   0x08001dd8   0x00000034   Code   RO          247    .text.DMA_ITConfig  hal_dma.o
    0x08001e0c   0x08001e0c   0x00000068   Code   RO          241    .text.DMA_Init      hal_dma.o
    0x08001e74   0x08001e74   0x0000003a   Code   RO          243    .text.DMA_StructInit  hal_dma.o
    0x08001eae   0x08001eae   0x00000002   PAD
    0x08001eb0   0x08001eb0   0x00000048   Code   RO         1108    .text.Drv_Uart_Init  drv_uart.o
    0x08001ef8   0x08001ef8   0x00000110   Code   RO          378    .text.GPIO_Init     hal_gpio.o
    0x08002008   0x08002008   0x0000004e   Code   RO          402    .text.GPIO_PinAFConfig  hal_gpio.o
    0x08002056   0x08002056   0x00000002   PAD
    0x08002058   0x08002058   0x0000001c   Code   RO          380    .text.GPIO_StructInit  hal_gpio.o
    0x08002074   0x08002074   0x0000002c   Code   RO          394    .text.GPIO_WriteBit  hal_gpio.o
    0x080020a0   0x080020a0   0x00000008   Code   RO         1127    .text.Get_Systick_Cnt  systick.o
    0x080020a8   0x080020a8   0x00000010   Code   RO         1143    .text.Inc_Systicks  systick.o
    0x080020b8   0x080020b8   0x00000078   Code   RO          515    .text.NVIC_Init     hal_misc.o
    0x08002130   0x08002130   0x0000009c   Code   RO         1235    .text.NextColor     neopixel_animation.o
    0x080021cc   0x080021cc   0x0000002c   Code   RO         1212    .text.PWM_DMA_IRQ_Init  pwm_dma.o
    0x080021f8   0x080021f8   0x00000014   Code   RO         1208    .text.PWM_DMA_Init  pwm_dma.o
    0x0800220c   0x0800220c   0x00000060   Code   RO         1216    .text.PWM_DMA_Init_Internal  pwm_dma.o
    0x0800226c   0x0800226c   0x00000054   Code   RO         1218    .text.PWM_DMA_Start  pwm_dma.o
    0x080022c0   0x080022c0   0x0000003c   Code   RO         1220    .text.PWM_DMA_Stop  pwm_dma.o
    0x080022fc   0x080022fc   0x00000032   Code   RO         1210    .text.PWM_GPIO_Init  pwm_dma.o
    0x0800232e   0x0800232e   0x00000002   PAD
    0x08002330   0x08002330   0x00000094   Code   RO         1214    .text.PWM_Timer_Init  pwm_dma.o
    0x080023c4   0x080023c4   0x0000002c   Code   RO          605    .text.RCC_AHBPeriphClockCmd  hal_rcc.o
    0x080023f0   0x080023f0   0x00000030   Code   RO          609    .text.RCC_APB1PeriphClockCmd  hal_rcc.o
    0x08002420   0x08002420   0x00000030   Code   RO          607    .text.RCC_APB2PeriphClockCmd  hal_rcc.o
    0x08002450   0x08002450   0x00000040   Code   RO          659    .text.RCC_DMA_ClockCmd  hal_rcc.o
    0x08002490   0x08002490   0x000000ec   Code   RO          661    .text.RCC_GPIO_ClockCmd  hal_rcc.o
    0x0800257c   0x0800257c   0x00000018   Code   RO          597    .text.RCC_GetHCLKFreq  hal_rcc.o
    0x08002594   0x08002594   0x0000001c   Code   RO          599    .text.RCC_GetPCLK1Freq  hal_rcc.o
    0x080025b0   0x080025b0   0x00000020   Code   RO          601    .text.RCC_GetPCLK2Freq  hal_rcc.o
    0x080025d0   0x080025d0   0x00000094   Code   RO          595    .text.RCC_GetSysClockFreq  hal_rcc.o
    0x08002664   0x08002664   0x00000024   Code   RO         1259    .text.RGB           neopixel_animation.o
    0x08002688   0x08002688   0x00000008   Code   RO            4    .text.SetSysClock   system_mm32spin028x.o
    0x08002690   0x08002690   0x000001ac   Code   RO            8    .text.SetSysClockToXX_HSI  system_mm32spin028x.o
    0x0800283c   0x0800283c   0x00000050   Code   RO         1125    .text.SysTick_Config  systick.o
    0x0800288c   0x0800288c   0x0000000c   Code   RO         1141    .text.SysTick_Handler  systick.o
    0x08002898   0x08002898   0x00000060   Code   RO            2    .text.SystemInit    system_mm32spin028x.o
    0x080028f8   0x080028f8   0x00000018   Code   RO         1121    .text.Systick_Init  systick.o
    0x08002910   0x08002910   0x0000003c   Code   RO         1167    .text.TIM2_IRQHandler  main.o
    0x0800294c   0x0800294c   0x0000002c   Code   RO          825    .text.TIM_ARRPreloadConfig  hal_tim.o
    0x08002978   0x08002978   0x00000014   Code   RO          923    .text.TIM_ClearITPendingBit  hal_tim.o
    0x0800298c   0x0800298c   0x0000002c   Code   RO          785    .text.TIM_Cmd       hal_tim.o
    0x080029b8   0x080029b8   0x00000030   Code   RO          787    .text.TIM_CtrlPWMOutputs  hal_tim.o
    0x080029e8   0x080029e8   0x0000002e   Code   RO          795    .text.TIM_DMACmd    hal_tim.o
    0x08002a16   0x08002a16   0x00000030   Code   RO          921    .text.TIM_GetITStatus  hal_tim.o
    0x08002a46   0x08002a46   0x00000002   PAD
    0x08002a48   0x08002a48   0x00000088   Code   RO          751    .text.TIM_OC3Init   hal_tim.o
    0x08002ad0   0x08002ad0   0x00000022   Code   RO          837    .text.TIM_OC3PreloadConfig  hal_tim.o
    0x08002af2   0x08002af2   0x0000002a   Code   RO          779    .text.TIM_OCStructInit  hal_tim.o
    0x08002b1c   0x08002b1c   0x00000028   Code   RO          901    .text.TIM_SetCompare3  hal_tim.o
    0x08002b44   0x08002b44   0x00000028   Code   RO          895    .text.TIM_SetCounter  hal_tim.o
    0x08002b6c   0x08002b6c   0x000000c4   Code   RO          745    .text.TIM_TimeBaseInit  hal_tim.o
    0x08002c30   0x08002c30   0x00000020   Code   RO          777    .text.TIM_TimeBaseStructInit  hal_tim.o
    0x08002c50   0x08002c50   0x00000010   Code   RO         1165    .text.TimerUpdate_Callback  main.o
    0x08002c60   0x08002c60   0x0000001c   Code   RO         1161    .text.TransferComplete_Callback  main.o
    0x08002c7c   0x08002c7c   0x00000022   Code   RO          964    .text.UART_Cmd      hal_uart.o
    0x08002c9e   0x08002c9e   0x0000001e   Code   RO          974    .text.UART_GetFlagStatus  hal_uart.o
    0x08002cbc   0x08002cbc   0x000000a8   Code   RO          960    .text.UART_Init     hal_uart.o
    0x08002d64   0x08002d64   0x00000012   Code   RO          970    .text.UART_SendData  hal_uart.o
    0x08002d76   0x08002d76   0x0000002a   Code   RO          962    .text.UART_StructInit  hal_uart.o
    0x08002da0   0x08002da0   0x0000002c   Code   RO         1112    .text.Uart_Put_Buff  drv_uart.o
    0x08002dcc   0x08002dcc   0x00000030   Code   RO         1110    .text.Uart_Put_Char  drv_uart.o
    0x08002dfc   0x08002dfc   0x0000007c   Code   RO         1233    .text.Wheel         neopixel_animation.o
    0x08002e78   0x08002e78   0x00000084   Code   RO         1123    .text.__NVIC_SetPriority  systick.o
    0x08002efc   0x08002efc   0x00000050   Code   RO         1155    .text.blink_led     main.o
    0x08002f4c   0x08002f4c   0x00000010   Code   RO          265    .text.exDMA_SetMemoryAddress  hal_dma.o
    0x08002f5c   0x08002f5c   0x00000012   Code   RO          263    .text.exDMA_SetTransmitLen  hal_dma.o
    0x08002f6e   0x08002f6e   0x00000002   PAD
    0x08002f70   0x08002f70   0x000000a8   Code   RO         1153    .text.main          main.o
    0x08003018   0x08003018   0x00000026   Code   RO         1255    .text.neopixel_anim_close  neopixel_animation.o
    0x0800303e   0x0800303e   0x00000002   PAD
    0x08003040   0x08003040   0x00000064   Code   RO         1229    .text.neopixel_anim_init  neopixel_animation.o
    0x080030a4   0x080030a4   0x00000020   Code   RO         1257    .text.neopixel_anim_solid  neopixel_animation.o
    0x080030c4   0x080030c4   0x000005b8   Code   RO         1231    .text.neopixel_anim_update  neopixel_animation.o
    0x0800367c   0x0800367c   0x00000018   Code   RO         1189    .text.neopixel_clear  neopixel.o
    0x08003694   0x08003694   0x00000054   Code   RO         1187    .text.neopixel_init  neopixel.o
    0x080036e8   0x080036e8   0x000001a8   Code   RO         1197    .text.neopixel_set_brightness  neopixel.o
    0x08003890   0x08003890   0x0000012e   Code   RO         1191    .text.neopixel_set_pixel_color  neopixel.o
    0x080039be   0x080039be   0x0000002c   Code   RO         1199    .text.neopixel_set_pixel_color_rgb  neopixel.o
    0x080039ea   0x080039ea   0x00000002   PAD
    0x080039ec   0x080039ec   0x00000060   Code   RO         1193    .text.neopixel_store_initial  neopixel.o
    0x08003a4c   0x08003a4c   0x0000001a   Code   RO         1195    .text.neopixel_update  neopixel.o
    0x08003a66   0x08003a66   0x00000002   PAD
    0x08003a68   0x08003a68   0x00000028   Code   RO         1157    .text.print_msg     main.o
    0x08003a90   0x08003a90   0x00000048   Code   RO         1159    .text.send_pwm      main.o
    0x08003ad8   0x08003ad8   0x00000030   Code   RO         1453    i.__ARM_common_ll_muluu  c_p.l(btod.o)
    0x08003b08   0x08003b08   0x0000002c   Code   RO         1475    i.__ARM_fpclassify  m_ps.l(fpclassify.o)
    0x08003b34   0x08003b34   0x0000000e   Code   RO         1356    i._is_digit         c_p.l(__printf_wp.o)
    0x08003b42   0x08003b42   0x00000002   PAD
    0x08003b44   0x08003b44   0x0000002c   Code   RO         1458    locale$$code        c_p.l(lc_numeric_c.o)
    0x08003b70   0x08003b70   0x0000002c   Code   RO         1488    locale$$code        c_p.l(lc_ctype_c.o)
    0x08003b9c   0x08003b9c   0x00000010   Code   RO         1389    x$fpl$printf1       fz_ps.l(printf1.o)
    0x08003bac   0x08003bac   0x00000010   Code   RO         1391    x$fpl$printf2       fz_ps.l(printf2.o)
    0x08003bbc   0x08003bbc   0x00000000   Code   RO         1474    x$fpl$usenofp       fz_ps.l(usenofp.o)
    0x08003bbc   0x08003bbc   0x00000008   Data   RO         1315    .constdata          c_p.l(_printf_wctomb.o)
    0x08003bc4   0x08003bc4   0x00000028   Data   RO         1344    .constdata          c_p.l(_printf_hex_int_ll_ptr.o)
    0x08003bec   0x08003bec   0x00000011   Data   RO         1364    .constdata          c_p.l(__printf_flags_ss_wp.o)
    0x08003bfd   0x08003bfd   0x00000026   Data   RO         1423    .constdata          c_p.l(_printf_fp_hex.o)
    0x08003c23   0x08003c23   0x00000001   PAD
    0x08003c24   0x08003c24   0x00000094   Data   RO         1449    .constdata          c_p.l(bigflt0.o)
    0x08003cb8   0x08003cb8   0x00000024   Data   RO         1261    .rodata.rainbow_colors  neopixel_animation.o
    0x08003cdc   0x08003cdc   0x00000017   Data   RO         1172    .rodata.str1.1      main.o
    0x08003cf3   0x08003cf3   0x0000002e   Data   RO         1263    .rodata.str1.1      neopixel_animation.o
    0x08003d21   0x08003d21   0x00000003   PAD
    0x08003d24   0x08003d24   0x00000020   Data   RO         1623    Region$$Table       anon$$obj.o
    0x08003d44   0x08003d44   0x0000001c   Data   RO         1457    locale$$data        c_p.l(lc_numeric_c.o)
    0x08003d60   0x08003d60   0x00000110   Data   RO         1487    locale$$data        c_p.l(lc_ctype_c.o)


    Execution Region RW_IRAM1 (Exec base: 0x20000000, Load base: 0x08003e70, Size: 0x00000b30, Max: 0x00002000, ABSOLUTE)

    Exec Addr    Load Addr    Size         Type   Attr      Idx    E Section Name        Object

    0x20000000   0x08003e70   0x00000004   Data   RW           12    .data.SystemCoreClock  system_mm32spin028x.o
    0x20000004   0x08003e74   0x00000010   Data   RW          667    .data.tbPresc       hal_rcc.o
    0x20000014   0x08003e84   0x00000004   PAD
    0x20000018        -       0x00000060   Zero   RW         1478    .bss                c_p.l(libspace.o)
    0x20000078        -       0x00000004   Zero   RW         1169    .bss.TimUpdateCnt   main.o
    0x2000007c        -       0x00000004   Zero   RW         1145    .bss._u32Systicks   systick.o
    0x20000080        -       0x00000028   Zero   RW         1174    .bss.anim           main.o
    0x200000a8        -       0x00000004   Zero   RW         1175    .bss.blink_led.last_tick  main.o
    0x200000ac        -       0x00000001   Zero   RW         1176    .bss.blink_led.led_state  main.o
    0x200000ad        -       0x00000100   Zero   RW         1171    .bss.debugBuffer    main.o
    0x200001ad        -       0x00000001   Zero   RW         1170    .bss.dma_transfer_cplt_cnt  main.o
    0x200001ae   0x08003e84   0x00000002   PAD
    0x200001b0        -       0x000002b0   Zero   RW         1173    .bss.neopixel       main.o
    0x20000460        -       0x00000064   Zero   RW         1262    .bss.neopixel_anim_init.dbgBuff  neopixel_animation.o
    0x200004c4        -       0x00000064   Zero   RW         1264    .bss.neopixel_anim_update.dbgBuff  neopixel_animation.o
    0x20000528        -       0x00000004   Zero   RW         1177    .bss.print_msg.last_tick  main.o
    0x2000052c        -       0x00000004   Zero   RW         1178    .bss.send_pwm.last_tick  main.o
    0x20000530        -       0x00000200   Zero   RW           21    HEAP                startup_mm32spin028x_keil.o
    0x20000730        -       0x00000400   Zero   RW           20    STACK               startup_mm32spin028x_keil.o


==============================================================================

Image component sizes


      Code (inc. data)   RO Data    RW Data    ZI Data      Debug   Object Name

       208         12          0          0          0       1868   board.o
       164          8          0          0          0       2531   drv_uart.o
       390         12          0          0          0       6170   hal_dma.o
       422          0          0          0          0       4564   hal_gpio.o
       120         16          0          0          0       2594   hal_misc.o
       672         36          0         16          0      16279   hal_rcc.o
       770         20          0          0          0      23267   hal_tim.o
       292          0          0          0          0       6602   hal_uart.o
       532         72         23          0       1002       4923   main.o
      1000         12          0          0          0       3211   neopixel.o
      1950        100         82          0        200       7078   neopixel_animation.o
       502         16          0          0          0       7703   pwm_dma.o
        68         32        192          0       1536        724   startup_mm32spin028x_keil.o
       826         80          0          4          0       3065   system_mm32spin028x.o
       280         24          0          0          4       3749   systick.o

    ----------------------------------------------------------------------
      8214        440        332         20       2748      94328   Object Totals
         0          0         32          0          0          0   (incl. Generated)
        18          0          3          0          6          0   (incl. Padding)

    ----------------------------------------------------------------------

      Code (inc. data)   RO Data    RW Data    ZI Data      Debug   Library Member Name

         8          0          0          0          0         68   __main.o
       392          6         17          0          0         76   __printf_flags_ss_wp.o
        14          0          0          0          0         60   __printf_wp.o
         0          0          0          0          0          0   __rtentry.o
        12          0          0          0          0          0   __rtentry2.o
         6          0          0          0          0          0   __rtentry4.o
        60          8          0          0          0          0   __scatter.o
        26          0          0          0          0          0   __scatter_copy.o
        28          0          0          0          0          0   __scatter_zi.o
        66          0          0          0          0         76   _c16rtomb.o
        10          0          0          0          0          0   _printf_a.o
        10          0          0          0          0          0   _printf_c.o
        46          0          0          0          0        100   _printf_char.o
        48          6          0          0          0         88   _printf_char_common.o
        38          0          0          0          0         60   _printf_charcount.o
        10          0          0          0          0          0   _printf_d.o
       108         18          0          0          0         76   _printf_dec.o
        10          0          0          0          0          0   _printf_e.o
        10          0          0          0          0          0   _printf_f.o
      1044         12          0          0          0        116   _printf_fp_dec.o
       728         10         38          0          0         84   _printf_fp_hex.o
       136         16          0          0          0         76   _printf_fp_infnan.o
        10          0          0          0          0          0   _printf_g.o
       152          4         40          0          0        148   _printf_hex_int_ll_ptr.o
        10          0          0          0          0          0   _printf_i.o
       176          0          0          0          0         84   _printf_intcommon.o
        10          0          0          0          0          0   _printf_l.o
        10          0          0          0          0          0   _printf_lc.o
        10          0          0          0          0          0   _printf_ll.o
        10          0          0          0          0          0   _printf_lld.o
        10          0          0          0          0          0   _printf_lli.o
        10          0          0          0          0          0   _printf_llo.o
        10          0          0          0          0          0   _printf_llu.o
        10          0          0          0          0          0   _printf_llx.o
       112         18          0          0          0         76   _printf_longlong_dec.o
        10          0          0          0          0          0   _printf_ls.o
        10          0          0          0          0          0   _printf_n.o
        10          0          0          0          0          0   _printf_o.o
       112         10          0          0          0        112   _printf_oct_int_ll.o
        10          0          0          0          0          0   _printf_p.o
        78          0          0          0          0        100   _printf_pad.o
         2          0          0          0          0          0   _printf_percent.o
         4          0          0          0          0          0   _printf_percent_end.o
        10          0          0          0          0          0   _printf_s.o
        82          0          0          0          0         72   _printf_str.o
        36          0          0          0          0         76   _printf_truncate.o
        10          0          0          0          0          0   _printf_u.o
        46          0          0          0          0        100   _printf_wchar.o
       188          6          8          0          0         80   _printf_wctomb.o
        10          0          0          0          0          0   _printf_x.o
        16          0          0          0          0         60   _snputc.o
        18          0          0          0          0         68   aeabi_memset4.o
       364          4          0          0          0         92   aeabi_sdiv.o
       216          6        148          0          0         80   bigflt0.o
      1456         30          0          0          0        336   btod.o
        16          0          0          0          0         68   exit.o
         6          0          0          0          0        136   heapauxi.o
         0          0          0          0          0          0   indicate_semi.o
        44         10        272          0          0         76   lc_ctype_c.o
        44         10         28          0          0         76   lc_numeric_c.o
         2          0          0          0          0          0   libinit.o
        30          0          0          0          0          0   libinit2.o
         2          0          0          0          0          0   libshutdown.o
         2          0          0          0          0          0   libshutdown2.o
         8          4          0          0         96         68   libspace.o
       122          0          0          0          0         72   lludiv10.o
        16          4          0          0          0         76   rt_ctype_table.o
         8          4          0          0          0         68   rt_locale_intlibspace.o
        64          0          0          0          0        108   rt_memclr.o
         2          0          0          0          0          0   rtexit.o
        10          0          0          0          0          0   rtexit2.o
        40          0          0          0          0         60   rtudiv10.o
        64          4          0          0          0         84   snprintf.o
       136          4          0          0          0         72   strcmp.o
        68          6          0          0          0         72   strlen.o
        12          4          0          0          0         60   sys_exit.o
        62          0          0          0          0         80   sys_stackheap_outer.o
         2          0          0          0          0         68   use_no_semi.o
        16          4          0          0          0         76   printf1.o
        16          4          0          0          0         76   printf2.o
         0          0          0          0          0          0   usenofp.o
        44          4          0          0          0         60   fpclassify.o

    ----------------------------------------------------------------------
      6886        216        552          0         96       3820   Library Totals
        12          0          1          0          0          0   (incl. Padding)

    ----------------------------------------------------------------------

      Code (inc. data)   RO Data    RW Data    ZI Data      Debug   Library Name

      6798        204        551          0         96       3608   c_p.l
        32          8          0          0          0        152   fz_ps.l
        44          4          0          0          0         60   m_ps.l

    ----------------------------------------------------------------------
      6886        216        552          0         96       3820   Library Totals

    ----------------------------------------------------------------------

==============================================================================


      Code (inc. data)   RO Data    RW Data    ZI Data      Debug   

     15100        656        884         20       2844      96068   Grand Totals
     15100        656        884         20       2844      96068   ELF Image Totals
     15100        656        884         20          0          0   ROM Totals

==============================================================================

    Total RO  Size (Code + RO Data)                15984 (  15.61kB)
    Total RW  Size (RW Data + ZI Data)              2864 (   2.80kB)
    Total ROM Size (Code + RO Data + RW Data)      16004 (  15.63kB)

==============================================================================

