Component: Arm Compiler for Embedded 6.18 Tool: armlink [5e4cc100]

==============================================================================

Section Cross References

    system_mm32spin028x.o(.text.SystemInit) refers to system_mm32spin028x.o(.text.SetSysClock) for SetSysClock
    system_mm32spin028x.o(.ARM.exidx.text.SystemInit) refers to system_mm32spin028x.o(.text.SystemInit) for [Anonymous Symbol]
    system_mm32spin028x.o(.text.SetSysClock) refers to system_mm32spin028x.o(.text.SetSysClockToXX) for SetSysClockToXX
    system_mm32spin028x.o(.ARM.exidx.text.SetSysClock) refers to system_mm32spin028x.o(.text.SetSysClock) for [Anonymous Symbol]
    system_mm32spin028x.o(.text.AutoCalPllFactor) refers to aeabi_sdiv.o(.text) for __aeabi_uidiv
    system_mm32spin028x.o(.ARM.exidx.text.AutoCalPllFactor) refers to system_mm32spin028x.o(.text.AutoCalPllFactor) for [Anonymous Symbol]
    system_mm32spin028x.o(.text.SetSysClockToXX) refers to system_mm32spin028x.o(.text.DELAY_xUs) for DELAY_xUs
    system_mm32spin028x.o(.text.SetSysClockToXX) refers to aeabi_sdiv.o(.text) for __aeabi_uidiv
    system_mm32spin028x.o(.text.SetSysClockToXX) refers to system_mm32spin028x.o(.text.AutoCalPllFactor) for AutoCalPllFactor
    system_mm32spin028x.o(.text.SetSysClockToXX) refers to system_mm32spin028x.o(.data.SystemCoreClock) for SystemCoreClock
    system_mm32spin028x.o(.ARM.exidx.text.SetSysClockToXX) refers to system_mm32spin028x.o(.text.SetSysClockToXX) for [Anonymous Symbol]
    system_mm32spin028x.o(.ARM.exidx.text.DELAY_xUs) refers to system_mm32spin028x.o(.text.DELAY_xUs) for [Anonymous Symbol]
    startup_mm32spin028x_keil.o(STACK) refers (Special) to heapauxi.o(.text) for __use_two_region_memory
    startup_mm32spin028x_keil.o(HEAP) refers (Special) to heapauxi.o(.text) for __use_two_region_memory
    startup_mm32spin028x_keil.o(RESET) refers (Special) to heapauxi.o(.text) for __use_two_region_memory
    startup_mm32spin028x_keil.o(RESET) refers to startup_mm32spin028x_keil.o(STACK) for __initial_sp
    startup_mm32spin028x_keil.o(RESET) refers to startup_mm32spin028x_keil.o(.text) for Reset_Handler
    startup_mm32spin028x_keil.o(RESET) refers to systick.o(.text.SysTick_Handler) for SysTick_Handler
    startup_mm32spin028x_keil.o(RESET) refers to main.o(.text.DMA1_Channel1_IRQHandler) for DMA1_Channel1_IRQHandler
    startup_mm32spin028x_keil.o(RESET) refers to main.o(.text.TIM2_IRQHandler) for TIM2_IRQHandler
    startup_mm32spin028x_keil.o(.text) refers (Special) to heapauxi.o(.text) for __use_two_region_memory
    startup_mm32spin028x_keil.o(.text) refers to startup_mm32spin028x_keil.o(STACK) for __initial_sp
    startup_mm32spin028x_keil.o(.text) refers to system_mm32spin028x.o(.text.SystemInit) for SystemInit
    startup_mm32spin028x_keil.o(.text) refers to __main.o(!!!main) for __main
    startup_mm32spin028x_keil.o(.text) refers to startup_mm32spin028x_keil.o(HEAP) for Heap_Mem
    hal_adc.o(.text.ADC_DeInit) refers to hal_rcc.o(.text.exRCC_APB2PeriphReset) for exRCC_APB2PeriphReset
    hal_adc.o(.ARM.exidx.text.ADC_DeInit) refers to hal_adc.o(.text.ADC_DeInit) for [Anonymous Symbol]
    hal_adc.o(.ARM.exidx.text.ADC_Init) refers to hal_adc.o(.text.ADC_Init) for [Anonymous Symbol]
    hal_adc.o(.ARM.exidx.text.ADC_StructInit) refers to hal_adc.o(.text.ADC_StructInit) for [Anonymous Symbol]
    hal_adc.o(.ARM.exidx.text.ADC_Cmd) refers to hal_adc.o(.text.ADC_Cmd) for [Anonymous Symbol]
    hal_adc.o(.ARM.exidx.text.ADC_DMACmd) refers to hal_adc.o(.text.ADC_DMACmd) for [Anonymous Symbol]
    hal_adc.o(.ARM.exidx.text.ADC_ITConfig) refers to hal_adc.o(.text.ADC_ITConfig) for [Anonymous Symbol]
    hal_adc.o(.ARM.exidx.text.ADC_SoftwareStartConvCmd) refers to hal_adc.o(.text.ADC_SoftwareStartConvCmd) for [Anonymous Symbol]
    hal_adc.o(.ARM.exidx.text.ADC_GetSoftwareStartConvStatus) refers to hal_adc.o(.text.ADC_GetSoftwareStartConvStatus) for [Anonymous Symbol]
    hal_adc.o(.text.ADC_RegularChannelConfig) refers to hal_adc.o(.text.ADC_TempSensorVrefintCmd) for ADC_TempSensorVrefintCmd
    hal_adc.o(.ARM.exidx.text.ADC_RegularChannelConfig) refers to hal_adc.o(.text.ADC_RegularChannelConfig) for [Anonymous Symbol]
    hal_adc.o(.ARM.exidx.text.ADC_TempSensorVrefintCmd) refers to hal_adc.o(.text.ADC_TempSensorVrefintCmd) for [Anonymous Symbol]
    hal_adc.o(.ARM.exidx.text.ADC_ExternalTrigConvCmd) refers to hal_adc.o(.text.ADC_ExternalTrigConvCmd) for [Anonymous Symbol]
    hal_adc.o(.ARM.exidx.text.ADC_ExternalTrigConvConfig) refers to hal_adc.o(.text.ADC_ExternalTrigConvConfig) for [Anonymous Symbol]
    hal_adc.o(.ARM.exidx.text.ADC_GetConversionValue) refers to hal_adc.o(.text.ADC_GetConversionValue) for [Anonymous Symbol]
    hal_adc.o(.ARM.exidx.text.ADC_GetDualModeConversionValue) refers to hal_adc.o(.text.ADC_GetDualModeConversionValue) for [Anonymous Symbol]
    hal_adc.o(.ARM.exidx.text.ADC_AnalogWatchdogCmd) refers to hal_adc.o(.text.ADC_AnalogWatchdogCmd) for [Anonymous Symbol]
[...]
    _fp_trap_init                             - Undefined Weak Reference
    _fp_trap_shutdown                         - Undefined Weak Reference
    _get_lc_collate                           - Undefined Weak Reference
    _get_lc_monetary                          - Undefined Weak Reference
    _get_lc_time                              - Undefined Weak Reference
    _getenv_init                              - Undefined Weak Reference
    _handle_redirection                       - Undefined Weak Reference
    _init_alloc                               - Undefined Weak Reference
    _init_user_alloc                          - Undefined Weak Reference
    _initio                                   - Undefined Weak Reference
    _printf_mbtowc                            - Undefined Weak Reference
    _printf_wc                                - Undefined Weak Reference
    _rand_init                                - Undefined Weak Reference
    _signal_finish                            - Undefined Weak Reference
    _signal_init                              - Undefined Weak Reference
    _terminate_alloc                          - Undefined Weak Reference
    _terminate_user_alloc                     - Undefined Weak Reference
    _terminateio                              - Undefined Weak Reference
    __Vectors_Size                           0x000000c0   Number         0  startup_mm32spin028x_keil.o ABSOLUTE
    __Vectors                                0x08000000   Data           4  startup_mm32spin028x_keil.o(RESET)
    __Vectors_End                            0x080000c0   Data           0  startup_mm32spin028x_keil.o(RESET)
    __main                                   0x080000c1   Thumb Code     8  __main.o(!!!main)
    __scatterload                            0x080000c9   Thumb Code     0  __scatter.o(!!!scatter)
    __scatterload_rt2                        0x080000c9   Thumb Code    52  __scatter.o(!!!scatter)
    __scatterload_rt2_thumb_only             0x080000c9   Thumb Code     0  __scatter.o(!!!scatter)
    __scatterload_null                       0x080000d9   Thumb Code     0  __scatter.o(!!!scatter)
    __scatterload_copy                       0x08000105   Thumb Code    26  __scatter_copy.o(!!handler_copy)
    __scatterload_zeroinit                   0x08000121   Thumb Code    28  __scatter_zi.o(!!handler_zi)
    _printf_percent                          0x0800013d   Thumb Code     0  _printf_percent.o(.ARM.Collect$$_printf_percent$$00000000)
    _printf_n                                0x0800013f   Thumb Code     0  _printf_n.o(.ARM.Collect$$_printf_percent$$00000001)
    _printf_p                                0x08000149   Thumb Code     0  _printf_p.o(.ARM.Collect$$_printf_percent$$00000002)
    _printf_f                                0x08000153   Thumb Code     0  _printf_f.o(.ARM.Collect$$_printf_percent$$00000003)
    _printf_e                                0x0800015d   Thumb Code     0  _printf_e.o(.ARM.Collect$$_printf_percent$$00000004)
    _printf_g                                0x08000167   Thumb Code     0  _printf_g.o(.ARM.Collect$$_printf_percent$$00000005)
    _printf_a                                0x08000171   Thumb Code     0  _printf_a.o(.ARM.Collect$$_printf_percent$$00000006)
    _printf_ll                               0x0800017b   Thumb Code     0  _printf_ll.o(.ARM.Collect$$_printf_percent$$00000007)
    _printf_i                                0x08000185   Thumb Code     0  _printf_i.o(.ARM.Collect$$_printf_percent$$00000008)
    _printf_d                                0x0800018f   Thumb Code     0  _printf_d.o(.ARM.Collect$$_printf_percent$$00000009)
    _printf_u                                0x08000199   Thumb Code     0  _printf_u.o(.ARM.Collect$$_printf_percent$$0000000A)
    _printf_o                                0x080001a3   Thumb Code     0  _printf_o.o(.ARM.Collect$$_printf_percent$$0000000B)
    _printf_x                                0x080001ad   Thumb Code     0  _printf_x.o(.ARM.Collect$$_printf_percent$$0000000C)
    _printf_lli                              0x080001b7   Thumb Code     0  _printf_lli.o(.ARM.Collect$$_printf_percent$$0000000D)
    _printf_lld                              0x080001c1   Thumb Code     0  _printf_lld.o(.ARM.Collect$$_printf_percent$$0000000E)
    _printf_llu                              0x080001cb   Thumb Code     0  _printf_llu.o(.ARM.Collect$$_printf_percent$$0000000F)
    _printf_llo                              0x080001d5   Thumb Code     0  _printf_llo.o(.ARM.Collect$$_printf_percent$$00000010)
    _printf_llx                              0x080001df   Thumb Code     0  _printf_llx.o(.ARM.Collect$$_printf_percent$$00000011)
    _printf_l                                0x080001e9   Thumb Code     0  _printf_l.o(.ARM.Collect$$_printf_percent$$00000012)
    _printf_c                                0x080001f3   Thumb Code     0  _printf_c.o(.ARM.Collect$$_printf_percent$$00000013)
    _printf_s                                0x080001fd   Thumb Code     0  _printf_s.o(.ARM.Collect$$_printf_percent$$00000014)
    _printf_lc                               0x08000207   Thumb Code     0  _printf_lc.o(.ARM.Collect$$_printf_percent$$00000015)
    _printf_ls                               0x08000211   Thumb Code     0  _printf_ls.o(.ARM.Collect$$_printf_percent$$00000016)
    _printf_percent_end                      0x0800021b   Thumb Code     0  _printf_percent_end.o(.ARM.Collect$$_printf_percent$$00000017)
    __rt_lib_init                            0x0800021f   Thumb Code     0  libinit.o(.ARM.Collect$$libinit$$00000000)
    __rt_lib_init_fp_1                       0x08000221   Thumb Code     0  libinit2.o(.ARM.Collect$$libinit$$00000002)
    __rt_lib_init_heap_1                     0x08000221   Thumb Code     0  libinit2.o(.ARM.Collect$$libinit$$0000000C)
    __rt_lib_init_lc_common                  0x08000221   Thumb Code     0  libinit2.o(.ARM.Collect$$libinit$$00000011)
    __rt_lib_init_preinit_1                  0x08000221   Thumb Code     0  libinit2.o(.ARM.Collect$$libinit$$00000006)
    __rt_lib_init_rand_1                     0x08000221   Thumb Code     0  libinit2.o(.ARM.Collect$$libinit$$00000010)
    __rt_lib_init_relocate_pie_1             0x08000221   Thumb Code     0  libinit2.o(.ARM.Collect$$libinit$$00000004)
    __rt_lib_init_user_alloc_1               0x08000221   Thumb Code     0  libinit2.o(.ARM.Collect$$libinit$$0000000E)
    __rt_lib_init_lc_collate_1               0x08000227   Thumb Code     0  libinit2.o(.ARM.Collect$$libinit$$00000013)
    __rt_lib_init_lc_ctype_2                 0x08000227   Thumb Code     0  libinit2.o(.ARM.Collect$$libinit$$00000014)
    __rt_lib_init_lc_ctype_1                 0x08000233   Thumb Code     0  libinit2.o(.ARM.Collect$$libinit$$00000015)
    __rt_lib_init_lc_monetary_1              0x08000233   Thumb Code     0  libinit2.o(.ARM.Collect$$libinit$$00000017)
    __rt_lib_init_lc_numeric_2               0x08000233   Thumb Code     0  libinit2.o(.ARM.Collect$$libinit$$00000018)
    __rt_lib_init_alloca_1                   0x0800023d   Thumb Code     0  libinit2.o(.ARM.Collect$$libinit$$00000030)
    __rt_lib_init_argv_1                     0x0800023d   Thumb Code     0  libinit2.o(.ARM.Collect$$libinit$$0000002E)
    __rt_lib_init_atexit_1                   0x0800023d   Thumb Code     0  libinit2.o(.ARM.Collect$$libinit$$0000001D)
    __rt_lib_init_clock_1                    0x0800023d   Thumb Code     0  libinit2.o(.ARM.Collect$$libinit$$00000023)
    __rt_lib_init_cpp_1                      0x0800023d   Thumb Code     0  libinit2.o(.ARM.Collect$$libinit$$00000034)
    __rt_lib_init_exceptions_1               0x0800023d   Thumb Code     0  libinit2.o(.ARM.Collect$$libinit$$00000032)
    __rt_lib_init_fp_trap_1                  0x0800023d   Thumb Code     0  libinit2.o(.ARM.Collect$$libinit$$00000021)
    __rt_lib_init_getenv_1                   0x0800023d   Thumb Code     0  libinit2.o(.ARM.Collect$$libinit$$00000025)
    __rt_lib_init_lc_numeric_1               0x0800023d   Thumb Code     0  libinit2.o(.ARM.Collect$$libinit$$00000019)
    __rt_lib_init_lc_time_1                  0x0800023d   Thumb Code     0  libinit2.o(.ARM.Collect$$libinit$$0000001B)
    __rt_lib_init_return                     0x0800023d   Thumb Code     0  libinit2.o(.ARM.Collect$$libinit$$00000035)
    __rt_lib_init_signal_1                   0x0800023d   Thumb Code     0  libinit2.o(.ARM.Collect$$libinit$$0000001F)
    __rt_lib_init_stdio_1                    0x0800023d   Thumb Code     0  libinit2.o(.ARM.Collect$$libinit$$00000027)
    __rt_lib_shutdown                        0x0800023f   Thumb Code     0  libshutdown.o(.ARM.Collect$$libshutdown$$00000000)
    __rt_lib_shutdown_cpp_1                  0x08000241   Thumb Code     0  libshutdown2.o(.ARM.Collect$$libshutdown$$00000002)
    __rt_lib_shutdown_fp_trap_1              0x08000241   Thumb Code     0  libshutdown2.o(.ARM.Collect$$libshutdown$$00000007)
    __rt_lib_shutdown_heap_1                 0x08000241   Thumb Code     0  libshutdown2.o(.ARM.Collect$$libshutdown$$0000000F)
    __rt_lib_shutdown_return                 0x08000241   Thumb Code     0  libshutdown2.o(.ARM.Collect$$libshutdown$$00000010)
    __rt_lib_shutdown_signal_1               0x08000241   Thumb Code     0  libshutdown2.o(.ARM.Collect$$libshutdown$$0000000A)
    __rt_lib_shutdown_stdio_1                0x08000241   Thumb Code     0  libshutdown2.o(.ARM.Collect$$libshutdown$$00000004)
    __rt_lib_shutdown_user_alloc_1           0x08000241   Thumb Code     0  libshutdown2.o(.ARM.Collect$$libshutdown$$0000000C)
    __rt_entry                               0x08000243   Thumb Code     0  __rtentry.o(.ARM.Collect$$rtentry$$00000000)
    __rt_entry_presh_1                       0x08000243   Thumb Code     0  __rtentry2.o(.ARM.Collect$$rtentry$$00000002)
    __rt_entry_sh                            0x08000243   Thumb Code     0  __rtentry4.o(.ARM.Collect$$rtentry$$00000004)
    __rt_entry_li                            0x08000249   Thumb Code     0  __rtentry2.o(.ARM.Collect$$rtentry$$0000000A)
    __rt_entry_postsh_1                      0x08000249   Thumb Code     0  __rtentry2.o(.ARM.Collect$$rtentry$$00000009)
    __rt_entry_main                          0x0800024d   Thumb Code     0  __rtentry2.o(.ARM.Collect$$rtentry$$0000000D)
    __rt_entry_postli_1                      0x0800024d   Thumb Code     0  __rtentry2.o(.ARM.Collect$$rtentry$$0000000C)
    __rt_exit                                0x08000255   Thumb Code     0  rtexit.o(.ARM.Collect$$rtexit$$00000000)
    __rt_exit_ls                             0x08000257   Thumb Code     0  rtexit2.o(.ARM.Collect$$rtexit$$00000003)
    __rt_exit_prels_1                        0x08000257   Thumb Code     0  rtexit2.o(.ARM.Collect$$rtexit$$00000002)
    __rt_exit_exit                           0x0800025b   Thumb Code     0  rtexit2.o(.ARM.Collect$$rtexit$$00000004)
    __aeabi_memcpy4                          0x08000261   Thumb Code    56  rt_memcpy.o(.emb_text)
    __aeabi_memcpy8                          0x08000261   Thumb Code     0  rt_memcpy.o(.emb_text)
    Reset_Handler                            0x08000299   Thumb Code    14  startup_mm32spin028x_keil.o(.text)
    NMI_Handler                              0x080002a7   Thumb Code     2  startup_mm32spin028x_keil.o(.text)
    HardFault_Handler                        0x080002a9   Thumb Code     2  startup_mm32spin028x_keil.o(.text)
    SVC_Handler                              0x080002ab   Thumb Code     2  startup_mm32spin028x_keil.o(.text)
    PendSV_Handler                           0x080002ad   Thumb Code     2  startup_mm32spin028x_keil.o(.text)
    ADC1_IRQHandler                          0x080002b1   Thumb Code     0  startup_mm32spin028x_keil.o(.text)
    ADC2_IRQHandler                          0x080002b1   Thumb Code     0  startup_mm32spin028x_keil.o(.text)
    COMP1_2_3_4_5_IRQHandler                 0x080002b1   Thumb Code     0  startup_mm32spin028x_keil.o(.text)
    CSM_IRQn_IRQHandler                      0x080002b1   Thumb Code     0  startup_mm32spin028x_keil.o(.text)
    DMA1_Channel2_3_IRQHandler               0x080002b1   Thumb Code     0  startup_mm32spin028x_keil.o(.text)
    DMA1_Channel4_5_IRQHandler               0x080002b1   Thumb Code     0  startup_mm32spin028x_keil.o(.text)
    EXTI0_1_IRQHandler                       0x080002b1   Thumb Code     0  startup_mm32spin028x_keil.o(.text)
    EXTI2_3_IRQHandler                       0x080002b1   Thumb Code     0  startup_mm32spin028x_keil.o(.text)
    EXTI4_15_IRQHandler                      0x080002b1   Thumb Code     0  startup_mm32spin028x_keil.o(.text)
    FLASH_IRQHandler                         0x080002b1   Thumb Code     0  startup_mm32spin028x_keil.o(.text)
    HWDIV_IRQHandler                         0x080002b1   Thumb Code     0  startup_mm32spin028x_keil.o(.text)
    I2C1_IRQHandler                          0x080002b1   Thumb Code     0  startup_mm32spin028x_keil.o(.text)
    PVD_IRQHandler                           0x080002b1   Thumb Code     0  startup_mm32spin028x_keil.o(.text)
    PWM_IRQHandler                           0x080002b1   Thumb Code     0  startup_mm32spin028x_keil.o(.text)
    RCC_IRQHandler                           0x080002b1   Thumb Code     0  startup_mm32spin028x_keil.o(.text)
    SPI1_IRQHandler                          0x080002b1   Thumb Code     0  startup_mm32spin028x_keil.o(.text)
    SPI2_IRQHandler                          0x080002b1   Thumb Code     0  startup_mm32spin028x_keil.o(.text)
    TIM14_IRQHandler                         0x080002b1   Thumb Code     0  startup_mm32spin028x_keil.o(.text)
    TIM16_IRQHandler                         0x080002b1   Thumb Code     0  startup_mm32spin028x_keil.o(.text)
    TIM17_IRQHandler                         0x080002b1   Thumb Code     0  startup_mm32spin028x_keil.o(.text)
    TIM1_BRK_UP_TRG_COM_IRQHandler           0x080002b1   Thumb Code     0  startup_mm32spin028x_keil.o(.text)
    TIM1_CC_IRQHandler                       0x080002b1   Thumb Code     0  startup_mm32spin028x_keil.o(.text)
    TIM3_IRQHandler                          0x080002b1   Thumb Code     0  startup_mm32spin028x_keil.o(.text)
    TIM8_BRK_UP_TRG_COM_IRQHandler           0x080002b1   Thumb Code     0  startup_mm32spin028x_keil.o(.text)
    TIM8_CC_IRQHandler                       0x080002b1   Thumb Code     0  startup_mm32spin028x_keil.o(.text)
    UART1_IRQHandler                         0x080002b1   Thumb Code     0  startup_mm32spin028x_keil.o(.text)
    UART2_IRQHandler                         0x080002b1   Thumb Code     0  startup_mm32spin028x_keil.o(.text)
    UART3_IRQHandler                         0x080002b1   Thumb Code     0  startup_mm32spin028x_keil.o(.text)
    WWDG_IRQHandler                          0x080002b1   Thumb Code     0  startup_mm32spin028x_keil.o(.text)
    __user_initial_stackheap                 0x080002b5   Thumb Code     0  startup_mm32spin028x_keil.o(.text)
    snprintf                                 0x080002dd   Thumb Code    60  snprintf.o(.text)
    strlen                                   0x0800031d   Thumb Code    62  strlen.o(.text)
    __aeabi_memcpy                           0x08000361   Thumb Code   130  rt_memcpy.o(.text)
    __rt_memcpy                              0x08000361   Thumb Code     0  rt_memcpy.o(.text)
    _memset_w                                0x080003e3   Thumb Code    26  rt_memclr.o(.text)
    _memset                                  0x080003fd   Thumb Code    30  rt_memclr.o(.text)
    __aeabi_memclr                           0x0800041b   Thumb Code     4  rt_memclr.o(.text)
    __rt_memclr                              0x0800041b   Thumb Code     0  rt_memclr.o(.text)
    __aeabi_memclr4                          0x0800041f   Thumb Code     0  rt_memclr.o(.text)
    __aeabi_memclr8                          0x0800041f   Thumb Code     0  rt_memclr.o(.text)
    __rt_memclr_w                            0x0800041f   Thumb Code     4  rt_memclr.o(.text)
    __aeabi_uidiv                            0x08000425   Thumb Code     0  aeabi_sdiv.o(.text)
    __aeabi_uidivmod                         0x08000425   Thumb Code    20  aeabi_sdiv.o(.text)
    __aeabi_idiv                             0x08000439   Thumb Code     0  aeabi_sdiv.o(.text)
    __aeabi_idivmod                          0x08000439   Thumb Code   338  aeabi_sdiv.o(.text)
    __use_two_region_memory                  0x08000591   Thumb Code     2  heapauxi.o(.text)
    __rt_heap_escrow$2region                 0x08000593   Thumb Code     2  heapauxi.o(.text)
    __rt_heap_expand$2region                 0x08000595   Thumb Code     2  heapauxi.o(.text)
    __aeabi_fdiv                             0x08000599   Thumb Code     0  fdiv.o(.text)
    _fdiv                                    0x08000599   Thumb Code   334  fdiv.o(.text)
    _frdiv                                   0x080006e7   Thumb Code     8  fdiv.o(.text)
    __aeabi_f2iz                             0x080006f9   Thumb Code     0  ffixi.o(.text)
    _ffix                                    0x080006f9   Thumb Code    76  ffixi.o(.text)
    __aeabi_i2f_normalise                    0x08000745   Thumb Code    72  fflti.o(.text)
    __aeabi_i2f                              0x0800078d   Thumb Code    16  fflti.o(.text)
    _fflt                                    0x0800078d   Thumb Code     0  fflti.o(.text)
    __aeabi_ui2f                             0x0800079d   Thumb Code     6  fflti.o(.text)
    _ffltu                                   0x0800079d   Thumb Code     0  fflti.o(.text)
    _printf_pre_padding                      0x080007a3   Thumb Code    44  _printf_pad.o(.text)
    _printf_post_padding                     0x080007cf   Thumb Code    34  _printf_pad.o(.text)
    _printf_truncate_signed                  0x080007f1   Thumb Code    18  _printf_truncate.o(.text)
    _printf_truncate_unsigned                0x08000803   Thumb Code    18  _printf_truncate.o(.text)
    _printf_str                              0x08000815   Thumb Code    82  _printf_str.o(.text)
    _printf_int_dec                          0x08000869   Thumb Code    90  _printf_dec.o(.text)
    _printf_charcount                        0x080008d5   Thumb Code    38  _printf_charcount.o(.text)
    _printf_char_common                      0x08000907   Thumb Code    32  _printf_char_common.o(.text)
    _snputc                                  0x0800092d   Thumb Code    16  _snputc.o(.text)
    _printf_wctomb                           0x0800093d   Thumb Code   182  _printf_wctomb.o(.text)
    _printf_longlong_dec                     0x080009f9   Thumb Code    94  _printf_longlong_dec.o(.text)
    _printf_longlong_oct                     0x08000a69   Thumb Code    68  _printf_oct_int_ll.o(.text)
    _printf_int_oct                          0x08000aad   Thumb Code    24  _printf_oct_int_ll.o(.text)
    _printf_ll_oct                           0x08000ac5   Thumb Code    10  _printf_oct_int_ll.o(.text)
    _printf_longlong_hex                     0x08000ad9   Thumb Code    88  _printf_hex_int_ll_ptr.o(.text)
    _printf_int_hex                          0x08000b31   Thumb Code    28  _printf_hex_int_ll_ptr.o(.text)
    _printf_ll_hex                           0x08000b4d   Thumb Code    10  _printf_hex_int_ll_ptr.o(.text)
    _printf_hex_ptr                          0x08000b57   Thumb Code    22  _printf_hex_int_ll_ptr.o(.text)
    __printf                                 0x08000b71   Thumb Code   386  __printf_flags_ss_wp.o(.text)
    _ll_udiv10                               0x08000cf9   Thumb Code   122  lludiv10.o(.text)
    _printf_int_common                       0x08000d73   Thumb Code   176  _printf_intcommon.o(.text)
    _printf_fp_dec_real                      0x08000fc1   Thumb Code   620  _printf_fp_dec.o(.text)
    _printf_fp_hex_real                      0x08001239   Thumb Code   718  _printf_fp_hex.o(.text)
    _printf_cs_common                        0x08001511   Thumb Code    22  _printf_char.o(.text)
    _printf_char                             0x08001527   Thumb Code    16  _printf_char.o(.text)
    _printf_string                           0x08001537   Thumb Code     8  _printf_char.o(.text)
    _printf_lcs_common                       0x0800153f   Thumb Code    22  _printf_wchar.o(.text)
    _printf_wchar                            0x08001555   Thumb Code    16  _printf_wchar.o(.text)
    _printf_wstring                          0x08001565   Thumb Code     8  _printf_wchar.o(.text)
    _c16rtomb                                0x0800156d   Thumb Code    66  _c16rtomb.o(.text)
    _wcrtomb                                 0x0800156d   Thumb Code     0  _c16rtomb.o(.text)
    __rt_udiv10                              0x080015af   Thumb Code    40  rtudiv10.o(.text)
    __user_setup_stackheap                   0x080015d7   Thumb Code    62  sys_stackheap_outer.o(.text)
    __rt_ctype_table                         0x08001615   Thumb Code    16  rt_ctype_table.o(.text)
    __rt_locale                              0x08001625   Thumb Code     8  rt_locale_intlibspace.o(.text)
    _printf_fp_infnan                        0x0800162d   Thumb Code   120  _printf_fp_infnan.o(.text)
    _btod_etento                             0x080016b5   Thumb Code   210  bigflt0.o(.text)
    _btod_d2e                                0x0800178d   Thumb Code    64  btod.o(.text)
    _btod_emul                               0x08001bc1   Thumb Code    28  btod.o(.text)
    _btod_emuld                              0x08001bdd   Thumb Code   144  btod.o(.text)
    _btod_ediv                               0x08001c6d   Thumb Code    26  btod.o(.text)
    _btod_edivd                              0x08001c87   Thumb Code   124  btod.o(.text)
    exit                                     0x08001d0d   Thumb Code    16  exit.o(.text)
    __user_libspace                          0x08001d1d   Thumb Code     8  libspace.o(.text)
    __user_perproc_libspace                  0x08001d1d   Thumb Code     0  libspace.o(.text)
    __user_perthread_libspace                0x08001d1d   Thumb Code     0  libspace.o(.text)
    strcmp                                   0x08001d25   Thumb Code   132  strcmp.o(.text)
    _sys_exit                                0x08001dad   Thumb Code     8  sys_exit.o(.text)
    __I$use$semihosting                      0x08001db9   Thumb Code     0  use_no_semi.o(.text)
    __use_no_semihosting_swi                 0x08001db9   Thumb Code     2  use_no_semi.o(.text)
    AreColorsOff                             0x08001dbb   Thumb Code    80  led_transition_manager.o(.text.AreColorsOff)
    __semihosting_library_function           0x08001dbb   Thumb Code     0  indicate_semi.o(.text)
    AutoCalPllFactor                         0x08001e0b   Thumb Code   182  system_mm32spin028x.o(.text.AutoCalPllFactor)
    BTN_Init                                 0x08001ec1   Thumb Code     8  button.o(.text.BTN_Init)
    BTN_RegisterCallback_LongPress           0x08001ec9   Thumb Code    16  button.o(.text.BTN_RegisterCallback_LongPress)
    BTN_RegisterCallback_ShortPress          0x08001ed9   Thumb Code    16  button.o(.text.BTN_RegisterCallback_ShortPress)
    BTN_Update                               0x08001ee9   Thumb Code   742  button.o(.text.BTN_Update)
    Board_Gpio_Af_Init                       0x080021cf   Thumb Code     8  board.o(.text.Board_Gpio_Af_Init)
    Board_Gpio_Init                          0x080021d7   Thumb Code    12  board.o(.text.Board_Gpio_Init)
    Board_Led_Init                           0x080021e5   Thumb Code    72  board.o(.text.Board_Led_Init)
    Board_Uart_Af_Init                       0x08002235   Thumb Code    40  board.o(.text.Board_Uart_Af_Init)
    Board_Uart_Init                          0x0800225d   Thumb Code    64  board.o(.text.Board_Uart_Init)
    Clear_Over_Flag                          0x080022a1   Thumb Code     8  systick.o(.text.Clear_Over_Flag)
    DMA1_Channel1_IRQHandler                 0x08002319   Thumb Code    68  main.o(.text.DMA1_Channel1_IRQHandler)
    DMA_ClearITPendingBit                    0x0800235d   Thumb Code    16  hal_dma.o(.text.DMA_ClearITPendingBit)
    DMA_GetITStatus                          0x08002371   Thumb Code    20  hal_dma.o(.text.DMA_GetITStatus)
    Drv_Uart_Init                            0x08002389   Thumb Code    68  drv_uart.o(.text.Drv_Uart_Init)
    GPIO_Init                                0x080023d1   Thumb Code   272  hal_gpio.o(.text.GPIO_Init)
    GPIO_PinAFConfig                         0x080024e1   Thumb Code    78  hal_gpio.o(.text.GPIO_PinAFConfig)
    GPIO_StructInit                          0x08002531   Thumb Code    28  hal_gpio.o(.text.GPIO_StructInit)
    GPIO_WriteBit                            0x08002551   Thumb Code    44  hal_gpio.o(.text.GPIO_WriteBit)
    Get_Systick_Cnt                          0x080026d9   Thumb Code     8  systick.o(.text.Get_Systick_Cnt)
    LED_AnimationValidateController          0x080026f1   Thumb Code   102  led_animation.o(.text.LED_AnimationValidateController)
    LED_Animation_ExecuteColorSetting        0x08002c13   Thumb Code   118  led_animation.o(.text.LED_Animation_ExecuteColorSetting)
    LED_Animation_GetColorCount              0x0800307d   Thumb Code   114  led_animation.o(.text.LED_Animation_GetColorCount)
    LED_Animation_GetCurrentColor            0x080030ef   Thumb Code    66  led_animation.o(.text.LED_Animation_GetCurrentColor)
    LED_Animation_GetTargetColor             0x08003131   Thumb Code   228  led_animation.o(.text.LED_Animation_GetTargetColor)
    LED_Animation_Init                       0x0800327f   Thumb Code   106  led_animation.o(.text.LED_Animation_Init)
    LED_Animation_PerformQuadraticInterpolation 0x08003365   Thumb Code   276  led_animation.o(.text.LED_Animation_PerformQuadraticInterpolation)
    LED_Animation_SetAnimation               0x08003601   Thumb Code    64  led_animation.o(.text.LED_Animation_SetAnimation)
    LED_Animation_ShouldStartHigh            0x08003641   Thumb Code   140  led_animation.o(.text.LED_Animation_ShouldStartHigh)
    LED_Animation_Start                      0x08003787   Thumb Code    60  led_animation.o(.text.LED_Animation_Start)
    LED_Animation_Stop                       0x080037c3   Thumb Code    84  led_animation.o(.text.LED_Animation_Stop)
    LED_Animation_Update                     0x08003865   Thumb Code   352  led_animation.o(.text.LED_Animation_Update)
    LED_Config_GPIO                          0x08003b01   Thumb Code   144  bsp_led_pwm.o(.text.LED_Config_GPIO)
    LED_Config_OC                            0x08003b95   Thumb Code    80  bsp_led_pwm.o(.text.LED_Config_OC)
    LED_Config_TIM                           0x08003be5   Thumb Code    60  bsp_led_pwm.o(.text.LED_Config_TIM)
    LED_PWM_Start                            0x08003c21   Thumb Code    58  bsp_led_pwm.o(.text.LED_PWM_Start)
    LED_PWM_Stop                             0x08003c5b   Thumb Code    48  bsp_led_pwm.o(.text.LED_PWM_Stop)
    LED_RGYW_TIM_Init                        0x08003c8b   Thumb Code    16  bsp_led_pwm.o(.text.LED_RGYW_TIM_Init)
    LED_SetPWM_Green                         0x08003c9d   Thumb Code    56  bsp_led_pwm.o(.text.LED_SetPWM_Green)
    LED_SetPWM_Red                           0x08003cd5   Thumb Code    56  bsp_led_pwm.o(.text.LED_SetPWM_Red)
    LED_SetPWM_Yellow                        0x08003d0d   Thumb Code    56  bsp_led_pwm.o(.text.LED_SetPWM_Yellow)
    LED_Transition_Execute                   0x08003d73   Thumb Code   158  led_transition_manager.o(.text.LED_Transition_Execute)
    LED_Transition_ExecuteWithMap            0x08003e11   Thumb Code    36  led_transition_manager.o(.text.LED_Transition_ExecuteWithMap)
    LED_Transition_Init                      0x08003fb5   Thumb Code    84  led_transition_manager.o(.text.LED_Transition_Init)
    LED_Transition_IsBusy                    0x08004009   Thumb Code    18  led_transition_manager.o(.text.LED_Transition_IsBusy)
    LED_Transition_IsLEDOff                  0x0800401b   Thumb Code   100  led_transition_manager.o(.text.LED_Transition_IsLEDOff)
    LED_Transition_SetMapping                0x08004097   Thumb Code    72  led_transition_manager.o(.text.LED_Transition_SetMapping)
    LED_Transition_Stop                      0x080043d9   Thumb Code    60  led_transition_manager.o(.text.LED_Transition_Stop)
    LED_Transition_ToFlash                   0x08004415   Thumb Code    42  led_transition_manager.o(.text.LED_Transition_ToFlash)
    LED_Transition_ToOff                     0x0800443f   Thumb Code    40  led_transition_manager.o(.text.LED_Transition_ToOff)
    LED_Transition_ToSolid                   0x08004467   Thumb Code    42  led_transition_manager.o(.text.LED_Transition_ToSolid)
    LED_Transition_Update                    0x08004491   Thumb Code   140  led_transition_manager.o(.text.LED_Transition_Update)
    MCI_AcknowledgeFaults                    0x0800451d   Thumb Code     2  mci_mock.o(.text.MCI_AcknowledgeFaults)
    MCI_GetBatteryPercentage                 0x08004521   Thumb Code     8  mci_mock.o(.text.MCI_GetBatteryPercentage)
    MCI_GetNackedFaults                      0x0800452d   Thumb Code     8  mci_mock.o(.text.MCI_GetNackedFaults)
    MCI_IsBatteryDetected                    0x08004535   Thumb Code    12  mci_mock.o(.text.MCI_IsBatteryDetected)
    MCI_IsBatteryPercentageInitialised       0x08004545   Thumb Code    12  mci_mock.o(.text.MCI_IsBatteryPercentageInitialised)
    MCI_IsCablePlugged                       0x08004555   Thumb Code    12  mci_mock.o(.text.MCI_IsCablePlugged)
    MCI_ResetFaultState                      0x08004565   Thumb Code     8  mci_mock.o(.text.MCI_ResetFaultState)
    MCI_SetSpeedSetting                      0x08004571   Thumb Code    10  mci_mock.o(.text.MCI_SetSpeedSetting)
    MCI_StartMotor                           0x0800457b   Thumb Code     4  mci_mock.o(.text.MCI_StartMotor)
    MCI_StopMotor                            0x0800457f   Thumb Code     2  mci_mock.o(.text.MCI_StopMotor)
    PD_CheckErrorCodes                       0x08004601   Thumb Code    88  p_tasks.o(.text.PD_CheckErrorCodes)
    PD_Initialise                            0x080046d9   Thumb Code   236  p_tasks.o(.text.PD_Initialise)
    PD_ProcessTouchButtons                   0x08004811   Thumb Code   232  p_tasks.o(.text.PD_ProcessTouchButtons)
    PD_RunProductControlTasks                0x08004bb1   Thumb Code    60  p_tasks.o(.text.PD_RunProductControlTasks)
    PD_RunSpeedChangeIndication              0x08004bf1   Thumb Code   404  p_tasks.o(.text.PD_RunSpeedChangeIndication)
    RCC_AHBPeriphClockCmd                    0x08005819   Thumb Code    44  hal_rcc.o(.text.RCC_AHBPeriphClockCmd)
    RCC_APB1PeriphClockCmd                   0x08005845   Thumb Code    44  hal_rcc.o(.text.RCC_APB1PeriphClockCmd)
    RCC_APB2PeriphClockCmd                   0x08005875   Thumb Code    44  hal_rcc.o(.text.RCC_APB2PeriphClockCmd)
    RCC_GPIO_ClockCmd                        0x080058a5   Thumb Code   220  hal_rcc.o(.text.RCC_GPIO_ClockCmd)
    RCC_GetHCLKFreq                          0x08005991   Thumb Code    24  hal_rcc.o(.text.RCC_GetHCLKFreq)
    RCC_GetPCLK1Freq                         0x080059a9   Thumb Code    28  hal_rcc.o(.text.RCC_GetPCLK1Freq)
    RCC_GetPCLK2Freq                         0x080059c5   Thumb Code    28  hal_rcc.o(.text.RCC_GetPCLK2Freq)
    RCC_GetSysClockFreq                      0x080059e5   Thumb Code   144  hal_rcc.o(.text.RCC_GetSysClockFreq)
    SysTick_Handler                          0x08005e9d   Thumb Code    12  systick.o(.text.SysTick_Handler)
    SystemInit                               0x08005ea9   Thumb Code    72  system_mm32spin028x.o(.text.SystemInit)
    Systick_Init                             0x08005f09   Thumb Code    24  systick.o(.text.Systick_Init)
    TIM2_IRQHandler                          0x08005f21   Thumb Code    60  main.o(.text.TIM2_IRQHandler)
    TIM_CCxCmd                               0x08005f5d   Thumb Code    44  hal_tim.o(.text.TIM_CCxCmd)
    TIM_ClearITPendingBit                    0x08005f89   Thumb Code    20  hal_tim.o(.text.TIM_ClearITPendingBit)
    TIM_Cmd                                  0x08005f9d   Thumb Code    44  hal_tim.o(.text.TIM_Cmd)
    TIM_CtrlPWMOutputs                       0x08005fc9   Thumb Code    48  hal_tim.o(.text.TIM_CtrlPWMOutputs)
    TIM_GetITStatus                          0x08005ff9   Thumb Code    48  hal_tim.o(.text.TIM_GetITStatus)
    TIM_OC1Init                              0x08006029   Thumb Code   148  hal_tim.o(.text.TIM_OC1Init)
    TIM_OC2Init                              0x080060bd   Thumb Code   136  hal_tim.o(.text.TIM_OC2Init)
    TIM_OC3Init                              0x08006145   Thumb Code   136  hal_tim.o(.text.TIM_OC3Init)
    TIM_OCStructInit                         0x080061cd   Thumb Code    42  hal_tim.o(.text.TIM_OCStructInit)
    TIM_SetCompare1                          0x080061f7   Thumb Code    40  hal_tim.o(.text.TIM_SetCompare1)
    TIM_SetCompare2                          0x0800621f   Thumb Code    40  hal_tim.o(.text.TIM_SetCompare2)
    TIM_SetCompare3                          0x08006247   Thumb Code    40  hal_tim.o(.text.TIM_SetCompare3)
    TIM_TimeBaseInit                         0x08006271   Thumb Code   176  hal_tim.o(.text.TIM_TimeBaseInit)
    TIM_TimeBaseStructInit                   0x08006335   Thumb Code    32  hal_tim.o(.text.TIM_TimeBaseStructInit)
    TimerUpdate_Callback                     0x08006355   Thumb Code    12  main.o(.text.TimerUpdate_Callback)
    TransferComplete_Callback                0x08006365   Thumb Code    20  main.o(.text.TransferComplete_Callback)
    UART_Cmd                                 0x08006381   Thumb Code    34  hal_uart.o(.text.UART_Cmd)
    UART_GetFlagStatus                       0x080063a3   Thumb Code    30  hal_uart.o(.text.UART_GetFlagStatus)
    UART_Init                                0x080063c1   Thumb Code   168  hal_uart.o(.text.UART_Init)
    UART_SendData                            0x08006469   Thumb Code    18  hal_uart.o(.text.UART_SendData)
    UART_StructInit                          0x0800647b   Thumb Code    42  hal_uart.o(.text.UART_StructInit)
    Uart_Put_Buff                            0x080064a5   Thumb Code    44  drv_uart.o(.text.Uart_Put_Buff)
    Uart_Put_Char                            0x080064d1   Thumb Code    44  drv_uart.o(.text.Uart_Put_Char)
    blink_led                                0x08006585   Thumb Code    64  main.o(.text.blink_led)
    main                                     0x080065d5   Thumb Code   276  main.o(.text.main)
    print_msg                                0x08006701   Thumb Code    32  main.o(.text.print_msg)
    print_prescaler_values                   0x08006725   Thumb Code   148  main.o(.text.print_prescaler_values)
    __ARM_common_ll_muluu                    0x080067c5   Thumb Code    48  btod.o(i.__ARM_common_ll_muluu)
    __ARM_fpclassify                         0x080067f5   Thumb Code    40  fpclassify.o(i.__ARM_fpclassify)
    _is_digit                                0x08006821   Thumb Code    14  __printf_wp.o(i._is_digit)
    _get_lc_numeric                          0x08006831   Thumb Code    44  lc_numeric_c.o(locale$$code)
    _get_lc_ctype                            0x0800685d   Thumb Code    44  lc_ctype_c.o(locale$$code)
    __aeabi_fmul                             0x08006889   Thumb Code     0  fmul.o(x$fpl$fmul)
    _fmul                                    0x08006889   Thumb Code   172  fmul.o(x$fpl$fmul)
    _printf_fp_dec                           0x08006939   Thumb Code    16  printf1.o(x$fpl$printf1)
    _printf_fp_hex                           0x08006949   Thumb Code    16  printf2.o(x$fpl$printf2)
    __I$use$fp                               0x08006958   Number         0  usenofp.o(x$fpl$usenofp)
    GreenColor                               0x08006a94   Data           3  p_config.o(.rodata.GreenColor)
    LEDTransitionMap                         0x08006a98   Data          36  p_config.o(.rodata.LEDTransitionMap)
    LED_Controller                           0x08006abc   Data          16  p_config.o(.rodata.LED_Controller)
    LED_Flash_BatteryVeryLow                 0x08006acc   Data          12  p_config.o(.rodata.LED_Flash_BatteryVeryLow)
    LED_Flash_Error                          0x08006ad8   Data          12  p_config.o(.rodata.LED_Flash_Error)
    LED_Pulse_BatteryCharge_High             0x08006ae4   Data          16  p_config.o(.rodata.LED_Pulse_BatteryCharge_High)
    LED_Pulse_BatteryCharge_LowAndVeryLow    0x08006af4   Data          16  p_config.o(.rodata.LED_Pulse_BatteryCharge_LowAndVeryLow)
    LED_Pulse_BatteryCharge_Mid              0x08006b04   Data          16  p_config.o(.rodata.LED_Pulse_BatteryCharge_Mid)
    LED_Solid_BatteryChargeFinished          0x08006b14   Data           8  p_config.o(.rodata.LED_Solid_BatteryChargeFinished)
    LED_Solid_BatteryHigh                    0x08006b1c   Data           8  p_config.o(.rodata.LED_Solid_BatteryHigh)
    LED_Solid_BatteryLow                     0x08006b24   Data           8  p_config.o(.rodata.LED_Solid_BatteryLow)
    LED_Solid_BatteryMid                     0x08006b2c   Data           8  p_config.o(.rodata.LED_Solid_BatteryMid)
    LED_Solid_DefaultColor                   0x08006b34   Data           8  p_config.o(.rodata.LED_Solid_DefaultColor)
    PWM_RGY                                  0x08006b3c   Data          12  p_config.o(.rodata.PWM_RGY)
    RedColor                                 0x08006b48   Data           3  p_config.o(.rodata.RedColor)
    YellowColor                              0x08006b4b   Data           3  p_config.o(.rodata.YellowColor)
    Region$$Table$$Base                      0x08006ddc   Number         0  anon$$obj.o(Region$$Table)
    Region$$Table$$Limit                     0x08006dfc   Number         0  anon$$obj.o(Region$$Table)
    __ctype                                  0x08006e25   Data           0  lc_ctype_c.o(locale$$data)
    BatteryDisplayPercent                    0x20000000   Data           1  p_tasks.o(.data.BatteryDisplayPercent)
    BtnPwr                                   0x20000004   Data          36  p_config.o(.data.BtnPwr)
    BtnSpeed1                                0x20000028   Data          36  p_config.o(.data.BtnSpeed1)
    BtnSpeed2                                0x2000004c   Data          36  p_config.o(.data.BtnSpeed2)
    BtnSpeed3                                0x20000070   Data          36  p_config.o(.data.BtnSpeed3)
    BtnTurbo                                 0x20000094   Data          36  p_config.o(.data.BtnTurbo)
    DefaultColor                             0x200000b8   Data           3  p_config.o(.data.DefaultColor)
    SendDefaultLEDCommand                    0x200000bc   Data           1  p_tasks.o(.data.SendDefaultLEDCommand)
    SystemCoreClock                          0x200000c0   Data           4  system_mm32spin028x.o(.data.SystemCoreClock)
    tbPresc                                  0x200000c7   Data          16  hal_rcc.o(.data.tbPresc)
    __libspace_start                         0x200000d8   Data          96  libspace.o(.bss)
    __temporary_stack_top$libspace           0x20000138   Data           0  libspace.o(.bss)
    CableInSubState                          0x20000142   Data           1  p_tasks.o(.bss.CableInSubState)
    LEDTransition                            0x2000014c   Data          32  p_config.o(.bss.LEDTransition)
    MainLED                                  0x20000170   Data          24  p_config.o(.bss.MainLED)
    Product                                  0x20000190   Data          32  p_config.o(.bss.Product)
    ShowBatteryLife                          0x200001b0   Data           1  p_tasks.o(.bss.ShowBatteryLife)
    ShowBatteryLifeConfigured                0x200001b1   Data           1  p_tasks.o(.bss.ShowBatteryLifeConfigured)
    ShowBatteryLifeTimer                     0x200001b2   Data           2  p_tasks.o(.bss.ShowBatteryLifeTimer)
    TimUpdateCnt                             0x200001b8   Data           4  main.o(.bss.TimUpdateCnt)
    debugBuffer                              0x200001ca   Data         256  main.o(.bss.debugBuffer)
    dma_transfer_cplt_cnt                    0x200003ca   Data           1  main.o(.bss.dma_transfer_cplt_cnt)
    neopixel                                 0x200003cc   Data         284  main.o(.bss.neopixel)



==============================================================================

Memory Map of the image

  Image Entry point : 0x080000c1

  Load Region LR_IROM1 (Base: 0x08000000, Size: 0x00007000, Max: 0x00020000, ABSOLUTE)

    Execution Region ER_IROM1 (Exec base: 0x08000000, Load base: 0x08000000, Size: 0x00006f28, Max: 0x00020000, ABSOLUTE)

    Exec Addr    Load Addr    Size         Type   Attr      Idx    E Section Name        Object

    0x08000000   0x08000000   0x000000c0   Data   RO           22    RESET               startup_mm32spin028x_keil.o
    0x080000c0   0x080000c0   0x00000008   Code   RO         1674  * !!!main             c_p.l(__main.o)
    0x080000c8   0x080000c8   0x0000003c   Code   RO         2016    !!!scatter          c_p.l(__scatter.o)
    0x08000104   0x08000104   0x0000001a   Code   RO         2018    !!handler_copy      c_p.l(__scatter_copy.o)
    0x0800011e   0x0800011e   0x00000002   PAD
    0x08000120   0x08000120   0x0000001c   Code   RO         2020    !!handler_zi        c_p.l(__scatter_zi.o)
    0x0800013c   0x0800013c   0x00000002   Code   RO         1771    .ARM.Collect$$_printf_percent$$00000000  c_p.l(_printf_percent.o)
    0x0800013e   0x0800013e   0x0000000a   Code   RO         1760    .ARM.Collect$$_printf_percent$$00000001  c_p.l(_printf_n.o)
    0x08000148   0x08000148   0x0000000a   Code   RO         1762    .ARM.Collect$$_printf_percent$$00000002  c_p.l(_printf_p.o)
    0x08000152   0x08000152   0x0000000a   Code   RO         1767    .ARM.Collect$$_printf_percent$$00000003  c_p.l(_printf_f.o)
    0x0800015c   0x0800015c   0x0000000a   Code   RO         1768    .ARM.Collect$$_printf_percent$$00000004  c_p.l(_printf_e.o)
    0x08000166   0x08000166   0x0000000a   Code   RO         1769    .ARM.Collect$$_printf_percent$$00000005  c_p.l(_printf_g.o)
    0x08000170   0x08000170   0x0000000a   Code   RO         1770    .ARM.Collect$$_printf_percent$$00000006  c_p.l(_printf_a.o)
    0x0800017a   0x0800017a   0x0000000a   Code   RO         1775    .ARM.Collect$$_printf_percent$$00000007  c_p.l(_printf_ll.o)
    0x08000184   0x08000184   0x0000000a   Code   RO         1764    .ARM.Collect$$_printf_percent$$00000008  c_p.l(_printf_i.o)
    0x0800018e   0x0800018e   0x0000000a   Code   RO         1765    .ARM.Collect$$_printf_percent$$00000009  c_p.l(_printf_d.o)
    0x08000198   0x08000198   0x0000000a   Code   RO         1766    .ARM.Collect$$_printf_percent$$0000000A  c_p.l(_printf_u.o)
    0x080001a2   0x080001a2   0x0000000a   Code   RO         1763    .ARM.Collect$$_printf_percent$$0000000B  c_p.l(_printf_o.o)
    0x080001ac   0x080001ac   0x0000000a   Code   RO         1761    .ARM.Collect$$_printf_percent$$0000000C  c_p.l(_printf_x.o)
    0x080001b6   0x080001b6   0x0000000a   Code   RO         1772    .ARM.Collect$$_printf_percent$$0000000D  c_p.l(_printf_lli.o)
    0x080001c0   0x080001c0   0x0000000a   Code   RO         1773    .ARM.Collect$$_printf_percent$$0000000E  c_p.l(_printf_lld.o)
    0x080001ca   0x080001ca   0x0000000a   Code   RO         1774    .ARM.Collect$$_printf_percent$$0000000F  c_p.l(_printf_llu.o)
    0x080001d4   0x080001d4   0x0000000a   Code   RO         1779    .ARM.Collect$$_printf_percent$$00000010  c_p.l(_printf_llo.o)
    0x080001de   0x080001de   0x0000000a   Code   RO         1780    .ARM.Collect$$_printf_percent$$00000011  c_p.l(_printf_llx.o)
    0x080001e8   0x080001e8   0x0000000a   Code   RO         1776    .ARM.Collect$$_printf_percent$$00000012  c_p.l(_printf_l.o)
    0x080001f2   0x080001f2   0x0000000a   Code   RO         1758    .ARM.Collect$$_printf_percent$$00000013  c_p.l(_printf_c.o)
    0x080001fc   0x080001fc   0x0000000a   Code   RO         1759    .ARM.Collect$$_printf_percent$$00000014  c_p.l(_printf_s.o)
    0x08000206   0x08000206   0x0000000a   Code   RO         1777    .ARM.Collect$$_printf_percent$$00000015  c_p.l(_printf_lc.o)
    0x08000210   0x08000210   0x0000000a   Code   RO         1778    .ARM.Collect$$_printf_percent$$00000016  c_p.l(_printf_ls.o)
    0x0800021a   0x0800021a   0x00000004   Code   RO         1824    .ARM.Collect$$_printf_percent$$00000017  c_p.l(_printf_percent_end.o)
    0x0800021e   0x0800021e   0x00000002   Code   RO         1864    .ARM.Collect$$libinit$$00000000  c_p.l(libinit.o)
    0x08000220   0x08000220   0x00000000   Code   RO         1889    .ARM.Collect$$libinit$$00000002  c_p.l(libinit2.o)
    0x08000220   0x08000220   0x00000000   Code   RO         1891    .ARM.Collect$$libinit$$00000004  c_p.l(libinit2.o)
    0x08000220   0x08000220   0x00000000   Code   RO         1893    .ARM.Collect$$libinit$$00000006  c_p.l(libinit2.o)
    0x08000220   0x08000220   0x00000000   Code   RO         1896    .ARM.Collect$$libinit$$0000000C  c_p.l(libinit2.o)
    0x08000220   0x08000220   0x00000000   Code   RO         1898    .ARM.Collect$$libinit$$0000000E  c_p.l(libinit2.o)
    0x08000220   0x08000220   0x00000000   Code   RO         1900    .ARM.Collect$$libinit$$00000010  c_p.l(libinit2.o)
    0x08000220   0x08000220   0x00000006   Code   RO         1901    .ARM.Collect$$libinit$$00000011  c_p.l(libinit2.o)
    0x08000226   0x08000226   0x00000000   Code   RO         1903    .ARM.Collect$$libinit$$00000013  c_p.l(libinit2.o)
    0x08000226   0x08000226   0x0000000c   Code   RO         1904    .ARM.Collect$$libinit$$00000014  c_p.l(libinit2.o)
    0x08000232   0x08000232   0x00000000   Code   RO         1905    .ARM.Collect$$libinit$$00000015  c_p.l(libinit2.o)
    0x08000232   0x08000232   0x00000000   Code   RO         1907    .ARM.Collect$$libinit$$00000017  c_p.l(libinit2.o)
    0x08000232   0x08000232   0x0000000a   Code   RO         1908    .ARM.Collect$$libinit$$00000018  c_p.l(libinit2.o)
    0x0800023c   0x0800023c   0x00000000   Code   RO         1909    .ARM.Collect$$libinit$$00000019  c_p.l(libinit2.o)
    0x0800023c   0x0800023c   0x00000000   Code   RO         1911    .ARM.Collect$$libinit$$0000001B  c_p.l(libinit2.o)
    0x0800023c   0x0800023c   0x00000000   Code   RO         1913    .ARM.Collect$$libinit$$0000001D  c_p.l(libinit2.o)
    0x0800023c   0x0800023c   0x00000000   Code   RO         1915    .ARM.Collect$$libinit$$0000001F  c_p.l(libinit2.o)
    0x0800023c   0x0800023c   0x00000000   Code   RO         1917    .ARM.Collect$$libinit$$00000021  c_p.l(libinit2.o)
    0x0800023c   0x0800023c   0x00000000   Code   RO         1919    .ARM.Collect$$libinit$$00000023  c_p.l(libinit2.o)
    0x0800023c   0x0800023c   0x00000000   Code   RO         1921    .ARM.Collect$$libinit$$00000025  c_p.l(libinit2.o)
    0x0800023c   0x0800023c   0x00000000   Code   RO         1923    .ARM.Collect$$libinit$$00000027  c_p.l(libinit2.o)
    0x0800023c   0x0800023c   0x00000000   Code   RO         1927    .ARM.Collect$$libinit$$0000002E  c_p.l(libinit2.o)
    0x0800023c   0x0800023c   0x00000000   Code   RO         1929    .ARM.Collect$$libinit$$00000030  c_p.l(libinit2.o)
    0x0800023c   0x0800023c   0x00000000   Code   RO         1931    .ARM.Collect$$libinit$$00000032  c_p.l(libinit2.o)
    0x0800023c   0x0800023c   0x00000000   Code   RO         1933    .ARM.Collect$$libinit$$00000034  c_p.l(libinit2.o)
    0x0800023c   0x0800023c   0x00000002   Code   RO         1934    .ARM.Collect$$libinit$$00000035  c_p.l(libinit2.o)
    0x0800023e   0x0800023e   0x00000002   Code   RO         1971    .ARM.Collect$$libshutdown$$00000000  c_p.l(libshutdown.o)
    0x08000240   0x08000240   0x00000000   Code   RO         1999    .ARM.Collect$$libshutdown$$00000002  c_p.l(libshutdown2.o)
    0x08000240   0x08000240   0x00000000   Code   RO         2001    .ARM.Collect$$libshutdown$$00000004  c_p.l(libshutdown2.o)
    0x08000240   0x08000240   0x00000000   Code   RO         2004    .ARM.Collect$$libshutdown$$00000007  c_p.l(libshutdown2.o)
    0x08000240   0x08000240   0x00000000   Code   RO         2007    .ARM.Collect$$libshutdown$$0000000A  c_p.l(libshutdown2.o)
    0x08000240   0x08000240   0x00000000   Code   RO         2009    .ARM.Collect$$libshutdown$$0000000C  c_p.l(libshutdown2.o)
    0x08000240   0x08000240   0x00000000   Code   RO         2012    .ARM.Collect$$libshutdown$$0000000F  c_p.l(libshutdown2.o)
    0x08000240   0x08000240   0x00000002   Code   RO         2013    .ARM.Collect$$libshutdown$$00000010  c_p.l(libshutdown2.o)
    0x08000242   0x08000242   0x00000000   Code   RO         1685    .ARM.Collect$$rtentry$$00000000  c_p.l(__rtentry.o)
    0x08000242   0x08000242   0x00000000   Code   RO         1791    .ARM.Collect$$rtentry$$00000002  c_p.l(__rtentry2.o)
    0x08000242   0x08000242   0x00000006   Code   RO         1803    .ARM.Collect$$rtentry$$00000004  c_p.l(__rtentry4.o)
    0x08000248   0x08000248   0x00000000   Code   RO         1793    .ARM.Collect$$rtentry$$00000009  c_p.l(__rtentry2.o)
    0x08000248   0x08000248   0x00000004   Code   RO         1794    .ARM.Collect$$rtentry$$0000000A  c_p.l(__rtentry2.o)
    0x0800024c   0x0800024c   0x00000000   Code   RO         1796    .ARM.Collect$$rtentry$$0000000C  c_p.l(__rtentry2.o)
    0x0800024c   0x0800024c   0x00000008   Code   RO         1797    .ARM.Collect$$rtentry$$0000000D  c_p.l(__rtentry2.o)
    0x08000254   0x08000254   0x00000002   Code   RO         1873    .ARM.Collect$$rtexit$$00000000  c_p.l(rtexit.o)
    0x08000256   0x08000256   0x00000000   Code   RO         1940    .ARM.Collect$$rtexit$$00000002  c_p.l(rtexit2.o)
    0x08000256   0x08000256   0x00000004   Code   RO         1941    .ARM.Collect$$rtexit$$00000003  c_p.l(rtexit2.o)
    0x0800025a   0x0800025a   0x00000006   Code   RO         1942    .ARM.Collect$$rtexit$$00000004  c_p.l(rtexit2.o)
    0x08000260   0x08000260   0x00000038   Code   RO         1660    .emb_text           c_p.l(rt_memcpy.o)
    0x08000298   0x08000298   0x00000044   Code   RO           23    .text               startup_mm32spin028x_keil.o
    0x080002dc   0x080002dc   0x00000040   Code   RO         1656    .text               c_p.l(snprintf.o)
    0x0800031c   0x0800031c   0x00000044   Code   RO         1658    .text               c_p.l(strlen.o)
    0x08000360   0x08000360   0x00000082   Code   RO         1661    .text               c_p.l(rt_memcpy.o)
    0x080003e2   0x080003e2   0x00000040   Code   RO         1666    .text               c_p.l(rt_memclr.o)
    0x08000422   0x08000422   0x00000002   PAD
    0x08000424   0x08000424   0x0000016c   Code   RO         1668    .text               c_p.l(aeabi_sdiv.o)
    0x08000590   0x08000590   0x00000006   Code   RO         1672    .text               c_p.l(heapauxi.o)
    0x08000596   0x08000596   0x00000002   PAD
    0x08000598   0x08000598   0x00000160   Code   RO         1676    .text               fz_ps.l(fdiv.o)
    0x080006f8   0x080006f8   0x0000004c   Code   RO         1679    .text               fz_ps.l(ffixi.o)
    0x08000744   0x08000744   0x0000005e   Code   RO         1681    .text               fz_ps.l(fflti.o)
    0x080007a2   0x080007a2   0x0000004e   Code   RO         1692    .text               c_p.l(_printf_pad.o)
    0x080007f0   0x080007f0   0x00000024   Code   RO         1694    .text               c_p.l(_printf_truncate.o)
    0x08000814   0x08000814   0x00000052   Code   RO         1696    .text               c_p.l(_printf_str.o)
    0x08000866   0x08000866   0x00000002   PAD
    0x08000868   0x08000868   0x0000006c   Code   RO         1698    .text               c_p.l(_printf_dec.o)
    0x080008d4   0x080008d4   0x00000026   Code   RO         1700    .text               c_p.l(_printf_charcount.o)
    0x080008fa   0x080008fa   0x00000002   PAD
    0x080008fc   0x080008fc   0x00000030   Code   RO         1702    .text               c_p.l(_printf_char_common.o)
    0x0800092c   0x0800092c   0x00000010   Code   RO         1704    .text               c_p.l(_snputc.o)
    0x0800093c   0x0800093c   0x000000bc   Code   RO         1706    .text               c_p.l(_printf_wctomb.o)
    0x080009f8   0x080009f8   0x00000070   Code   RO         1709    .text               c_p.l(_printf_longlong_dec.o)
    0x08000a68   0x08000a68   0x00000070   Code   RO         1715    .text               c_p.l(_printf_oct_int_ll.o)
    0x08000ad8   0x08000ad8   0x00000098   Code   RO         1735    .text               c_p.l(_printf_hex_int_ll_ptr.o)
    0x08000b70   0x08000b70   0x00000188   Code   RO         1755    .text               c_p.l(__printf_flags_ss_wp.o)
    0x08000cf8   0x08000cf8   0x0000007a   Code   RO         1807    .text               c_p.l(lludiv10.o)
    0x08000d72   0x08000d72   0x000000b0   Code   RO         1809    .text               c_p.l(_printf_intcommon.o)
    0x08000e22   0x08000e22   0x00000002   PAD
    0x08000e24   0x08000e24   0x00000414   Code   RO         1811    .text               c_p.l(_printf_fp_dec.o)
    0x08001238   0x08001238   0x000002d8   Code   RO         1815    .text               c_p.l(_printf_fp_hex.o)
    0x08001510   0x08001510   0x0000002e   Code   RO         1820    .text               c_p.l(_printf_char.o)
    0x0800153e   0x0800153e   0x0000002e   Code   RO         1822    .text               c_p.l(_printf_wchar.o)
    0x0800156c   0x0800156c   0x00000042   Code   RO         1825    .text               c_p.l(_c16rtomb.o)
    0x080015ae   0x080015ae   0x00000028   Code   RO         1827    .text               c_p.l(rtudiv10.o)
    0x080015d6   0x080015d6   0x0000003e   Code   RO         1829    .text               c_p.l(sys_stackheap_outer.o)
    0x08001614   0x08001614   0x00000010   Code   RO         1832    .text               c_p.l(rt_ctype_table.o)
    0x08001624   0x08001624   0x00000008   Code   RO         1837    .text               c_p.l(rt_locale_intlibspace.o)
    0x0800162c   0x0800162c   0x00000088   Code   RO         1839    .text               c_p.l(_printf_fp_infnan.o)
    0x080016b4   0x080016b4   0x000000d8   Code   RO         1841    .text               c_p.l(bigflt0.o)
    0x0800178c   0x0800178c   0x00000580   Code   RO         1844    .text               c_p.l(btod.o)
    0x08001d0c   0x08001d0c   0x00000010   Code   RO         1853    .text               c_p.l(exit.o)
    0x08001d1c   0x08001d1c   0x00000008   Code   RO         1869    .text               c_p.l(libspace.o)
    0x08001d24   0x08001d24   0x00000088   Code   RO         1886    .text               c_p.l(strcmp.o)
    0x08001dac   0x08001dac   0x0000000c   Code   RO         1935    .text               c_p.l(sys_exit.o)
    0x08001db8   0x08001db8   0x00000002   Code   RO         1960    .text               c_p.l(use_no_semi.o)
    0x08001dba   0x08001dba   0x00000000   Code   RO         1962    .text               c_p.l(indicate_semi.o)
    0x08001dba   0x08001dba   0x00000050   Code   RO         1397    .text.AreColorsOff  led_transition_manager.o
    0x08001e0a   0x08001e0a   0x000000b6   Code   RO            6    .text.AutoCalPllFactor  system_mm32spin028x.o
    0x08001ec0   0x08001ec0   0x00000008   Code   RO         1461    .text.BTN_Init      button.o
    0x08001ec8   0x08001ec8   0x00000010   Code   RO         1467    .text.BTN_RegisterCallback_LongPress  button.o
    0x08001ed8   0x08001ed8   0x00000010   Code   RO         1465    .text.BTN_RegisterCallback_ShortPress  button.o
    0x08001ee8   0x08001ee8   0x000002e6   Code   RO         1475    .text.BTN_Update    button.o
    0x080021ce   0x080021ce   0x00000008   Code   RO         1080    .text.Board_Gpio_Af_Init  board.o
    0x080021d6   0x080021d6   0x0000000c   Code   RO         1078    .text.Board_Gpio_Init  board.o
    0x080021e2   0x080021e2   0x00000002   PAD
    0x080021e4   0x080021e4   0x00000050   Code   RO         1072    .text.Board_Led_Init  board.o
    0x08002234   0x08002234   0x00000028   Code   RO         1076    .text.Board_Uart_Af_Init  board.o
    0x0800225c   0x0800225c   0x00000044   Code   RO         1074    .text.Board_Uart_Init  board.o
    0x080022a0   0x080022a0   0x00000008   Code   RO         1131    .text.Clear_Over_Flag  systick.o
    0x080022a8   0x080022a8   0x00000070   Code   RO           10    .text.DELAY_xUs     system_mm32spin028x.o
    0x08002318   0x08002318   0x00000044   Code   RO         1163    .text.DMA1_Channel1_IRQHandler  main.o
    0x0800235c   0x0800235c   0x00000014   Code   RO          259    .text.DMA_ClearITPendingBit  hal_dma.o
    0x08002370   0x08002370   0x00000018   Code   RO          257    .text.DMA_GetITStatus  hal_dma.o
    0x08002388   0x08002388   0x00000048   Code   RO         1108    .text.Drv_Uart_Init  drv_uart.o
    0x080023d0   0x080023d0   0x00000110   Code   RO          378    .text.GPIO_Init     hal_gpio.o
    0x080024e0   0x080024e0   0x0000004e   Code   RO          402    .text.GPIO_PinAFConfig  hal_gpio.o
    0x0800252e   0x0800252e   0x00000002   PAD
    0x08002530   0x08002530   0x00000020   Code   RO          380    .text.GPIO_StructInit  hal_gpio.o
    0x08002550   0x08002550   0x0000002c   Code   RO          394    .text.GPIO_WriteBit  hal_gpio.o
    0x0800257c   0x0800257c   0x00000064   Code   RO         1374    .text.GetBreathBrightness  led_animation.o
    0x080025e0   0x080025e0   0x00000056   Code   RO         1378    .text.GetFadeBrightnessQuadratic  led_animation.o
    0x08002636   0x08002636   0x000000a2   Code   RO         1382    .text.GetPulseBrightness  led_animation.o
    0x080026d8   0x080026d8   0x00000008   Code   RO         1127    .text.Get_Systick_Cnt  systick.o
    0x080026e0   0x080026e0   0x00000010   Code   RO         1143    .text.Inc_Systicks  systick.o
    0x080026f0   0x080026f0   0x00000066   Code   RO         1308    .text.LED_AnimationValidateController  led_animation.o
    0x08002756   0x08002756   0x000000e0   Code   RO         1338    .text.LED_Animation_AlternatingColorsExecute  led_animation.o
    0x08002836   0x08002836   0x000000c4   Code   RO         1328    .text.LED_Animation_BlinkExecute  led_animation.o
    0x080028fa   0x080028fa   0x00000174   Code   RO         1330    .text.LED_Animation_BreathExecute  led_animation.o
    0x08002a6e   0x08002a6e   0x00000026   Code   RO         1306    .text.LED_Animation_CallCallbackIfExists  led_animation.o
    0x08002a94   0x08002a94   0x0000017e   Code   RO         1340    .text.LED_Animation_ColorCycleExecute  led_animation.o
    0x08002c12   0x08002c12   0x00000076   Code   RO         1302    .text.LED_Animation_ExecuteColorSetting  led_animation.o
    0x08002c88   0x08002c88   0x00000076   Code   RO         1376    .text.LED_Animation_ExecuteDutyCycleSetting  led_animation.o
    0x08002cfe   0x08002cfe   0x00000152   Code   RO         1332    .text.LED_Animation_FadeInExecute  led_animation.o
    0x08002e50   0x08002e50   0x00000152   Code   RO         1334    .text.LED_Animation_FadeOutExecute  led_animation.o
    0x08002fa2   0x08002fa2   0x000000da   Code   RO         1326    .text.LED_Animation_FlashExecute  led_animation.o
    0x0800307c   0x0800307c   0x00000072   Code   RO         1300    .text.LED_Animation_GetColorCount  led_animation.o
    0x080030ee   0x080030ee   0x00000042   Code   RO         1366    .text.LED_Animation_GetCurrentColor  led_animation.o
    0x08003130   0x08003130   0x000000e4   Code   RO         1368    .text.LED_Animation_GetTargetColor  led_animation.o
    0x08003214   0x08003214   0x0000006a   Code   RO         1372    .text.LED_Animation_HandleRepeatLogic  led_animation.o
    0x0800327e   0x0800327e   0x0000006a   Code   RO         1310    .text.LED_Animation_Init  led_animation.o
    0x080032e8   0x080032e8   0x0000000e   Code   RO         1320    .text.LED_Animation_NoneExecute  led_animation.o
    0x080032f6   0x080032f6   0x0000006e   Code   RO         1322    .text.LED_Animation_OffExecute  led_animation.o
    0x08003364   0x08003364   0x0000011c   Code   RO         1362    .text.LED_Animation_PerformQuadraticInterpolation  led_animation.o
    0x08003480   0x08003480   0x00000180   Code   RO         1336    .text.LED_Animation_PulseExecute  led_animation.o
    0x08003600   0x08003600   0x00000040   Code   RO         1364    .text.LED_Animation_SetAnimation  led_animation.o
    0x08003640   0x08003640   0x0000008c   Code   RO         1370    .text.LED_Animation_ShouldStartHigh  led_animation.o
    0x080036cc   0x080036cc   0x000000ba   Code   RO         1324    .text.LED_Animation_SolidExecute  led_animation.o
    0x08003786   0x08003786   0x0000003c   Code   RO         1312    .text.LED_Animation_Start  led_animation.o
    0x080037c2   0x080037c2   0x00000054   Code   RO         1314    .text.LED_Animation_Stop  led_animation.o
    0x08003816   0x08003816   0x0000004e   Code   RO         1316    .text.LED_Animation_StopAndClearColor  led_animation.o
    0x08003864   0x08003864   0x00000164   Code   RO         1318    .text.LED_Animation_Update  led_animation.o
    0x080039c8   0x080039c8   0x00000138   Code   RO         1582    .text.LED_Complete_Callback  p_tasks.o
    0x08003b00   0x08003b00   0x00000094   Code   RO         1279    .text.LED_Config_GPIO  bsp_led_pwm.o
    0x08003b94   0x08003b94   0x00000050   Code   RO         1283    .text.LED_Config_OC  bsp_led_pwm.o
    0x08003be4   0x08003be4   0x0000003c   Code   RO         1277    .text.LED_Config_TIM  bsp_led_pwm.o
    0x08003c20   0x08003c20   0x0000003a   Code   RO         1291    .text.LED_PWM_Start  bsp_led_pwm.o
    0x08003c5a   0x08003c5a   0x00000030   Code   RO         1281    .text.LED_PWM_Stop  bsp_led_pwm.o
    0x08003c8a   0x08003c8a   0x00000010   Code   RO         1275    .text.LED_RGYW_TIM_Init  bsp_led_pwm.o
    0x08003c9a   0x08003c9a   0x00000002   PAD
    0x08003c9c   0x08003c9c   0x00000038   Code   RO         1287    .text.LED_SetPWM_Green  bsp_led_pwm.o
    0x08003cd4   0x08003cd4   0x00000038   Code   RO         1285    .text.LED_SetPWM_Red  bsp_led_pwm.o
    0x08003d0c   0x08003d0c   0x0000003c   Code   RO         1289    .text.LED_SetPWM_Yellow  bsp_led_pwm.o
    0x08003d48   0x08003d48   0x0000002a   Code   RO         1449    .text.LED_Transition_CallCallbackIfExists  led_transition_manager.o
    0x08003d72   0x08003d72   0x0000009e   Code   RO         1411    .text.LED_Transition_Execute  led_transition_manager.o
    0x08003e10   0x08003e10   0x00000024   Code   RO         1409    .text.LED_Transition_ExecuteWithMap  led_transition_manager.o
    0x08003e34   0x08003e34   0x00000080   Code   RO         1443    .text.LED_Transition_FindMapTransition  led_transition_manager.o
    0x08003eb4   0x08003eb4   0x0000004a   Code   RO         1441    .text.LED_Transition_FindRegularTransition  led_transition_manager.o
    0x08003efe   0x08003efe   0x000000b6   Code   RO         1447    .text.LED_Transition_HandleInterpolate  led_transition_manager.o
    0x08003fb4   0x08003fb4   0x00000054   Code   RO         1393    .text.LED_Transition_Init  led_transition_manager.o
    0x08004008   0x08004008   0x00000012   Code   RO         1415    .text.LED_Transition_IsBusy  led_transition_manager.o
    0x0800401a   0x0800401a   0x00000064   Code   RO         1419    .text.LED_Transition_IsLEDOff  led_transition_manager.o
    0x0800407e   0x0800407e   0x00000018   Code   RO         1445    .text.LED_Transition_SetDefaultType  led_transition_manager.o
    0x08004096   0x08004096   0x00000048   Code   RO         1395    .text.LED_Transition_SetMapping  led_transition_manager.o
    0x080040de   0x080040de   0x00000026   Code   RO         1413    .text.LED_Transition_SetNextState  led_transition_manager.o
    0x08004104   0x08004104   0x000000b0   Code   RO         1451    .text.LED_Transition_SetupDuration  led_transition_manager.o
    0x080041b4   0x080041b4   0x00000040   Code   RO         1407    .text.LED_Transition_StateCompleted  led_transition_manager.o
    0x080041f4   0x080041f4   0x0000000a   Code   RO         1401    .text.LED_Transition_StateIdle  led_transition_manager.o
    0x080041fe   0x080041fe   0x00000002   PAD
    0x08004200   0x08004200   0x0000016c   Code   RO         1405    .text.LED_Transition_StateOngoing  led_transition_manager.o
    0x0800436c   0x0800436c   0x0000006c   Code   RO         1403    .text.LED_Transition_StateSetup  led_transition_manager.o
    0x080043d8   0x080043d8   0x0000003c   Code   RO         1417    .text.LED_Transition_Stop  led_transition_manager.o
    0x08004414   0x08004414   0x0000002a   Code   RO         1435    .text.LED_Transition_ToFlash  led_transition_manager.o
    0x0800443e   0x0800443e   0x00000028   Code   RO         1421    .text.LED_Transition_ToOff  led_transition_manager.o
    0x08004466   0x08004466   0x0000002a   Code   RO         1427    .text.LED_Transition_ToSolid  led_transition_manager.o
    0x08004490   0x08004490   0x0000008c   Code   RO         1399    .text.LED_Transition_Update  led_transition_manager.o
    0x0800451c   0x0800451c   0x00000002   Code   RO         1498    .text.MCI_AcknowledgeFaults  mci_mock.o
    0x0800451e   0x0800451e   0x00000002   PAD
    0x08004520   0x08004520   0x0000000c   Code   RO         1490    .text.MCI_GetBatteryPercentage  mci_mock.o
    0x0800452c   0x0800452c   0x00000008   Code   RO         1504    .text.MCI_GetNackedFaults  mci_mock.o
    0x08004534   0x08004534   0x00000010   Code   RO         1492    .text.MCI_IsBatteryDetected  mci_mock.o
    0x08004544   0x08004544   0x00000010   Code   RO         1488    .text.MCI_IsBatteryPercentageInitialised  mci_mock.o
    0x08004554   0x08004554   0x00000010   Code   RO         1494    .text.MCI_IsCablePlugged  mci_mock.o
    0x08004564   0x08004564   0x0000000c   Code   RO         1506    .text.MCI_ResetFaultState  mci_mock.o
    0x08004570   0x08004570   0x0000000a   Code   RO         1502    .text.MCI_SetSpeedSetting  mci_mock.o
    0x0800457a   0x0800457a   0x00000004   Code   RO         1500    .text.MCI_StartMotor  mci_mock.o
    0x0800457e   0x0800457e   0x00000002   Code   RO         1496    .text.MCI_StopMotor  mci_mock.o
    0x08004580   0x08004580   0x0000000c   Code   RO         1564    .text.PD_BtnPwr_OnLongButtonPress  p_tasks.o
    0x0800458c   0x0800458c   0x0000000c   Code   RO         1562    .text.PD_BtnPwr_OnShortButtonPress  p_tasks.o
    0x08004598   0x08004598   0x0000000c   Code   RO         1568    .text.PD_BtnSpeed1_OnLongButtonPress  p_tasks.o
    0x080045a4   0x080045a4   0x0000000c   Code   RO         1566    .text.PD_BtnSpeed1_OnShortButtonPress  p_tasks.o
    0x080045b0   0x080045b0   0x0000000c   Code   RO         1572    .text.PD_BtnSpeed2_OnLongButtonPress  p_tasks.o
    0x080045bc   0x080045bc   0x0000000c   Code   RO         1570    .text.PD_BtnSpeed2_OnShortButtonPress  p_tasks.o
    0x080045c8   0x080045c8   0x00000010   Code   RO         1576    .text.PD_BtnSpeed3_OnLongButtonPress  p_tasks.o
    0x080045d8   0x080045d8   0x0000000c   Code   RO         1574    .text.PD_BtnSpeed3_OnShortButtonPress  p_tasks.o
    0x080045e4   0x080045e4   0x00000010   Code   RO         1580    .text.PD_BtnTurbo_OnLongButtonPress  p_tasks.o
    0x080045f4   0x080045f4   0x0000000c   Code   RO         1578    .text.PD_BtnTurbo_OnShortButtonPress  p_tasks.o
    0x08004600   0x08004600   0x0000005c   Code   RO         1602    .text.PD_CheckErrorCodes  p_tasks.o
    0x0800465c   0x0800465c   0x0000000c   Code   RO         1616    .text.PD_ClearAllBufferedCommands  p_tasks.o
    0x08004668   0x08004668   0x00000070   Code   RO         1604    .text.PD_GetFaultIndex  p_tasks.o
    0x080046d8   0x080046d8   0x00000134   Code   RO         1560    .text.PD_Initialise  p_tasks.o
    0x0800480c   0x0800480c   0x00000002   Code   RO         1610    .text.PD_ProcessDebuggerCommands  p_tasks.o
    0x0800480e   0x0800480e   0x00000002   PAD
    0x08004810   0x08004810   0x00000100   Code   RO         1606    .text.PD_ProcessTouchButtons  p_tasks.o
    0x08004910   0x08004910   0x00000002   Code   RO         1592    .text.PD_RunBuzzer  p_tasks.o
    0x08004912   0x08004912   0x00000002   PAD
    0x08004914   0x08004914   0x0000029c   Code   RO         1590    .text.PD_RunPowerModeStateMachine  p_tasks.o
    0x08004bb0   0x08004bb0   0x00000040   Code   RO         1584    .text.PD_RunProductControlTasks  p_tasks.o
    0x08004bf0   0x08004bf0   0x000001a4   Code   RO         1596    .text.PD_RunSpeedChangeIndication  p_tasks.o
    0x08004d94   0x08004d94   0x00000808   Code   RO         1588    .text.PD_RunStateMachine  p_tasks.o
    0x0800559c   0x0800559c   0x0000003c   Code   RO         1594    .text.PD_RunSubsystem_RGBW_LED  p_tasks.o
    0x080055d8   0x080055d8   0x00000098   Code   RO         1618    .text.PD_SetBatteryLED_Charging  p_tasks.o
    0x08005670   0x08005670   0x000000b4   Code   RO         1620    .text.PD_SetBatteryLED_Discharging  p_tasks.o
    0x08005724   0x08005724   0x00000080   Code   RO         1614    .text.PD_SetBatteryLevel  p_tasks.o
    0x080057a4   0x080057a4   0x00000064   Code   RO         1612    .text.PD_UICommandScheduler  p_tasks.o
    0x08005808   0x08005808   0x00000010   Code   RO         1586    .text.PD_UserInput  p_tasks.o
    0x08005818   0x08005818   0x0000002c   Code   RO          605    .text.RCC_AHBPeriphClockCmd  hal_rcc.o
    0x08005844   0x08005844   0x00000030   Code   RO          609    .text.RCC_APB1PeriphClockCmd  hal_rcc.o
    0x08005874   0x08005874   0x00000030   Code   RO          607    .text.RCC_APB2PeriphClockCmd  hal_rcc.o
    0x080058a4   0x080058a4   0x000000ec   Code   RO          661    .text.RCC_GPIO_ClockCmd  hal_rcc.o
    0x08005990   0x08005990   0x00000018   Code   RO          597    .text.RCC_GetHCLKFreq  hal_rcc.o
    0x080059a8   0x080059a8   0x0000001c   Code   RO          599    .text.RCC_GetPCLK1Freq  hal_rcc.o
    0x080059c4   0x080059c4   0x00000020   Code   RO          601    .text.RCC_GetPCLK2Freq  hal_rcc.o
    0x080059e4   0x080059e4   0x000000a0   Code   RO          595    .text.RCC_GetSysClockFreq  hal_rcc.o
    0x08005a84   0x08005a84   0x000000d0   Code   RO         1304    .text.SetColorGeneric  led_animation.o
    0x08005b54   0x08005b54   0x000000e2   Code   RO         1380    .text.SetDutyCycleGeneric  led_animation.o
    0x08005c36   0x08005c36   0x00000008   Code   RO            4    .text.SetSysClock   system_mm32spin028x.o
    0x08005c3e   0x08005c3e   0x00000002   PAD
    0x08005c40   0x08005c40   0x0000020c   Code   RO            8    .text.SetSysClockToXX  system_mm32spin028x.o
    0x08005e4c   0x08005e4c   0x00000050   Code   RO         1125    .text.SysTick_Config  systick.o
    0x08005e9c   0x08005e9c   0x0000000c   Code   RO         1141    .text.SysTick_Handler  systick.o
    0x08005ea8   0x08005ea8   0x00000060   Code   RO            2    .text.SystemInit    system_mm32spin028x.o
    0x08005f08   0x08005f08   0x00000018   Code   RO         1121    .text.Systick_Init  systick.o
    0x08005f20   0x08005f20   0x0000003c   Code   RO         1167    .text.TIM2_IRQHandler  main.o
    0x08005f5c   0x08005f5c   0x0000002c   Code   RO          871    .text.TIM_CCxCmd    hal_tim.o
    0x08005f88   0x08005f88   0x00000014   Code   RO          923    .text.TIM_ClearITPendingBit  hal_tim.o
    0x08005f9c   0x08005f9c   0x0000002c   Code   RO          785    .text.TIM_Cmd       hal_tim.o
    0x08005fc8   0x08005fc8   0x00000030   Code   RO          787    .text.TIM_CtrlPWMOutputs  hal_tim.o
    0x08005ff8   0x08005ff8   0x00000030   Code   RO          921    .text.TIM_GetITStatus  hal_tim.o
    0x08006028   0x08006028   0x00000094   Code   RO          747    .text.TIM_OC1Init   hal_tim.o
    0x080060bc   0x080060bc   0x00000088   Code   RO          749    .text.TIM_OC2Init   hal_tim.o
    0x08006144   0x08006144   0x00000088   Code   RO          751    .text.TIM_OC3Init   hal_tim.o
    0x080061cc   0x080061cc   0x0000002a   Code   RO          779    .text.TIM_OCStructInit  hal_tim.o
    0x080061f6   0x080061f6   0x00000028   Code   RO          897    .text.TIM_SetCompare1  hal_tim.o
    0x0800621e   0x0800621e   0x00000028   Code   RO          899    .text.TIM_SetCompare2  hal_tim.o
    0x08006246   0x08006246   0x00000028   Code   RO          901    .text.TIM_SetCompare3  hal_tim.o
    0x0800626e   0x0800626e   0x00000002   PAD
    0x08006270   0x08006270   0x000000c4   Code   RO          745    .text.TIM_TimeBaseInit  hal_tim.o
    0x08006334   0x08006334   0x00000020   Code   RO          777    .text.TIM_TimeBaseStructInit  hal_tim.o
    0x08006354   0x08006354   0x00000010   Code   RO         1165    .text.TimerUpdate_Callback  main.o
    0x08006364   0x08006364   0x0000001c   Code   RO         1161    .text.TransferComplete_Callback  main.o
    0x08006380   0x08006380   0x00000022   Code   RO          964    .text.UART_Cmd      hal_uart.o
    0x080063a2   0x080063a2   0x0000001e   Code   RO          974    .text.UART_GetFlagStatus  hal_uart.o
    0x080063c0   0x080063c0   0x000000a8   Code   RO          960    .text.UART_Init     hal_uart.o
    0x08006468   0x08006468   0x00000012   Code   RO          970    .text.UART_SendData  hal_uart.o
    0x0800647a   0x0800647a   0x0000002a   Code   RO          962    .text.UART_StructInit  hal_uart.o
    0x080064a4   0x080064a4   0x0000002c   Code   RO         1112    .text.Uart_Put_Buff  drv_uart.o
    0x080064d0   0x080064d0   0x00000030   Code   RO         1110    .text.Uart_Put_Char  drv_uart.o
    0x08006500   0x08006500   0x00000084   Code   RO         1123    .text.__NVIC_SetPriority  systick.o
    0x08006584   0x08006584   0x00000050   Code   RO         1157    .text.blink_led     main.o
    0x080065d4   0x080065d4   0x0000012c   Code   RO         1155    .text.main          main.o
    0x08006700   0x08006700   0x00000024   Code   RO         1159    .text.print_msg     main.o
    0x08006724   0x08006724   0x000000a0   Code   RO         1153    .text.print_prescaler_values  main.o
    0x080067c4   0x080067c4   0x00000030   Code   RO         1846    i.__ARM_common_ll_muluu  c_p.l(btod.o)
    0x080067f4   0x080067f4   0x0000002c   Code   RO         1867    i.__ARM_fpclassify  m_ps.l(fpclassify.o)
    0x08006820   0x08006820   0x0000000e   Code   RO         1748    i._is_digit         c_p.l(__printf_wp.o)
    0x0800682e   0x0800682e   0x00000002   PAD
    0x08006830   0x08006830   0x0000002c   Code   RO         1851    locale$$code        c_p.l(lc_numeric_c.o)
    0x0800685c   0x0800685c   0x0000002c   Code   RO         1880    locale$$code        c_p.l(lc_ctype_c.o)
    0x08006888   0x08006888   0x000000b0   Code   RO         1683    x$fpl$fmul          fz_ps.l(fmul.o)
    0x08006938   0x08006938   0x00000010   Code   RO         1781    x$fpl$printf1       fz_ps.l(printf1.o)
    0x08006948   0x08006948   0x00000010   Code   RO         1783    x$fpl$printf2       fz_ps.l(printf2.o)
    0x08006958   0x08006958   0x00000000   Code   RO         1789    x$fpl$usenofp       fz_ps.l(usenofp.o)
    0x08006958   0x08006958   0x00000040   Data   RO         1677    .constdata          fz_ps.l(fdiv.o)
    0x08006998   0x08006998   0x00000008   Data   RO         1707    .constdata          c_p.l(_printf_wctomb.o)
    0x080069a0   0x080069a0   0x00000028   Data   RO         1736    .constdata          c_p.l(_printf_hex_int_ll_ptr.o)
    0x080069c8   0x080069c8   0x00000011   Data   RO         1756    .constdata          c_p.l(__printf_flags_ss_wp.o)
    0x080069d9   0x080069d9   0x00000026   Data   RO         1816    .constdata          c_p.l(_printf_fp_hex.o)
    0x080069ff   0x080069ff   0x00000001   PAD
    0x08006a00   0x08006a00   0x00000094   Data   RO         1842    .constdata          c_p.l(bigflt0.o)
    0x08006a94   0x08006a94   0x00000003   Data   RO         1538    .rodata.GreenColor  p_config.o
    0x08006a97   0x08006a97   0x00000001   PAD
    0x08006a98   0x08006a98   0x00000024   Data   RO         1551    .rodata.LEDTransitionMap  p_config.o
    0x08006abc   0x08006abc   0x00000010   Data   RO         1536    .rodata.LED_Controller  p_config.o
    0x08006acc   0x08006acc   0x0000000c   Data   RO         1546    .rodata.LED_Flash_BatteryVeryLow  p_config.o
    0x08006ad8   0x08006ad8   0x0000000c   Data   RO         1547    .rodata.LED_Flash_Error  p_config.o
    0x08006ae4   0x08006ae4   0x00000010   Data   RO         1550    .rodata.LED_Pulse_BatteryCharge_High  p_config.o
    0x08006af4   0x08006af4   0x00000010   Data   RO         1548    .rodata.LED_Pulse_BatteryCharge_LowAndVeryLow  p_config.o
    0x08006b04   0x08006b04   0x00000010   Data   RO         1549    .rodata.LED_Pulse_BatteryCharge_Mid  p_config.o
    0x08006b14   0x08006b14   0x00000008   Data   RO         1541    .rodata.LED_Solid_BatteryChargeFinished  p_config.o
    0x08006b1c   0x08006b1c   0x00000008   Data   RO         1544    .rodata.LED_Solid_BatteryHigh  p_config.o
    0x08006b24   0x08006b24   0x00000008   Data   RO         1542    .rodata.LED_Solid_BatteryLow  p_config.o
    0x08006b2c   0x08006b2c   0x00000008   Data   RO         1543    .rodata.LED_Solid_BatteryMid  p_config.o
    0x08006b34   0x08006b34   0x00000008   Data   RO         1545    .rodata.LED_Solid_DefaultColor  p_config.o
    0x08006b3c   0x08006b3c   0x0000000c   Data   RO         1535    .rodata.PWM_RGY     p_config.o
    0x08006b48   0x08006b48   0x00000003   Data   RO         1539    .rodata.RedColor    p_config.o
    0x08006b4b   0x08006b4b   0x00000003   Data   RO         1537    .rodata.YellowColor  p_config.o
    0x08006b4e   0x08006b4e   0x00000087   Data   RO         1174    .rodata.str1.1      main.o
    0x08006bd5   0x08006bd5   0x00000207   Data   RO         1629    .rodata.str1.1      p_tasks.o
    0x08006ddc   0x08006ddc   0x00000020   Data   RO         2015    Region$$Table       anon$$obj.o
    0x08006dfc   0x08006dfc   0x0000001c   Data   RO         1850    locale$$data        c_p.l(lc_numeric_c.o)
    0x08006e18   0x08006e18   0x00000110   Data   RO         1879    locale$$data        c_p.l(lc_ctype_c.o)


    Execution Region RW_IRAM1 (Exec base: 0x20000000, Load base: 0x08006f28, Size: 0x00000af0, Max: 0x00002000, ABSOLUTE)

    Exec Addr    Load Addr    Size         Type   Attr      Idx    E Section Name        Object

    0x20000000   0x08006f28   0x00000001   Data   RW         1623    .data.BatteryDisplayPercent  p_tasks.o
    0x20000001   0x08006f29   0x00000003   PAD
    0x20000004   0x08006f2c   0x00000024   Data   RW         1530    .data.BtnPwr        p_config.o
    0x20000028   0x08006f50   0x00000024   Data   RW         1531    .data.BtnSpeed1     p_config.o
    0x2000004c   0x08006f74   0x00000024   Data   RW         1532    .data.BtnSpeed2     p_config.o
    0x20000070   0x08006f98   0x00000024   Data   RW         1533    .data.BtnSpeed3     p_config.o
    0x20000094   0x08006fbc   0x00000024   Data   RW         1534    .data.BtnTurbo      p_config.o
    0x200000b8   0x08006fe0   0x00000003   Data   RW         1540    .data.DefaultColor  p_config.o
    0x200000bb   0x08006fe3   0x00000001   Data   RW         1646    .data.PreviousBatteryLevel  p_tasks.o
    0x200000bc   0x08006fe4   0x00000001   Data   RW         1632    .data.SendDefaultLEDCommand  p_tasks.o
    0x200000bd   0x08006fe5   0x00000003   PAD
    0x200000c0   0x08006fe8   0x00000004   Data   RW           12    .data.SystemCoreClock  system_mm32spin028x.o
    0x200000c4   0x08006fec   0x00000001   Data   RW         1520    .data.batteryDetected  mci_mock.o
    0x200000c5   0x08006fed   0x00000001   Data   RW         1519    .data.batteryPercentage  mci_mock.o
    0x200000c6   0x08006fee   0x00000001   Data   RW         1518    .data.batteryPercentageInitialised  mci_mock.o
    0x200000c7   0x08006fef   0x00000010   Data   RW          667    .data.tbPresc       hal_rcc.o
    0x200000d7   0x08006fff   0x00000001   PAD
    0x200000d8        -       0x00000060   Zero   RW         1870    .bss                c_p.l(libspace.o)
    0x20000138        -       0x00000004   Zero   RW         1644    .bss.BattEmptyShutdownCounter  p_tasks.o
    0x2000013c        -       0x00000001   Zero   RW         1643    .bss.BattEmptyTimerStarted  p_tasks.o
    0x2000013d   0x08006fff   0x00000001   PAD
    0x2000013e        -       0x00000002   Zero   RW         1641    .bss.BatteryFullLEDCounter  p_tasks.o
    0x20000140        -       0x00000001   Zero   RW         1647    .bss.BatteryIsCharging  p_tasks.o
    0x20000141        -       0x00000001   Zero   RW         1640    .bss.BatteryIsEmpty  p_tasks.o
    0x20000142        -       0x00000001   Zero   RW         1622    .bss.CableInSubState  p_tasks.o
    0x20000143        -       0x00000001   Zero   RW         1639    .bss.ChargingFinished  p_tasks.o
    0x20000144        -       0x00000001   Zero   RW         1635    .bss.CommunicationFaultOccurred  p_tasks.o
    0x20000145   0x08006fff   0x00000001   PAD
    0x20000146        -       0x00000002   Zero   RW         1630    .bss.LEDFlashCounter  p_tasks.o
    0x20000148        -       0x00000001   Zero   RW         1631    .bss.LEDFlashState  p_tasks.o
    0x20000149   0x08006fff   0x00000003   PAD
    0x2000014c        -       0x00000020   Zero   RW         1554    .bss.LEDTransition  p_config.o
    0x2000016c        -       0x00000004   Zero   RW         1384    .bss.LED_Animation_Update.lastTick  led_animation.o
    0x20000170        -       0x00000018   Zero   RW         1553    .bss.MainLED        p_config.o
    0x20000188        -       0x00000001   Zero   RW         1636    .bss.PD_RunSubsystem_RGBW_LED.LEDUpdateCounter  p_tasks.o
    0x20000189   0x08006fff   0x00000003   PAD
    0x2000018c        -       0x00000004   Zero   RW         1637    .bss.PD_RunSubsystem_RGBW_LED.tick  p_tasks.o
    0x20000190        -       0x00000020   Zero   RW         1552    .bss.Product        p_config.o
    0x200001b0        -       0x00000001   Zero   RW         1624    .bss.ShowBatteryLife  p_tasks.o
    0x200001b1        -       0x00000001   Zero   RW         1625    .bss.ShowBatteryLifeConfigured  p_tasks.o
    0x200001b2        -       0x00000002   Zero   RW         1626    .bss.ShowBatteryLifeTimer  p_tasks.o
    0x200001b4        -       0x00000001   Zero   RW         1645    .bss.SleepTriggered  p_tasks.o
    0x200001b5   0x08006fff   0x00000003   PAD
    0x200001b8        -       0x00000004   Zero   RW         1171    .bss.TimUpdateCnt   main.o
    0x200001bc        -       0x00000002   Zero   RW         1638    .bss.UICommand      p_tasks.o
    0x200001be   0x08006fff   0x00000002   PAD
    0x200001c0        -       0x00000004   Zero   RW         1145    .bss._u32Systicks   systick.o
    0x200001c4        -       0x00000004   Zero   RW         1176    .bss.blink_led.last_tick  main.o
    0x200001c8        -       0x00000001   Zero   RW         1177    .bss.blink_led.led_state  main.o
    0x200001c9        -       0x00000001   Zero   RW         1521    .bss.cablePlugged   mci_mock.o
    0x200001ca        -       0x00000100   Zero   RW         1173    .bss.debugBuffer    main.o
    0x200002ca        -       0x00000100   Zero   RW         1628    .bss.debugBuffer    p_tasks.o
    0x200003ca        -       0x00000001   Zero   RW         1172    .bss.dma_transfer_cplt_cnt  main.o
    0x200003cb        -       0x00000001   Zero   RW         1522    .bss.nackedFaults   mci_mock.o
    0x200003cc        -       0x0000011c   Zero   RW         1175    .bss.neopixel       main.o
    0x200004e8        -       0x00000004   Zero   RW         1178    .bss.print_msg.last_tick  main.o
    0x200004ec   0x08006fff   0x00000004   PAD
    0x200004f0        -       0x00000200   Zero   RW           21    HEAP                startup_mm32spin028x_keil.o
    0x200006f0        -       0x00000400   Zero   RW           20    STACK               startup_mm32spin028x_keil.o


==============================================================================

Image component sizes


      Code (inc. data)   RO Data    RW Data    ZI Data      Debug   Object Name

       208         12          0          0          0       1868   board.o
       582          8          0          0          0       5081   bsp_led_pwm.o
       782         20          0          0          0       3425   button.o
       164          8          0          0          0       2531   drv_uart.o
        44          8          0          0          0       6170   hal_dma.o
       426          4          0          0          0       4564   hal_gpio.o
       620         44          0         16          0      16279   hal_rcc.o
      1014         20          0          0          0      23267   hal_tim.o
       292          0          0          0          0       6602   hal_uart.o
      5606        124          0          0          4      18733   led_animation.o
      2082         52          0          0          0      10372   led_transition_manager.o
       748         68        135          0        554       5644   main.o
        98         20          0          3          2       2255   mci_mock.o
         0          0        185        183         88       6483   p_config.o
      5068        604        519          3        283      10557   p_tasks.o
        68         32        192          0       1536        724   startup_mm32spin028x_keil.o
       922         80          0          4          0       3284   system_mm32spin028x.o
       280         24          0          0          4       3749   systick.o

    ----------------------------------------------------------------------
     19022       1128       1064        216       2488     131588   Object Totals
         0          0         32          0          0          0   (incl. Generated)
        18          0          1          7         17          0   (incl. Padding)

    ----------------------------------------------------------------------

      Code (inc. data)   RO Data    RW Data    ZI Data      Debug   Library Member Name

         8          0          0          0          0         68   __main.o
       392          6         17          0          0         76   __printf_flags_ss_wp.o
        14          0          0          0          0         60   __printf_wp.o
         0          0          0          0          0          0   __rtentry.o
        12          0          0          0          0          0   __rtentry2.o
         6          0          0          0          0          0   __rtentry4.o
        60          8          0          0          0          0   __scatter.o
        26          0          0          0          0          0   __scatter_copy.o
        28          0          0          0          0          0   __scatter_zi.o
        66          0          0          0          0         76   _c16rtomb.o
        10          0          0          0          0          0   _printf_a.o
        10          0          0          0          0          0   _printf_c.o
        46          0          0          0          0        100   _printf_char.o
        48          6          0          0          0         88   _printf_char_common.o
        38          0          0          0          0         60   _printf_charcount.o
        10          0          0          0          0          0   _printf_d.o
       108         18          0          0          0         76   _printf_dec.o
        10          0          0          0          0          0   _printf_e.o
        10          0          0          0          0          0   _printf_f.o
      1044         12          0          0          0        116   _printf_fp_dec.o
       728         10         38          0          0         84   _printf_fp_hex.o
       136         16          0          0          0         76   _printf_fp_infnan.o
        10          0          0          0          0          0   _printf_g.o
       152          4         40          0          0        148   _printf_hex_int_ll_ptr.o
        10          0          0          0          0          0   _printf_i.o
       176          0          0          0          0         84   _printf_intcommon.o
        10          0          0          0          0          0   _printf_l.o
        10          0          0          0          0          0   _printf_lc.o
        10          0          0          0          0          0   _printf_ll.o
        10          0          0          0          0          0   _printf_lld.o
        10          0          0          0          0          0   _printf_lli.o
        10          0          0          0          0          0   _printf_llo.o
        10          0          0          0          0          0   _printf_llu.o
        10          0          0          0          0          0   _printf_llx.o
       112         18          0          0          0         76   _printf_longlong_dec.o
        10          0          0          0          0          0   _printf_ls.o
        10          0          0          0          0          0   _printf_n.o
        10          0          0          0          0          0   _printf_o.o
       112         10          0          0          0        112   _printf_oct_int_ll.o
        10          0          0          0          0          0   _printf_p.o
        78          0          0          0          0        100   _printf_pad.o
         2          0          0          0          0          0   _printf_percent.o
         4          0          0          0          0          0   _printf_percent_end.o
        10          0          0          0          0          0   _printf_s.o
        82          0          0          0          0         72   _printf_str.o
        36          0          0          0          0         76   _printf_truncate.o
        10          0          0          0          0          0   _printf_u.o
        46          0          0          0          0        100   _printf_wchar.o
       188          6          8          0          0         80   _printf_wctomb.o
        10          0          0          0          0          0   _printf_x.o
        16          0          0          0          0         60   _snputc.o
       364          4          0          0          0         92   aeabi_sdiv.o
       216          6        148          0          0         80   bigflt0.o
      1456         30          0          0          0        336   btod.o
        16          0          0          0          0         68   exit.o
         6          0          0          0          0        136   heapauxi.o
         0          0          0          0          0          0   indicate_semi.o
        44         10        272          0          0         76   lc_ctype_c.o
        44         10         28          0          0         76   lc_numeric_c.o
         2          0          0          0          0          0   libinit.o
        30          0          0          0          0          0   libinit2.o
         2          0          0          0          0          0   libshutdown.o
         2          0          0          0          0          0   libshutdown2.o
         8          4          0          0         96         68   libspace.o
       122          0          0          0          0         72   lludiv10.o
        16          4          0          0          0         76   rt_ctype_table.o
         8          4          0          0          0         68   rt_locale_intlibspace.o
        64          0          0          0          0        108   rt_memclr.o
       186          0          0          0          0        144   rt_memcpy.o
         2          0          0          0          0          0   rtexit.o
        10          0          0          0          0          0   rtexit2.o
        40          0          0          0          0         60   rtudiv10.o
        64          4          0          0          0         84   snprintf.o
       136          4          0          0          0         72   strcmp.o
        68          6          0          0          0         72   strlen.o
        12          4          0          0          0         60   sys_exit.o
        62          0          0          0          0         80   sys_stackheap_outer.o
         2          0          0          0          0         68   use_no_semi.o
       352         10         64          0          0         92   fdiv.o
        76          0          0          0          0         68   ffixi.o
        94          0          0          0          0         92   fflti.o
       176          4          0          0          0         80   fmul.o
        16          4          0          0          0         76   printf1.o
        16          4          0          0          0         76   printf2.o
         0          0          0          0          0          0   usenofp.o
        44          4          0          0          0         60   fpclassify.o

    ----------------------------------------------------------------------
      7754        230        616          0         96       4228   Library Totals
        14          0          1          0          0          0   (incl. Padding)

    ----------------------------------------------------------------------

      Code (inc. data)   RO Data    RW Data    ZI Data      Debug   Library Name

      6966        204        551          0         96       3684   c_p.l
       730         22         64          0          0        484   fz_ps.l
        44          4          0          0          0         60   m_ps.l

    ----------------------------------------------------------------------
      7754        230        616          0         96       4228   Library Totals

    ----------------------------------------------------------------------

==============================================================================


      Code (inc. data)   RO Data    RW Data    ZI Data      Debug   

     26776       1358       1680        216       2584     133460   Grand Totals
     26776       1358       1680        216       2584     133460   ELF Image Totals
     26776       1358       1680        216          0          0   ROM Totals

==============================================================================

    Total RO  Size (Code + RO Data)                28456 (  27.79kB)
    Total RW  Size (RW Data + ZI Data)              2800 (   2.73kB)
    Total ROM Size (Code + RO Data + RW Data)      28672 (  28.00kB)

==============================================================================

